2026-10-02T01:06:40.2251489Z Current runner version: '2.337.0'
2026-10-02T01:06:40.2280638Z ##[group]Runner Image Provisioner
2026-10-02T01:06:40.2281571Z Hosted Compute Agent
2026-10-02T01:06:40.2282164Z Version: 20260901.588
2026-10-02T01:06:40.2283047Z Commit: f88ec8081b781fac6c440065ac7ff9e710ce3d0b
2026-10-02T01:06:40.2283818Z Build Date: 2026-09-01T19:56:44Z
2026-10-02T01:06:40.2284609Z Worker ID: {378d73d7-42da-4276-ae31-dd588fe904c3}
2026-10-02T01:06:40.2285356Z Azure Region: southcentralus
2026-10-02T01:06:40.2286332Z ##[endgroup]
2026-10-02T01:06:40.2289075Z ##[group]Operating System
2026-10-02T01:06:40.2289767Z Ubuntu
2026-10-02T01:06:40.2290459Z 22.04.5
2026-10-02T01:06:40.2291021Z LTS
2026-10-02T01:06:40.2291563Z ##[endgroup]
2026-10-02T01:06:40.2292212Z ##[group]Runner Image
2026-10-02T01:06:40.2292880Z Image: ubuntu-22.04-arm
2026-10-02T01:06:40.2293547Z Version: 20260927.143.1
2026-10-02T01:06:40.2294960Z Included Software: https://github.com/actions/runner-images/blob/ubuntu22-arm64/20260927.143/images/ubuntu/Ubuntu2204-Arm64-Readme.md
2026-10-02T01:06:40.2296996Z Image Release: https://github.com/actions/runner-images/releases/tag/ubuntu22-arm64%2F20260927.143
2026-10-02T01:06:40.2297979Z ##[endgroup]
2026-10-02T01:06:40.2299183Z ##[group]GITHUB_TOKEN Permissions
2026-10-02T01:06:40.2302599Z Contents: write
2026-10-02T01:06:40.2304161Z Metadata: read
2026-10-02T01:06:40.2304776Z ##[endgroup]
2026-10-02T01:06:40.2307669Z Secret source: Actions
2026-10-02T01:06:40.2309051Z Cache mode: write
2026-10-02T01:06:40.2310231Z Prepare workflow directory
2026-10-02T01:06:40.2701308Z Prepare all required actions
2026-10-02T01:06:40.2755374Z Getting action download info
2026-10-02T01:06:40.5850812Z Download action repository 'actions/checkout@11d5960a326750d5838078e36cf38b85af677262' (SHA:11d5960a326750d5838078e36cf38b85af677262)
2026-10-02T01:06:40.7069576Z Download action repository 'actions/setup-python@ece7cb06caefa5fff74198d8649806c4678c61a1' (SHA:ece7cb06caefa5fff74198d8649806c4678c61a1)
2026-10-02T01:06:41.0512107Z Download action repository 'actions/upload-artifact@ea165f8d65b6e75b540449e92b4886f43607fa02' (SHA:ea165f8d65b6e75b540449e92b4886f43607fa02)
2026-10-02T01:06:41.3120981Z Complete job name: native (ubuntu-22.04-arm, aarch64-unknown-linux-gnu)
2026-10-02T01:06:41.3980337Z ##[group]Run actions/checkout@11d5960a326750d5838078e36cf38b85af677262
2026-10-02T01:06:41.3981953Z with:
2026-10-02T01:06:41.3982757Z   persist-credentials: false
2026-10-02T01:06:41.3983447Z   repository: cyberia-to/trisha
2026-10-02T01:06:41.3988235Z   token: ***
2026-10-02T01:06:41.3988837Z   ssh-strict: true
2026-10-02T01:06:41.3989408Z   ssh-user: git
2026-10-02T01:06:41.3990072Z   clean: true
2026-10-02T01:06:41.3990700Z   sparse-checkout-cone-mode: true
2026-10-02T01:06:41.3991415Z   fetch-depth: 1
2026-10-02T01:06:41.3991988Z   fetch-tags: false
2026-10-02T01:06:41.3992611Z   show-progress: true
2026-10-02T01:06:41.3993230Z   lfs: false
2026-10-02T01:06:41.3993838Z   submodules: false
2026-10-02T01:06:41.3994472Z   set-safe-directory: true
2026-10-02T01:06:41.3995366Z   allow-unsafe-pr-checkout: false
2026-10-02T01:06:41.3997037Z ##[endgroup]
2026-10-02T01:06:41.4861058Z Syncing repository: cyberia-to/trisha
2026-10-02T01:06:41.4863547Z ##[group]Getting Git version info
2026-10-02T01:06:41.4864603Z Working directory is '/home/runner/work/trisha/trisha'
2026-10-02T01:06:41.4866423Z [command]/usr/bin/git version
2026-10-02T01:06:41.4907007Z git version 2.55.0
2026-10-02T01:06:41.4914314Z ##[endgroup]
2026-10-02T01:06:41.4937555Z Temporarily overriding HOME='/home/runner/work/_temp/22eff712-9d30-4598-a61c-abede86aa50e' before making global git config changes
2026-10-02T01:06:41.4939288Z Adding repository directory to the temporary git global config as a safe directory
2026-10-02T01:06:41.4940626Z [command]/usr/bin/git config --global --add safe.directory /home/runner/work/trisha/trisha
2026-10-02T01:06:41.4967985Z Deleting the contents of '/home/runner/work/trisha/trisha'
2026-10-02T01:06:41.5006191Z ##[group]Initializing the repository
2026-10-02T01:06:41.5007829Z [command]/usr/bin/git init /home/runner/work/trisha/trisha
2026-10-02T01:06:41.5063681Z hint: Using 'master' as the name for the initial branch. This default branch name
2026-10-02T01:06:41.5065244Z hint: will change to "main" in Git 3.0. To configure the initial branch name
2026-10-02T01:06:41.5066621Z hint: to use in all of your new repositories, which will suppress this warning,
2026-10-02T01:06:41.5067507Z hint: call:
2026-10-02T01:06:41.5068189Z hint:
2026-10-02T01:06:41.5068863Z hint: 	git config --global init.defaultBranch <name>
2026-10-02T01:06:41.5069645Z hint:
2026-10-02T01:06:41.5070492Z hint: Names commonly chosen instead of 'master' are 'main', 'trunk' and
2026-10-02T01:06:41.5071518Z hint: 'development'. The just-created branch can be renamed via this command:
2026-10-02T01:06:41.5072494Z hint:
2026-10-02T01:06:41.5073053Z hint: 	git branch -m <name>
2026-10-02T01:06:41.5073700Z hint:
2026-10-02T01:06:41.5074483Z hint: Disable this message with "git config set advice.defaultBranchName false"
2026-10-02T01:06:41.5075794Z Initialized empty Git repository in /home/runner/work/trisha/trisha/.git/
2026-10-02T01:06:41.5077948Z [command]/usr/bin/git remote add origin https://github.com/cyberia-to/trisha
2026-10-02T01:06:41.5116460Z ##[endgroup]
2026-10-02T01:06:41.5117627Z ##[group]Disabling automatic garbage collection
2026-10-02T01:06:41.5119542Z [command]/usr/bin/git config --local gc.auto 0
2026-10-02T01:06:41.5150945Z ##[endgroup]
2026-10-02T01:06:41.5152009Z ##[group]Setting up auth
2026-10-02T01:06:41.5160884Z [command]/usr/bin/git config --local --name-only --get-regexp core\.sshCommand
2026-10-02T01:06:41.5185854Z [command]/usr/bin/git submodule foreach --recursive sh -c "git config --local --name-only --get-regexp 'core\.sshCommand' && git config --local --unset-all 'core.sshCommand' || :"
2026-10-02T01:06:41.5511794Z [command]/usr/bin/git config --local --name-only --get-regexp http\.https\:\/\/github\.com\/\.extraheader
2026-10-02T01:06:41.5532959Z [command]/usr/bin/git submodule foreach --recursive sh -c "git config --local --name-only --get-regexp 'http\.https\:\/\/github\.com\/\.extraheader' && git config --local --unset-all 'http.https://github.com/.extraheader' || :"
2026-10-02T01:06:41.5724878Z [command]/usr/bin/git config --local --name-only --get-regexp ^includeIf\.gitdir:
2026-10-02T01:06:41.5755981Z [command]/usr/bin/git submodule foreach --recursive git config --local --show-origin --name-only --get-regexp remote.origin.url
2026-10-02T01:06:41.5946247Z [command]/usr/bin/git config --local http.https://github.com/.extraheader AUTHORIZATION: basic ***
2026-10-02T01:06:41.5983339Z ##[endgroup]
2026-10-02T01:06:41.5984476Z ##[group]Fetching the repository
2026-10-02T01:06:41.5992305Z [command]/usr/bin/git -c protocol.version=2 fetch --no-tags --prune --no-recurse-submodules --depth=1 origin +c94da47247457f9e819c2682e74d34f5f1756f62:refs/remotes/origin/test/0.4-native-distribution-20261002
2026-10-02T01:06:44.4585053Z From https://github.com/cyberia-to/trisha
2026-10-02T01:06:44.4586196Z  * [new ref]         c94da47247457f9e819c2682e74d34f5f1756f62 -> origin/test/0.4-native-distribution-20261002
2026-10-02T01:06:44.4596290Z ##[endgroup]
2026-10-02T01:06:44.4597173Z ##[group]Determining the checkout info
2026-10-02T01:06:44.4597883Z ##[endgroup]
2026-10-02T01:06:44.4598547Z [command]/usr/bin/git sparse-checkout disable
2026-10-02T01:06:44.4632208Z [command]/usr/bin/git config --local --unset-all extensions.worktreeConfig
2026-10-02T01:06:44.4659861Z ##[group]Checking out the ref
2026-10-02T01:06:44.4662131Z [command]/usr/bin/git checkout --progress --force -B test/0.4-native-distribution-20261002 refs/remotes/origin/test/0.4-native-distribution-20261002
2026-10-02T01:06:44.7068710Z Switched to a new branch 'test/0.4-native-distribution-20261002'
2026-10-02T01:06:44.7071179Z branch 'test/0.4-native-distribution-20261002' set up to track 'origin/test/0.4-native-distribution-20261002'.
2026-10-02T01:06:44.7092897Z ##[endgroup]
2026-10-02T01:06:44.7139394Z [command]/usr/bin/git log -1 --format=%H
2026-10-02T01:06:44.7162400Z c94da47247457f9e819c2682e74d34f5f1756f62
2026-10-02T01:06:44.7178582Z ##[group]Removing auth
2026-10-02T01:06:44.7179432Z [command]/usr/bin/git config --local --name-only --get-regexp core\.sshCommand
2026-10-02T01:06:44.7202436Z [command]/usr/bin/git submodule foreach --recursive sh -c "git config --local --name-only --get-regexp 'core\.sshCommand' && git config --local --unset-all 'core.sshCommand' || :"
2026-10-02T01:06:44.7393097Z [command]/usr/bin/git config --local --name-only --get-regexp http\.https\:\/\/github\.com\/\.extraheader
2026-10-02T01:06:44.7414157Z http.https://github.com/.extraheader
2026-10-02T01:06:44.7421322Z [command]/usr/bin/git config --local --unset-all http.https://github.com/.extraheader
2026-10-02T01:06:44.7455022Z [command]/usr/bin/git submodule foreach --recursive sh -c "git config --local --name-only --get-regexp 'http\.https\:\/\/github\.com\/\.extraheader' && git config --local --unset-all 'http.https://github.com/.extraheader' || :"
2026-10-02T01:06:44.7638626Z [command]/usr/bin/git config --local --name-only --get-regexp ^includeIf\.gitdir:
2026-10-02T01:06:44.7666992Z [command]/usr/bin/git submodule foreach --recursive git config --local --show-origin --name-only --get-regexp remote.origin.url
2026-10-02T01:06:44.7852886Z ##[endgroup]
2026-10-02T01:06:44.8115058Z ##[group]Run actions/setup-python@ece7cb06caefa5fff74198d8649806c4678c61a1
2026-10-02T01:06:44.8116112Z with:
2026-10-02T01:06:44.8116413Z   python-version: 3.13.15
2026-10-02T01:06:44.8116687Z   check-latest: false
2026-10-02T01:06:44.8119449Z   token: ***
2026-10-02T01:06:44.8119800Z   update-environment: true
2026-10-02T01:06:44.8120130Z   allow-prereleases: false
2026-10-02T01:06:44.8120549Z   freethreaded: false
2026-10-02T01:06:44.8120823Z ##[endgroup]
2026-10-02T01:06:44.9177440Z ##[group]Installed versions
2026-10-02T01:06:44.9209310Z Successfully set up CPython (3.13.15)
2026-10-02T01:06:44.9210142Z ##[endgroup]
2026-10-02T01:06:44.9370667Z ##[group]Run python3 -B scripts/native-candidate.py
2026-10-02T01:06:44.9371396Z [36;1mpython3 -B scripts/native-candidate.py[0m
2026-10-02T01:06:44.9414670Z shell: /usr/bin/bash --noprofile --norc -e -o pipefail {0}
2026-10-02T01:06:44.9415129Z env:
2026-10-02T01:06:44.9415945Z   pythonLocation: /opt/hostedtoolcache/Python/3.13.15/arm64
2026-10-02T01:06:44.9416514Z   PKG_CONFIG_PATH: /opt/hostedtoolcache/Python/3.13.15/arm64/lib/pkgconfig
2026-10-02T01:06:44.9417000Z   Python_ROOT_DIR: /opt/hostedtoolcache/Python/3.13.15/arm64
2026-10-02T01:06:44.9417559Z   Python2_ROOT_DIR: /opt/hostedtoolcache/Python/3.13.15/arm64
2026-10-02T01:06:44.9417996Z   Python3_ROOT_DIR: /opt/hostedtoolcache/Python/3.13.15/arm64
2026-10-02T01:06:44.9418513Z   LD_LIBRARY_PATH: /opt/hostedtoolcache/Python/3.13.15/arm64/lib
2026-10-02T01:06:44.9421338Z   GH_TOKEN: ***
2026-10-02T01:06:44.9421633Z   RELEASE_TARGET: aarch64-unknown-linux-gnu
2026-10-02T01:06:44.9422049Z ##[endgroup]
2026-10-02T01:07:00.2601886Z Running: /opt/hostedtoolcache/Python/3.13.15/arm64/bin/python3 -B /home/runner/work/_temp/cyber-candidate/unpacked/cyber-source/trisha/scripts/verify-source.py /home/runner/work/_temp/cyber-candidate/unpacked/cyber-source
2026-10-02T01:07:01.6142383Z Running: /opt/hostedtoolcache/Python/3.13.15/arm64/bin/python3 -B /home/runner/work/_temp/cyber-candidate/unpacked/cyber-source/trisha/scripts/selfhost-kit.py unpack --archive /home/runner/work/_temp/cyber-candidate/selfhost-kit.tar.gz --sha256 a3052d95c3de6d622157988a8e74826b2f0140724a634298458c3d75f6b508bd --trident /home/runner/work/_temp/cyber-candidate/unpacked/cyber-source/trident --output /home/runner/work/_temp/cyber-candidate/selfhost-kit
2026-10-02T01:07:05.2528458Z Running: /home/runner/work/_temp/cyber-candidate/z3/z3-4.15.3-arm64-glibc-2.34/bin/z3 --version
2026-10-02T01:07:05.2544387Z Running: rustup toolchain install 1.89.0 --profile minimal
2026-10-02T01:07:11.5759951Z Running: /home/runner/work/_temp/cyber-candidate/nu/nu-0.112.2-aarch64-unknown-linux-gnu/nu --no-config-file /home/runner/work/_temp/cyber-candidate/unpacked/cyber-source/trisha/scripts/build-candidate.nu /home/runner/work/_temp/cyber-candidate/unpacked/cyber-source /home/runner/work/_temp/cyber-candidate/candidate
2026-10-02T01:18:22.5346527Z Running: /opt/hostedtoolcache/Python/3.13.15/arm64/bin/python3 -B /home/runner/work/_temp/cyber-candidate/unpacked/cyber-source/trisha/scripts/selfhost-kit.py smoke --kit /home/runner/work/_temp/cyber-candidate/selfhost-kit --joy /home/runner/work/_temp/cyber-candidate/candidate/bin/joy --trident /home/runner/work/_temp/cyber-candidate/unpacked/cyber-source/trident --output /home/runner/work/trisha/trisha/release-results/installed-selfhost-smoke
2026-10-02T01:18:29.9346866Z Running: cargo test --manifest-path /home/runner/work/_temp/cyber-candidate/unpacked/cyber-source/trident/Cargo.toml --release --locked --no-fail-fast --workspace -- --test-threads=1
2026-10-02T03:02:47.3634957Z Running: cargo test --manifest-path /home/runner/work/_temp/cyber-candidate/unpacked/cyber-source/trisha/Cargo.toml --release --locked --no-fail-fast -p trisha -p trisha-rs -p trisha-neptune -p trisha-honeycrisp -- --test-threads=1
2026-10-02T03:04:17.0205790Z Running: cargo test --manifest-path /home/runner/work/_temp/cyber-candidate/unpacked/cyber-source/joy/Cargo.toml --release --locked --no-fail-fast --workspace -- --test-threads=1
2026-10-02T03:05:35.1381926Z Running: /opt/hostedtoolcache/Python/3.13.15/arm64/bin/python3 -B /home/runner/work/_temp/cyber-candidate/unpacked/cyber-source/joy/scripts/smoke-native.py --joy /home/runner/work/_temp/cyber-candidate/candidate/bin/joy --fixtures /home/runner/work/_temp/cyber-candidate/candidate/share/trisha-release-smoke --output /home/runner/work/trisha/trisha/release-results/joy-native-smoke
2026-10-02T03:05:41.5908860Z Running: /opt/hostedtoolcache/Python/3.13.15/arm64/bin/python3 -B /home/runner/work/_temp/cyber-candidate/unpacked/cyber-source/trisha/audit/native-installed-probes.py /home/runner/work/_temp/cyber-candidate/candidate /home/runner/work/trisha/trisha/release-results/native-process-files.json
2026-10-02T03:05:42.0887604Z Running: cargo test --manifest-path /home/runner/work/_temp/cyber-candidate/unpacked/cyber-source/trisha/Cargo.toml --release --locked -p trisha --test deploy_transaction genuine_transaction_prepare_and_mock_gateway_process -- --ignored --exact --test-threads=1
2026-10-02T03:05:42.6860435Z Running: /home/runner/work/_temp/cyber-candidate/candidate/bin/trisha build /home/runner/work/_temp/cyber-candidate/unpacked/cyber-source/trisha/neptune/tests/fixtures/custom_lock.tri --target neptune --profile release --output /home/runner/work/trisha/trisha/release-results/neptune-lock.tasm
2026-10-02T03:05:42.7102151Z Running: cargo test --manifest-path /home/runner/work/_temp/cyber-candidate/unpacked/cyber-source/trisha/Cargo.toml --release --locked -p trisha-neptune --test deployment genuine_custom_lock_transaction_and_binding_mutations -- --ignored --exact --test-threads=1
2026-10-02T03:05:43.2381920Z Running: /home/runner/work/_temp/cyber-candidate/candidate/bin/trisha bench /home/runner/work/_temp/cyber-candidate/unpacked/cyber-source/trisha/baselines/triton
2026-10-02T03:05:56.9522638Z Running: /home/runner/work/_temp/cyber-candidate/nu/nu-0.112.2-aarch64-unknown-linux-gnu/nu --no-config-file /home/runner/work/_temp/cyber-candidate/unpacked/cyber-source/trisha/scripts/smoke-release.nu /home/runner/work/_temp/cyber-candidate/candidate/bin /home/runner/work/_temp/cyber-candidate/smoke пробел
2026-10-02T03:09:47.8199329Z Running: /opt/hostedtoolcache/Python/3.13.15/arm64/bin/python3 -B /home/runner/work/_temp/cyber-candidate/unpacked/cyber-source/trisha/scripts/verify-corpus.py /home/runner/work/_temp/cyber-candidate/smoke пробел --seal
2026-10-02T03:09:48.5565719Z Running: /opt/hostedtoolcache/Python/3.13.15/arm64/bin/python3 -B /home/runner/work/_temp/cyber-candidate/unpacked/cyber-source/trisha/scripts/verify-corpus.py /home/runner/work/_temp/cyber-candidate/smoke пробел --candidate /home/runner/work/_temp/cyber-candidate/candidate --receipt /home/runner/work/trisha/trisha/release-results/local-corpus-verification.json
2026-10-02T03:09:54.7991579Z Running: /home/runner/work/_temp/cyber-candidate/nu/nu-0.112.2-aarch64-unknown-linux-gnu/nu --no-config-file /home/runner/work/_temp/cyber-candidate/unpacked/cyber-source/trisha/scripts/package-binaries.nu /home/runner/work/_temp/cyber-candidate/candidate /home/runner/work/trisha/trisha/release-results/cyber-tools-aarch64-unknown-linux-gnu.tar.gz --smoke /home/runner/work/_temp/cyber-candidate/smoke пробел/smoke.json --selfhost-kit /home/runner/work/_temp/cyber-candidate/selfhost-kit.tar.gz --selfhost-kit-sha256 a3052d95c3de6d622157988a8e74826b2f0140724a634298458c3d75f6b508bd --selfhost-smoke /home/runner/work/trisha/trisha/release-results/installed-selfhost-smoke/receipt.json
2026-10-02T03:10:00.2140650Z Running: /home/runner/work/_temp/cyber-candidate/nu/nu-0.112.2-aarch64-unknown-linux-gnu/nu --no-config-file /home/runner/work/_temp/cyber-candidate/unpacked/cyber-source/trisha/scripts/package-binaries.nu /home/runner/work/_temp/cyber-candidate/candidate /home/runner/work/_temp/cyber-candidate/repacked.tar.gz --smoke /home/runner/work/_temp/cyber-candidate/smoke пробел/smoke.json --selfhost-kit /home/runner/work/_temp/cyber-candidate/selfhost-kit.tar.gz --selfhost-kit-sha256 a3052d95c3de6d622157988a8e74826b2f0140724a634298458c3d75f6b508bd --selfhost-smoke /home/runner/work/trisha/trisha/release-results/installed-selfhost-smoke/receipt.json
2026-10-02T03:10:05.8648400Z Running: /opt/hostedtoolcache/Python/3.13.15/arm64/bin/python3 -B /home/runner/work/_temp/cyber-candidate/unpacked/cyber-source/trisha/scripts/selfhost-kit.py smoke --kit /home/runner/work/_temp/cyber-candidate/installed/cyber-tools/share/trident-selfhost --joy /home/runner/work/_temp/cyber-candidate/installed/cyber-tools/bin/joy --trident /home/runner/work/_temp/cyber-candidate/unpacked/cyber-source/trident --output /home/runner/work/trisha/trisha/release-results/unpacked-selfhost-smoke
2026-10-02T03:10:13.2721786Z Running: /opt/hostedtoolcache/Python/3.13.15/arm64/bin/python3 -B /home/runner/work/_temp/cyber-candidate/unpacked/cyber-source/trisha/scripts/smoke-lsp.py /home/runner/work/_temp/cyber-candidate/installed/cyber-tools/bin/trident-lsp
2026-10-02T03:10:13.3253862Z Running: /opt/hostedtoolcache/Python/3.13.15/arm64/bin/python3 -B /home/runner/work/_temp/cyber-candidate/unpacked/cyber-source/trisha/scripts/archive-source.py /home/runner/work/_temp/cyber-candidate/smoke пробел /home/runner/work/trisha/trisha/release-results/proof-corpus-aarch64-unknown-linux-gnu.tar.gz --prefix proof-corpus --epoch 0
2026-10-02T03:10:14.6869693Z ##[group]Run actions/upload-artifact@ea165f8d65b6e75b540449e92b4886f43607fa02
2026-10-02T03:10:14.6870113Z with:
2026-10-02T03:10:14.6870311Z   name: candidate-aarch64-unknown-linux-gnu
2026-10-02T03:10:14.6870586Z   path: release-results/
2026-10-02T03:10:14.6870792Z   if-no-files-found: error
2026-10-02T03:10:14.6870997Z   retention-days: 30
2026-10-02T03:10:14.6871212Z   compression-level: 6
2026-10-02T03:10:14.6871434Z   overwrite: false
2026-10-02T03:10:14.6871649Z   include-hidden-files: false
2026-10-02T03:10:14.6871854Z env:
2026-10-02T03:10:14.6872083Z   pythonLocation: /opt/hostedtoolcache/Python/3.13.15/arm64
2026-10-02T03:10:14.6872486Z   PKG_CONFIG_PATH: /opt/hostedtoolcache/Python/3.13.15/arm64/lib/pkgconfig
2026-10-02T03:10:14.6872887Z   Python_ROOT_DIR: /opt/hostedtoolcache/Python/3.13.15/arm64
2026-10-02T03:10:14.6873245Z   Python2_ROOT_DIR: /opt/hostedtoolcache/Python/3.13.15/arm64
2026-10-02T03:10:14.6873651Z   Python3_ROOT_DIR: /opt/hostedtoolcache/Python/3.13.15/arm64
2026-10-02T03:10:14.6874021Z   LD_LIBRARY_PATH: /opt/hostedtoolcache/Python/3.13.15/arm64/lib
2026-10-02T03:10:14.6874321Z ##[endgroup]
2026-10-02T03:10:14.8337110Z (node:26335) [DEP0040] DeprecationWarning: The `punycode` module is deprecated. Please use a userland alternative instead.
2026-10-02T03:10:14.8337881Z (Use `node --trace-deprecation ...` to show where the warning was created)
2026-10-02T03:10:14.8791169Z With the provided path, there will be 267 files uploaded
2026-10-02T03:10:14.8796176Z Artifact name is valid!
2026-10-02T03:10:14.8797046Z Root directory input is valid!
2026-10-02T03:10:15.1788252Z Beginning upload of artifact content to blob storage
2026-10-02T03:10:15.4181875Z (node:26335) [DEP0169] DeprecationWarning: `url.parse()` behavior is not standardized and prone to errors that have security implications. Use the WHATWG URL API instead. CVEs are not issued for `url.parse()` vulnerabilities.
2026-10-02T03:10:15.9143245Z Uploaded bytes 8388608
2026-10-02T03:10:16.0908114Z Uploaded bytes 16777216
2026-10-02T03:10:16.1740086Z Uploaded bytes 25165824
2026-10-02T03:10:16.4046767Z Uploaded bytes 33554432
2026-10-02T03:10:16.7734155Z Uploaded bytes 41943040
2026-10-02T03:10:17.0520622Z Uploaded bytes 50331648
2026-10-02T03:10:17.0926330Z Uploaded bytes 58720256
2026-10-02T03:10:17.3270433Z Uploaded bytes 67108864
2026-10-02T03:10:17.5736558Z Uploaded bytes 75497472
2026-10-02T03:10:17.7335455Z Uploaded bytes 81182616
2026-10-02T03:10:17.7737391Z Finished uploading artifact content to blob storage!
2026-10-02T03:10:17.7739547Z SHA256 digest of uploaded artifact zip is ccc1174519e4c55444b12ba9cd89674eca3479c9f5df1e64a1f3126efd222031
2026-10-02T03:10:17.7741560Z Finalizing artifact upload
2026-10-02T03:10:18.0661946Z Artifact candidate-aarch64-unknown-linux-gnu.zip successfully finalized. Artifact ID 11207645268
2026-10-02T03:10:18.0662951Z Artifact candidate-aarch64-unknown-linux-gnu has been successfully uploaded! Final size is 81182616 bytes. Artifact ID is 11207645268
2026-10-02T03:10:18.0671380Z Artifact download URL: https://github.com/cyberia-to/trisha/actions/runs/36949324686/artifacts/11207645268
2026-10-02T03:10:18.0886123Z Post job cleanup.
2026-10-02T03:10:18.2091485Z Post job cleanup.
2026-10-02T03:10:18.2896719Z [command]/usr/bin/git version
2026-10-02T03:10:18.2940454Z git version 2.55.0
2026-10-02T03:10:18.3008807Z Temporarily overriding HOME='/home/runner/work/_temp/a4f79113-e534-4764-b0b3-3a935dd9381d' before making global git config changes
2026-10-02T03:10:18.3018499Z Adding repository directory to the temporary git global config as a safe directory
2026-10-02T03:10:18.3019504Z [command]/usr/bin/git config --global --add safe.directory /home/runner/work/trisha/trisha
2026-10-02T03:10:18.3062879Z [command]/usr/bin/git config --local --name-only --get-regexp core\.sshCommand
2026-10-02T03:10:18.3127648Z [command]/usr/bin/git submodule foreach --recursive sh -c "git config --local --name-only --get-regexp 'core\.sshCommand' && git config --local --unset-all 'core.sshCommand' || :"
2026-10-02T03:10:18.3473739Z [command]/usr/bin/git config --local --name-only --get-regexp http\.https\:\/\/github\.com\/\.extraheader
2026-10-02T03:10:18.3531540Z [command]/usr/bin/git submodule foreach --recursive sh -c "git config --local --name-only --get-regexp 'http\.https\:\/\/github\.com\/\.extraheader' && git config --local --unset-all 'http.https://github.com/.extraheader' || :"
2026-10-02T03:10:18.3849590Z [command]/usr/bin/git config --local --name-only --get-regexp ^includeIf\.gitdir:
2026-10-02T03:10:18.3889335Z [command]/usr/bin/git submodule foreach --recursive git config --local --show-origin --name-only --get-regexp remote.origin.url
2026-10-02T03:10:18.4268726Z Cleaning up orphan processes
2026-10-02T03:10:18.4626796Z ##[warning]Node.js 20 is deprecated. The following actions target Node.js 20 but are being forced to run on Node.js 24: actions/checkout@11d5960a326750d5838078e36cf38b85af677262, actions/upload-artifact@ea165f8d65b6e75b540449e92b4886f43607fa02. For more information see: https://github.blog/changelog/2025-09-19-deprecation-of-node-20-on-github-actions-runners/
