2026-10-02T01:06:37.9963494Z Current runner version: '2.337.0'
2026-10-02T01:06:37.9988006Z ##[group]Runner Image Provisioner
2026-10-02T01:06:37.9988875Z Hosted Compute Agent
2026-10-02T01:06:37.9989589Z Version: 20260901.588
2026-10-02T01:06:37.9990281Z Commit: f88ec8081b781fac6c440065ac7ff9e710ce3d0b
2026-10-02T01:06:37.9991039Z Build Date: 2026-09-01T19:56:44Z
2026-10-02T01:06:37.9991868Z Worker ID: {9f0cbac5-9059-47ba-8005-a881d0ad3c16}
2026-10-02T01:06:37.9992610Z Azure Region: northcentralus
2026-10-02T01:06:37.9993307Z ##[endgroup]
2026-10-02T01:06:37.9994801Z ##[group]Operating System
2026-10-02T01:06:37.9995496Z Ubuntu
2026-10-02T01:06:37.9996131Z 22.04.5
2026-10-02T01:06:37.9996993Z LTS
2026-10-02T01:06:37.9997653Z ##[endgroup]
2026-10-02T01:06:37.9998342Z ##[group]Runner Image
2026-10-02T01:06:37.9998991Z Image: ubuntu-22.04
2026-10-02T01:06:37.9999673Z Version: 20260927.309.1
2026-10-02T01:06:38.0000951Z Included Software: https://github.com/actions/runner-images/blob/ubuntu22/20260927.309/images/ubuntu/Ubuntu2204-Readme.md
2026-10-02T01:06:38.0002652Z Image Release: https://github.com/actions/runner-images/releases/tag/ubuntu22%2F20260927.309
2026-10-02T01:06:38.0003734Z ##[endgroup]
2026-10-02T01:06:38.0004898Z ##[group]GITHUB_TOKEN Permissions
2026-10-02T01:06:38.0007152Z Contents: write
2026-10-02T01:06:38.0008280Z Metadata: read
2026-10-02T01:06:38.0008887Z ##[endgroup]
2026-10-02T01:06:38.0010961Z Secret source: Actions
2026-10-02T01:06:38.0012088Z Cache mode: write
2026-10-02T01:06:38.0012811Z Prepare workflow directory
2026-10-02T01:06:38.0363171Z Prepare all required actions
2026-10-02T01:06:38.0410655Z Getting action download info
2026-10-02T01:06:38.3112633Z Download action repository 'actions/checkout@11d5960a326750d5838078e36cf38b85af677262' (SHA:11d5960a326750d5838078e36cf38b85af677262)
2026-10-02T01:06:38.4605223Z Download action repository 'actions/setup-python@ece7cb06caefa5fff74198d8649806c4678c61a1' (SHA:ece7cb06caefa5fff74198d8649806c4678c61a1)
2026-10-02T01:06:38.6030839Z Download action repository 'actions/upload-artifact@ea165f8d65b6e75b540449e92b4886f43607fa02' (SHA:ea165f8d65b6e75b540449e92b4886f43607fa02)
2026-10-02T01:06:38.9152488Z Complete job name: native (ubuntu-22.04, x86_64-unknown-linux-gnu)
2026-10-02T01:06:38.9978216Z ##[group]Run actions/checkout@11d5960a326750d5838078e36cf38b85af677262
2026-10-02T01:06:38.9979396Z with:
2026-10-02T01:06:38.9979900Z   persist-credentials: false
2026-10-02T01:06:38.9980469Z   repository: cyberia-to/trisha
2026-10-02T01:06:38.9984411Z   token: ***
2026-10-02T01:06:38.9984892Z   ssh-strict: true
2026-10-02T01:06:38.9985364Z   ssh-user: git
2026-10-02T01:06:38.9985822Z   clean: true
2026-10-02T01:06:38.9986308Z   sparse-checkout-cone-mode: true
2026-10-02T01:06:38.9987086Z   fetch-depth: 1
2026-10-02T01:06:38.9987554Z   fetch-tags: false
2026-10-02T01:06:38.9988035Z   show-progress: true
2026-10-02T01:06:38.9988521Z   lfs: false
2026-10-02T01:06:38.9988984Z   submodules: false
2026-10-02T01:06:38.9989511Z   set-safe-directory: true
2026-10-02T01:06:38.9990066Z   allow-unsafe-pr-checkout: false
2026-10-02T01:06:38.9990925Z ##[endgroup]
2026-10-02T01:06:39.1098258Z Syncing repository: cyberia-to/trisha
2026-10-02T01:06:39.1100981Z ##[group]Getting Git version info
2026-10-02T01:06:39.1102310Z Working directory is '/home/runner/work/trisha/trisha'
2026-10-02T01:06:39.1104115Z [command]/usr/bin/git version
2026-10-02T01:06:39.1137144Z git version 2.55.0
2026-10-02T01:06:39.1194281Z ##[endgroup]
2026-10-02T01:06:39.1211093Z Temporarily overriding HOME='/home/runner/work/_temp/3a99ae17-472d-4154-afd7-f9be19e60281' before making global git config changes
2026-10-02T01:06:39.1214796Z Adding repository directory to the temporary git global config as a safe directory
2026-10-02T01:06:39.1218242Z [command]/usr/bin/git config --global --add safe.directory /home/runner/work/trisha/trisha
2026-10-02T01:06:39.1260367Z Deleting the contents of '/home/runner/work/trisha/trisha'
2026-10-02T01:06:39.1266500Z ##[group]Initializing the repository
2026-10-02T01:06:39.1271605Z [command]/usr/bin/git init /home/runner/work/trisha/trisha
2026-10-02T01:06:39.1388729Z hint: Using 'master' as the name for the initial branch. This default branch name
2026-10-02T01:06:39.1391221Z hint: will change to "main" in Git 3.0. To configure the initial branch name
2026-10-02T01:06:39.1392897Z hint: to use in all of your new repositories, which will suppress this warning,
2026-10-02T01:06:39.1394233Z hint: call:
2026-10-02T01:06:39.1395131Z hint:
2026-10-02T01:06:39.1396023Z hint: 	git config --global init.defaultBranch <name>
2026-10-02T01:06:39.1397366Z hint:
2026-10-02T01:06:39.1398404Z hint: Names commonly chosen instead of 'master' are 'main', 'trunk' and
2026-10-02T01:06:39.1400091Z hint: 'development'. The just-created branch can be renamed via this command:
2026-10-02T01:06:39.1402473Z hint:
2026-10-02T01:06:39.1403213Z hint: 	git branch -m <name>
2026-10-02T01:06:39.1404048Z hint:
2026-10-02T01:06:39.1405196Z hint: Disable this message with "git config set advice.defaultBranchName false"
2026-10-02T01:06:39.1407380Z Initialized empty Git repository in /home/runner/work/trisha/trisha/.git/
2026-10-02T01:06:39.1410415Z [command]/usr/bin/git remote add origin https://github.com/cyberia-to/trisha
2026-10-02T01:06:39.1446259Z ##[endgroup]
2026-10-02T01:06:39.1447995Z ##[group]Disabling automatic garbage collection
2026-10-02T01:06:39.1450244Z [command]/usr/bin/git config --local gc.auto 0
2026-10-02T01:06:39.1486018Z ##[endgroup]
2026-10-02T01:06:39.1487639Z ##[group]Setting up auth
2026-10-02T01:06:39.1493630Z [command]/usr/bin/git config --local --name-only --get-regexp core\.sshCommand
2026-10-02T01:06:39.1529408Z [command]/usr/bin/git submodule foreach --recursive sh -c "git config --local --name-only --get-regexp 'core\.sshCommand' && git config --local --unset-all 'core.sshCommand' || :"
2026-10-02T01:06:39.1926548Z [command]/usr/bin/git config --local --name-only --get-regexp http\.https\:\/\/github\.com\/\.extraheader
2026-10-02T01:06:39.1994310Z [command]/usr/bin/git submodule foreach --recursive sh -c "git config --local --name-only --get-regexp 'http\.https\:\/\/github\.com\/\.extraheader' && git config --local --unset-all 'http.https://github.com/.extraheader' || :"
2026-10-02T01:06:39.2283165Z [command]/usr/bin/git config --local --name-only --get-regexp ^includeIf\.gitdir:
2026-10-02T01:06:39.2325564Z [command]/usr/bin/git submodule foreach --recursive git config --local --show-origin --name-only --get-regexp remote.origin.url
2026-10-02T01:06:39.2588404Z [command]/usr/bin/git config --local http.https://github.com/.extraheader AUTHORIZATION: basic ***
2026-10-02T01:06:39.2632172Z ##[endgroup]
2026-10-02T01:06:39.2633040Z ##[group]Fetching the repository
2026-10-02T01:06:39.2642024Z [command]/usr/bin/git -c protocol.version=2 fetch --no-tags --prune --no-recurse-submodules --depth=1 origin +c94da47247457f9e819c2682e74d34f5f1756f62:refs/remotes/origin/test/0.4-native-distribution-20261002
2026-10-02T01:06:41.6504697Z From https://github.com/cyberia-to/trisha
2026-10-02T01:06:41.6508132Z  * [new ref]         c94da47247457f9e819c2682e74d34f5f1756f62 -> origin/test/0.4-native-distribution-20261002
2026-10-02T01:06:41.6513737Z ##[endgroup]
2026-10-02T01:06:41.6515672Z ##[group]Determining the checkout info
2026-10-02T01:06:41.6518279Z ##[endgroup]
2026-10-02T01:06:41.6519671Z [command]/usr/bin/git sparse-checkout disable
2026-10-02T01:06:41.6572934Z [command]/usr/bin/git config --local --unset-all extensions.worktreeConfig
2026-10-02T01:06:41.6612596Z ##[group]Checking out the ref
2026-10-02T01:06:41.6617838Z [command]/usr/bin/git checkout --progress --force -B test/0.4-native-distribution-20261002 refs/remotes/origin/test/0.4-native-distribution-20261002
2026-10-02T01:06:42.0118026Z Switched to a new branch 'test/0.4-native-distribution-20261002'
2026-10-02T01:06:42.0121126Z branch 'test/0.4-native-distribution-20261002' set up to track 'origin/test/0.4-native-distribution-20261002'.
2026-10-02T01:06:42.0168745Z ##[endgroup]
2026-10-02T01:06:42.0215705Z [command]/usr/bin/git log -1 --format=%H
2026-10-02T01:06:42.0247134Z c94da47247457f9e819c2682e74d34f5f1756f62
2026-10-02T01:06:42.0256376Z ##[group]Removing auth
2026-10-02T01:06:42.0260401Z [command]/usr/bin/git config --local --name-only --get-regexp core\.sshCommand
2026-10-02T01:06:42.0297043Z [command]/usr/bin/git submodule foreach --recursive sh -c "git config --local --name-only --get-regexp 'core\.sshCommand' && git config --local --unset-all 'core.sshCommand' || :"
2026-10-02T01:06:42.0561179Z [command]/usr/bin/git config --local --name-only --get-regexp http\.https\:\/\/github\.com\/\.extraheader
2026-10-02T01:06:42.0589302Z http.https://github.com/.extraheader
2026-10-02T01:06:42.0596187Z [command]/usr/bin/git config --local --unset-all http.https://github.com/.extraheader
2026-10-02T01:06:42.0636095Z [command]/usr/bin/git submodule foreach --recursive sh -c "git config --local --name-only --get-regexp 'http\.https\:\/\/github\.com\/\.extraheader' && git config --local --unset-all 'http.https://github.com/.extraheader' || :"
2026-10-02T01:06:42.0892160Z [command]/usr/bin/git config --local --name-only --get-regexp ^includeIf\.gitdir:
2026-10-02T01:06:42.0926975Z [command]/usr/bin/git submodule foreach --recursive git config --local --show-origin --name-only --get-regexp remote.origin.url
2026-10-02T01:06:42.1179247Z ##[endgroup]
2026-10-02T01:06:42.1444677Z ##[group]Run actions/setup-python@ece7cb06caefa5fff74198d8649806c4678c61a1
2026-10-02T01:06:42.1445162Z with:
2026-10-02T01:06:42.1445380Z   python-version: 3.13.15
2026-10-02T01:06:42.1445633Z   check-latest: false
2026-10-02T01:06:42.1448442Z   token: ***
2026-10-02T01:06:42.1448715Z   update-environment: true
2026-10-02T01:06:42.1448993Z   allow-prereleases: false
2026-10-02T01:06:42.1449231Z   freethreaded: false
2026-10-02T01:06:42.1449456Z ##[endgroup]
2026-10-02T01:06:42.2811461Z ##[group]Installed versions
2026-10-02T01:06:42.3141864Z Successfully set up CPython (3.13.15)
2026-10-02T01:06:42.3142807Z ##[endgroup]
2026-10-02T01:06:42.3407865Z ##[group]Run python3 -B scripts/native-candidate.py
2026-10-02T01:06:42.3408665Z [36;1mpython3 -B scripts/native-candidate.py[0m
2026-10-02T01:06:42.4223484Z shell: /usr/bin/bash --noprofile --norc -e -o pipefail {0}
2026-10-02T01:06:42.4223884Z env:
2026-10-02T01:06:42.4224183Z   pythonLocation: /opt/hostedtoolcache/Python/3.13.15/x64
2026-10-02T01:06:42.4224659Z   PKG_CONFIG_PATH: /opt/hostedtoolcache/Python/3.13.15/x64/lib/pkgconfig
2026-10-02T01:06:42.4225128Z   Python_ROOT_DIR: /opt/hostedtoolcache/Python/3.13.15/x64
2026-10-02T01:06:42.4225532Z   Python2_ROOT_DIR: /opt/hostedtoolcache/Python/3.13.15/x64
2026-10-02T01:06:42.4225944Z   Python3_ROOT_DIR: /opt/hostedtoolcache/Python/3.13.15/x64
2026-10-02T01:06:42.4226345Z   LD_LIBRARY_PATH: /opt/hostedtoolcache/Python/3.13.15/x64/lib
2026-10-02T01:06:42.4229187Z   GH_TOKEN: ***
2026-10-02T01:06:42.4229437Z   RELEASE_TARGET: x86_64-unknown-linux-gnu
2026-10-02T01:06:42.4229736Z ##[endgroup]
2026-10-02T01:07:02.2773136Z Running: /opt/hostedtoolcache/Python/3.13.15/x64/bin/python3 -B /home/runner/work/_temp/cyber-candidate/unpacked/cyber-source/trisha/scripts/verify-source.py /home/runner/work/_temp/cyber-candidate/unpacked/cyber-source
2026-10-02T01:07:04.3076069Z Running: /opt/hostedtoolcache/Python/3.13.15/x64/bin/python3 -B /home/runner/work/_temp/cyber-candidate/unpacked/cyber-source/trisha/scripts/selfhost-kit.py unpack --archive /home/runner/work/_temp/cyber-candidate/selfhost-kit.tar.gz --sha256 a3052d95c3de6d622157988a8e74826b2f0140724a634298458c3d75f6b508bd --trident /home/runner/work/_temp/cyber-candidate/unpacked/cyber-source/trident --output /home/runner/work/_temp/cyber-candidate/selfhost-kit
2026-10-02T01:07:07.1464781Z Running: /home/runner/work/_temp/cyber-candidate/z3/z3_solver-4.15.3.0.data/data/bin/z3 --version
2026-10-02T01:07:07.1490903Z Running: rustup toolchain install 1.89.0 --profile minimal
2026-10-02T01:07:15.1573318Z Running: /home/runner/work/_temp/cyber-candidate/nu/nu-0.112.2-x86_64-unknown-linux-gnu/nu --no-config-file /home/runner/work/_temp/cyber-candidate/unpacked/cyber-source/trisha/scripts/build-candidate.nu /home/runner/work/_temp/cyber-candidate/unpacked/cyber-source /home/runner/work/_temp/cyber-candidate/candidate
2026-10-02T01:17:54.0630860Z Running: /opt/hostedtoolcache/Python/3.13.15/x64/bin/python3 -B /home/runner/work/_temp/cyber-candidate/unpacked/cyber-source/trisha/scripts/selfhost-kit.py smoke --kit /home/runner/work/_temp/cyber-candidate/selfhost-kit --joy /home/runner/work/_temp/cyber-candidate/candidate/bin/joy --trident /home/runner/work/_temp/cyber-candidate/unpacked/cyber-source/trident --output /home/runner/work/trisha/trisha/release-results/installed-selfhost-smoke
2026-10-02T01:18:06.3072208Z Running: cargo test --manifest-path /home/runner/work/_temp/cyber-candidate/unpacked/cyber-source/trident/Cargo.toml --release --locked --no-fail-fast --workspace -- --test-threads=1
2026-10-02T03:58:34.0005731Z Running: cargo test --manifest-path /home/runner/work/_temp/cyber-candidate/unpacked/cyber-source/trisha/Cargo.toml --release --locked --no-fail-fast -p trisha -p trisha-rs -p trisha-neptune -p trisha-honeycrisp -- --test-threads=1
2026-10-02T04:00:06.0419404Z Running: cargo test --manifest-path /home/runner/work/_temp/cyber-candidate/unpacked/cyber-source/joy/Cargo.toml --release --locked --no-fail-fast --workspace -- --test-threads=1
2026-10-02T04:01:48.1223030Z Running: /opt/hostedtoolcache/Python/3.13.15/x64/bin/python3 -B /home/runner/work/_temp/cyber-candidate/unpacked/cyber-source/joy/scripts/smoke-native.py --joy /home/runner/work/_temp/cyber-candidate/candidate/bin/joy --fixtures /home/runner/work/_temp/cyber-candidate/candidate/share/trisha-release-smoke --output /home/runner/work/trisha/trisha/release-results/joy-native-smoke
2026-10-02T04:01:58.4753925Z Running: /opt/hostedtoolcache/Python/3.13.15/x64/bin/python3 -B /home/runner/work/_temp/cyber-candidate/unpacked/cyber-source/trisha/audit/native-installed-probes.py /home/runner/work/_temp/cyber-candidate/candidate /home/runner/work/trisha/trisha/release-results/native-process-files.json
2026-10-02T04:01:59.0313055Z Running: cargo test --manifest-path /home/runner/work/_temp/cyber-candidate/unpacked/cyber-source/trisha/Cargo.toml --release --locked -p trisha --test deploy_transaction genuine_transaction_prepare_and_mock_gateway_process -- --ignored --exact --test-threads=1
2026-10-02T04:01:59.7713561Z Running: /home/runner/work/_temp/cyber-candidate/candidate/bin/trisha build /home/runner/work/_temp/cyber-candidate/unpacked/cyber-source/trisha/neptune/tests/fixtures/custom_lock.tri --target neptune --profile release --output /home/runner/work/trisha/trisha/release-results/neptune-lock.tasm
2026-10-02T04:01:59.8076828Z Running: cargo test --manifest-path /home/runner/work/_temp/cyber-candidate/unpacked/cyber-source/trisha/Cargo.toml --release --locked -p trisha-neptune --test deployment genuine_custom_lock_transaction_and_binding_mutations -- --ignored --exact --test-threads=1
2026-10-02T04:02:00.4478783Z Running: /home/runner/work/_temp/cyber-candidate/candidate/bin/trisha bench /home/runner/work/_temp/cyber-candidate/unpacked/cyber-source/trisha/baselines/triton
2026-10-02T04:02:15.8448232Z Running: /home/runner/work/_temp/cyber-candidate/nu/nu-0.112.2-x86_64-unknown-linux-gnu/nu --no-config-file /home/runner/work/_temp/cyber-candidate/unpacked/cyber-source/trisha/scripts/smoke-release.nu /home/runner/work/_temp/cyber-candidate/candidate/bin /home/runner/work/_temp/cyber-candidate/smoke пробел
2026-10-02T04:09:39.3971419Z Running: /opt/hostedtoolcache/Python/3.13.15/x64/bin/python3 -B /home/runner/work/_temp/cyber-candidate/unpacked/cyber-source/trisha/scripts/verify-corpus.py /home/runner/work/_temp/cyber-candidate/smoke пробел --seal
2026-10-02T04:09:40.2273715Z Running: /opt/hostedtoolcache/Python/3.13.15/x64/bin/python3 -B /home/runner/work/_temp/cyber-candidate/unpacked/cyber-source/trisha/scripts/verify-corpus.py /home/runner/work/_temp/cyber-candidate/smoke пробел --candidate /home/runner/work/_temp/cyber-candidate/candidate --receipt /home/runner/work/trisha/trisha/release-results/local-corpus-verification.json
2026-10-02T04:09:50.1411105Z Running: /home/runner/work/_temp/cyber-candidate/nu/nu-0.112.2-x86_64-unknown-linux-gnu/nu --no-config-file /home/runner/work/_temp/cyber-candidate/unpacked/cyber-source/trisha/scripts/package-binaries.nu /home/runner/work/_temp/cyber-candidate/candidate /home/runner/work/trisha/trisha/release-results/cyber-tools-x86_64-unknown-linux-gnu.tar.gz --smoke /home/runner/work/_temp/cyber-candidate/smoke пробел/smoke.json --selfhost-kit /home/runner/work/_temp/cyber-candidate/selfhost-kit.tar.gz --selfhost-kit-sha256 a3052d95c3de6d622157988a8e74826b2f0140724a634298458c3d75f6b508bd --selfhost-smoke /home/runner/work/trisha/trisha/release-results/installed-selfhost-smoke/receipt.json
2026-10-02T04:09:58.6357116Z Running: /home/runner/work/_temp/cyber-candidate/nu/nu-0.112.2-x86_64-unknown-linux-gnu/nu --no-config-file /home/runner/work/_temp/cyber-candidate/unpacked/cyber-source/trisha/scripts/package-binaries.nu /home/runner/work/_temp/cyber-candidate/candidate /home/runner/work/_temp/cyber-candidate/repacked.tar.gz --smoke /home/runner/work/_temp/cyber-candidate/smoke пробел/smoke.json --selfhost-kit /home/runner/work/_temp/cyber-candidate/selfhost-kit.tar.gz --selfhost-kit-sha256 a3052d95c3de6d622157988a8e74826b2f0140724a634298458c3d75f6b508bd --selfhost-smoke /home/runner/work/trisha/trisha/release-results/installed-selfhost-smoke/receipt.json
2026-10-02T04:10:07.3174012Z Running: /opt/hostedtoolcache/Python/3.13.15/x64/bin/python3 -B /home/runner/work/_temp/cyber-candidate/unpacked/cyber-source/trisha/scripts/selfhost-kit.py smoke --kit /home/runner/work/_temp/cyber-candidate/installed/cyber-tools/share/trident-selfhost --joy /home/runner/work/_temp/cyber-candidate/installed/cyber-tools/bin/joy --trident /home/runner/work/_temp/cyber-candidate/unpacked/cyber-source/trident --output /home/runner/work/trisha/trisha/release-results/unpacked-selfhost-smoke
2026-10-02T04:10:19.0671102Z Running: /opt/hostedtoolcache/Python/3.13.15/x64/bin/python3 -B /home/runner/work/_temp/cyber-candidate/unpacked/cyber-source/trisha/scripts/smoke-lsp.py /home/runner/work/_temp/cyber-candidate/installed/cyber-tools/bin/trident-lsp
2026-10-02T04:10:19.1392838Z Running: /opt/hostedtoolcache/Python/3.13.15/x64/bin/python3 -B /home/runner/work/_temp/cyber-candidate/unpacked/cyber-source/trisha/scripts/archive-source.py /home/runner/work/_temp/cyber-candidate/smoke пробел /home/runner/work/trisha/trisha/release-results/proof-corpus-x86_64-unknown-linux-gnu.tar.gz --prefix proof-corpus --epoch 0
2026-10-02T04:10:20.7750989Z ##[group]Run actions/upload-artifact@ea165f8d65b6e75b540449e92b4886f43607fa02
2026-10-02T04:10:20.7751474Z with:
2026-10-02T04:10:20.7751701Z   name: candidate-x86_64-unknown-linux-gnu
2026-10-02T04:10:20.7751997Z   path: release-results/
2026-10-02T04:10:20.7752236Z   if-no-files-found: error
2026-10-02T04:10:20.7752467Z   retention-days: 30
2026-10-02T04:10:20.7752675Z   compression-level: 6
2026-10-02T04:10:20.7752888Z   overwrite: false
2026-10-02T04:10:20.7753100Z   include-hidden-files: false
2026-10-02T04:10:20.7753357Z env:
2026-10-02T04:10:20.7753608Z   pythonLocation: /opt/hostedtoolcache/Python/3.13.15/x64
2026-10-02T04:10:20.7754051Z   PKG_CONFIG_PATH: /opt/hostedtoolcache/Python/3.13.15/x64/lib/pkgconfig
2026-10-02T04:10:20.7754471Z   Python_ROOT_DIR: /opt/hostedtoolcache/Python/3.13.15/x64
2026-10-02T04:10:20.7754851Z   Python2_ROOT_DIR: /opt/hostedtoolcache/Python/3.13.15/x64
2026-10-02T04:10:20.7755225Z   Python3_ROOT_DIR: /opt/hostedtoolcache/Python/3.13.15/x64
2026-10-02T04:10:20.7755646Z   LD_LIBRARY_PATH: /opt/hostedtoolcache/Python/3.13.15/x64/lib
2026-10-02T04:10:20.7755968Z ##[endgroup]
2026-10-02T04:10:21.0493937Z (node:26886) [DEP0040] DeprecationWarning: The `punycode` module is deprecated. Please use a userland alternative instead.
2026-10-02T04:10:21.0495589Z (Use `node --trace-deprecation ...` to show where the warning was created)
2026-10-02T04:10:21.1130621Z With the provided path, there will be 267 files uploaded
2026-10-02T04:10:21.1135559Z Artifact name is valid!
2026-10-02T04:10:21.1136828Z Root directory input is valid!
2026-10-02T04:10:21.3601554Z Beginning upload of artifact content to blob storage
2026-10-02T04:10:21.6715346Z (node:26886) [DEP0169] DeprecationWarning: `url.parse()` behavior is not standardized and prone to errors that have security implications. Use the WHATWG URL API instead. CVEs are not issued for `url.parse()` vulnerabilities.
2026-10-02T04:10:22.0358497Z Uploaded bytes 8388608
2026-10-02T04:10:22.2707935Z Uploaded bytes 16777216
2026-10-02T04:10:22.4833922Z Uploaded bytes 25165824
2026-10-02T04:10:22.8328242Z Uploaded bytes 33554432
2026-10-02T04:10:23.2124894Z Uploaded bytes 41943040
2026-10-02T04:10:23.4394375Z Uploaded bytes 50331648
2026-10-02T04:10:23.6996882Z Uploaded bytes 58720256
2026-10-02T04:10:23.8997091Z Uploaded bytes 67108864
2026-10-02T04:10:24.1903764Z Uploaded bytes 75497472
2026-10-02T04:10:24.3928350Z Uploaded bytes 82056713
2026-10-02T04:10:24.4259767Z Finished uploading artifact content to blob storage!
2026-10-02T04:10:24.4263522Z SHA256 digest of uploaded artifact zip is 37902a46c1127614b2738432f7bc92352644ce17eebd3a452d0cdf2f804227ee
2026-10-02T04:10:24.4266296Z Finalizing artifact upload
2026-10-02T04:10:24.6616362Z Artifact candidate-x86_64-unknown-linux-gnu.zip successfully finalized. Artifact ID 11208532313
2026-10-02T04:10:24.6618207Z Artifact candidate-x86_64-unknown-linux-gnu has been successfully uploaded! Final size is 82056713 bytes. Artifact ID is 11208532313
2026-10-02T04:10:24.6625609Z Artifact download URL: https://github.com/cyberia-to/trisha/actions/runs/36949324686/artifacts/11208532313
2026-10-02T04:10:24.6838525Z Post job cleanup.
2026-10-02T04:10:24.8355432Z Post job cleanup.
2026-10-02T04:10:24.9438335Z [command]/usr/bin/git version
2026-10-02T04:10:24.9491376Z git version 2.55.0
2026-10-02T04:10:24.9535462Z Temporarily overriding HOME='/home/runner/work/_temp/38253170-11c6-4776-a83c-d962238d5013' before making global git config changes
2026-10-02T04:10:24.9537574Z Adding repository directory to the temporary git global config as a safe directory
2026-10-02T04:10:24.9542042Z [command]/usr/bin/git config --global --add safe.directory /home/runner/work/trisha/trisha
2026-10-02T04:10:24.9591173Z [command]/usr/bin/git config --local --name-only --get-regexp core\.sshCommand
2026-10-02T04:10:24.9652885Z [command]/usr/bin/git submodule foreach --recursive sh -c "git config --local --name-only --get-regexp 'core\.sshCommand' && git config --local --unset-all 'core.sshCommand' || :"
2026-10-02T04:10:25.0064505Z [command]/usr/bin/git config --local --name-only --get-regexp http\.https\:\/\/github\.com\/\.extraheader
2026-10-02T04:10:25.0121751Z [command]/usr/bin/git submodule foreach --recursive sh -c "git config --local --name-only --get-regexp 'http\.https\:\/\/github\.com\/\.extraheader' && git config --local --unset-all 'http.https://github.com/.extraheader' || :"
2026-10-02T04:10:25.0451090Z [command]/usr/bin/git config --local --name-only --get-regexp ^includeIf\.gitdir:
2026-10-02T04:10:25.0492773Z [command]/usr/bin/git submodule foreach --recursive git config --local --show-origin --name-only --get-regexp remote.origin.url
2026-10-02T04:10:25.0921826Z Cleaning up orphan processes
2026-10-02T04:10:25.1188555Z ##[warning]Node.js 20 is deprecated. The following actions target Node.js 20 but are being forced to run on Node.js 24: actions/checkout@11d5960a326750d5838078e36cf38b85af677262, actions/upload-artifact@ea165f8d65b6e75b540449e92b4886f43607fa02. For more information see: https://github.blog/changelog/2025-09-19-deprecation-of-node-20-on-github-actions-runners/
