{
  "bbg": {
    "status": "identical"
  },
  "hemera": {
    "status": "identical"
  },
  "honeycrisp": {
    "status": "identical"
  },
  "joy": {
    "status": "ahead",
    "ahead_by": 8,
    "merge_base_sha": "77fec58bd39f9e9cb1e957590831109439352e45"
  },
  "lens": {
    "status": "identical"
  },
  "neuron": {
    "status": "identical"
  },
  "nox": {
    "status": "ahead",
    "ahead_by": 2,
    "merge_base_sha": "172811b7746cdcd6ab198a3ed976dc6c19f55d5b"
  },
  "strata": {
    "status": "identical"
  },
  "trident": {
    "status": "identical"
  },
  "trisha": {
    "status": "ahead",
    "ahead_by": 3,
    "merge_base_sha": "d59738198aff278e7166e5958fbbc5f9777986b7"
  },
  "zheng": {
    "status": "ahead",
    "ahead_by": 8,
    "merge_base_sha": "633e5ba980db94ca10d9d6b67cf24d9d3aef63a7"
  }
}
