d4d8e3dd587ba8d246f4905c9bb24ce3f75429a3	refs/heads/chore/coordinated-release-20260916
728a036d384089696766f64d75a2b8243e8604c5	refs/heads/docs/published-release-20260916
ec83bd8d85b20a8bd20d2d14b0f25aab0f75e9fe	refs/heads/feat/0.4-compiler-deadline
a78dbd33dd38c6656ec7f63b5e36753c56f135ba	refs/heads/feat/0.4-compiler-jobs
0b511d8d92bc26321e2fb03e7bc9820cd60683e9	refs/heads/feat/0.4-compiler-profile
2878f4b17dfedf237c6110d7d411bb4824e65103	refs/heads/feat/0.4-compiler-work-budget
7ffcec3fd052764d15e7738a4cd9ad7a3deac84b	refs/heads/feat/0.4-explicit-compiler-arena
d662ef9f07b6904783c98fd215f75764dfca5254	refs/heads/feat/0.4-heap-compiler-arena
a96e1371c78b36d95d6ff9fa20e0591943815ac7	refs/heads/feat/0.4-host-proof-deadline
518320ca68c8861c4e9c25f21f66e44838951761	refs/heads/feat/0.4-native-control-acceptance
12baa5f5606a47671b37a211ff956d4314b9c5bc	refs/heads/feat/0.4-native-private-proofs
adb424023ae11a2264567d21171c3c2b3aa06f64	refs/heads/feat/0.4-portable-native-smoke
4e814a9b7e5d0515803ce394341785c0aa0e4b0a	refs/heads/feat/0.4-pure-finalizer-cache
4e6b8c2440a80b10e1ac33f44cc5c6a94afbc0fd	refs/heads/feat/0.4-raw-source
62dadd35abe83b3d6dea77fe5f60baac050530e9	refs/heads/feat/0.4-reclaiming-compiler-worker
8f206f945e99b8573146fa97f316c6c532aa56b7	refs/heads/feat/0.4-source-packages
bd91dd6281714ea794672ba83c26bf7bf12d1bad	refs/heads/feat/0.4-structured-native-certificates
6e0ec4d8440e2521df08f442d64f54e667044716	refs/heads/feat/0.4-structured-native-proof
e9ef39a432b81437d994cfefcd0e8d6b77f83d50	refs/heads/feat/0.4-structured-run
b7f84ae5d823f23067e8f5b45a5d9f81cb78f37e	refs/heads/fix/0.4-native-reaudit
b28b6fd0a4990121194a441fef5ae9df76e735e8	refs/heads/fix/0.4-pin-deterministic-codec-derive
e19a2ea3a9066f577bf2e0555e9fc86fcead8f34	refs/heads/fix/0.4-soft3-only
f5ca8e5552d8df0c03d10e1b7ffddf58011fcba5	refs/heads/fix/warrior-release
10844a890e2939d529a1003474298a09be30b75c	refs/heads/main
dd61df9128f6da1f97d4698f45f154f05312fe51	refs/heads/release/0.4
1c76648ecbd34bb0fc42158adef54004ed18da1b	refs/heads/test/0.4-compiler-proof-census
21529eb320d2a7b898807c6863bb5c4f62c3fd4a	refs/heads/test/0.4-explicit-field-visibility
6cb6f0e430e62896261a3238b017a5e41dafb0bb	refs/heads/test/0.4-native-private-integration
