/Users/master/cyber/.worktrees/selfhost-0.4-finalization-20261002/distribution/local-macos-rust189/temporary/cyber-candidate/candidate/bin/joy:
Load command 0
      cmd LC_SEGMENT_64
  cmdsize 72
  segname __PAGEZERO
   vmaddr 0x0000000000000000
   vmsize 0x0000000100000000
  fileoff 0
 filesize 0
  maxprot 0x00000000
 initprot 0x00000000
   nsects 0
    flags 0x0
Load command 1
      cmd LC_SEGMENT_64
  cmdsize 712
  segname __TEXT
   vmaddr 0x0000000100000000
   vmsize 0x000000000040c000
  fileoff 0
 filesize 4243456
  maxprot 0x00000005
 initprot 0x00000005
   nsects 8
    flags 0x0
Section
  sectname __text
   segname __TEXT
      addr 0x00000001000008c0
      size 0x00000000002bd29c
    offset 2240
     align 2^2 (4)
    reloff 0
    nreloc 0
     flags 0x80000400
 reserved1 0
 reserved2 0
Section
  sectname __stubs
   segname __TEXT
      addr 0x00000001002bdb5c
      size 0x000000000000057c
    offset 2874204
     align 2^2 (4)
    reloff 0
    nreloc 0
     flags 0x80000408
 reserved1 0 (index into indirect symbol table)
 reserved2 12 (size of stubs)
Section
  sectname __stub_helper
   segname __TEXT
      addr 0x00000001002be0d8
      size 0x0000000000000594
    offset 2875608
     align 2^2 (4)
    reloff 0
    nreloc 0
     flags 0x80000400
 reserved1 0
 reserved2 0
Section
  sectname __gcc_except_tab
   segname __TEXT
      addr 0x00000001002be66c
      size 0x0000000000022c3c
    offset 2877036
     align 2^2 (4)
    reloff 0
    nreloc 0
     flags 0x00000000
 reserved1 0
 reserved2 0
Section
  sectname __const
   segname __TEXT
      addr 0x00000001002e1300
      size 0x00000000000b1588
    offset 3019520
     align 2^7 (128)
    reloff 0
    nreloc 0
     flags 0x00000000
 reserved1 0
 reserved2 0
Section
  sectname __cstring
   segname __TEXT
      addr 0x0000000100392888
      size 0x000000000000c0b7
    offset 3745928
     align 2^0 (1)
    reloff 0
    nreloc 0
     flags 0x00000002
 reserved1 0
 reserved2 0
Section
  sectname __unwind_info
   segname __TEXT
      addr 0x000000010039e940
      size 0x000000000000eee0
    offset 3795264
     align 2^2 (4)
    reloff 0
    nreloc 0
     flags 0x00000000
 reserved1 0
 reserved2 0
Section
  sectname __eh_frame
   segname __TEXT
      addr 0x00000001003ad820
      size 0x000000000005b8b0
    offset 3856416
     align 2^3 (8)
    reloff 0
    nreloc 0
     flags 0x6800000b
 reserved1 0
 reserved2 0
Load command 2
      cmd LC_SEGMENT_64
  cmdsize 232
  segname __DATA_CONST
   vmaddr 0x000000010040c000
   vmsize 0x0000000000018000
  fileoff 4243456
 filesize 98304
  maxprot 0x00000003
 initprot 0x00000003
   nsects 2
    flags 0x10
Section
  sectname __got
   segname __DATA_CONST
      addr 0x000000010040c000
      size 0x0000000000000010
    offset 4243456
     align 2^3 (8)
    reloff 0
    nreloc 0
     flags 0x00000006
 reserved1 117 (index into indirect symbol table)
 reserved2 0
Section
  sectname __const
   segname __DATA_CONST
      addr 0x000000010040c010
      size 0x0000000000014f18
    offset 4243472
     align 2^3 (8)
    reloff 0
    nreloc 0
     flags 0x00000000
 reserved1 0
 reserved2 0
Load command 3
      cmd LC_SEGMENT_64
  cmdsize 632
  segname __DATA
   vmaddr 0x0000000100424000
   vmsize 0x0000000000004000
  fileoff 4341760
 filesize 16384
  maxprot 0x00000003
 initprot 0x00000003
   nsects 7
    flags 0x0
Section
  sectname __la_symbol_ptr
   segname __DATA
      addr 0x0000000100424000
      size 0x00000000000003a8
    offset 4341760
     align 2^3 (8)
    reloff 0
    nreloc 0
     flags 0x00000007
 reserved1 119 (index into indirect symbol table)
 reserved2 0
Section
  sectname __data
   segname __DATA
      addr 0x00000001004243a8
      size 0x00000000000009a8
    offset 4342696
     align 2^3 (8)
    reloff 0
    nreloc 0
     flags 0x00000000
 reserved1 0
 reserved2 0
Section
  sectname __thread_vars
   segname __DATA
      addr 0x0000000100424d50
      size 0x00000000000000f0
    offset 4345168
     align 2^3 (8)
    reloff 0
    nreloc 0
     flags 0x00000013
 reserved1 0
 reserved2 0
Section
  sectname __thread_data
   segname __DATA
      addr 0x0000000100424e40
      size 0x0000000000000020
    offset 4345408
     align 2^3 (8)
    reloff 0
    nreloc 0
     flags 0x00000011
 reserved1 0
 reserved2 0
Section
  sectname __thread_bss
   segname __DATA
      addr 0x0000000100424e60
      size 0x00000000000000a8
    offset 0
     align 2^3 (8)
    reloff 0
    nreloc 0
     flags 0x00000012
 reserved1 0
 reserved2 0
Section
  sectname __bss
   segname __DATA
      addr 0x0000000100424f08
      size 0x0000000000000798
    offset 0
     align 2^3 (8)
    reloff 0
    nreloc 0
     flags 0x00000001
 reserved1 0
 reserved2 0
Section
  sectname __common
   segname __DATA
      addr 0x00000001004256a0
      size 0x00000000000008c0
    offset 0
     align 2^3 (8)
    reloff 0
    nreloc 0
     flags 0x00000001
 reserved1 0
 reserved2 0
Load command 4
      cmd LC_SEGMENT_64
  cmdsize 72
  segname __LINKEDIT
   vmaddr 0x0000000100428000
   vmsize 0x00000000000d8000
  fileoff 4358144
 filesize 875216
  maxprot 0x00000001
 initprot 0x00000001
   nsects 0
    flags 0x0
Load command 5
            cmd LC_DYLD_INFO_ONLY
        cmdsize 48
     rebase_off 4358144
    rebase_size 2744
       bind_off 4360888
      bind_size 48
  weak_bind_off 0
 weak_bind_size 0
  lazy_bind_off 4360936
 lazy_bind_size 2536
     export_off 4363472
    export_size 62696
Load command 6
     cmd LC_SYMTAB
 cmdsize 24
  symoff 4435744
   nsyms 9996
  stroff 4596624
 strsize 596016
Load command 7
            cmd LC_DYSYMTAB
        cmdsize 80
      ilocalsym 0
      nlocalsym 8845
     iextdefsym 8845
     nextdefsym 1032
      iundefsym 9877
      nundefsym 119
         tocoff 0
           ntoc 0
      modtaboff 0
        nmodtab 0
   extrefsymoff 0
    nextrefsyms 0
 indirectsymoff 4595680
  nindirectsyms 236
      extreloff 0
        nextrel 0
      locreloff 0
        nlocrel 0
Load command 8
          cmd LC_LOAD_DYLINKER
      cmdsize 32
         name /usr/lib/dyld (offset 12)
Load command 9
     cmd LC_UUID
 cmdsize 24
    uuid 4A068368-8DF4-321D-BE70-B7BD05B1912B
Load command 10
      cmd LC_BUILD_VERSION
  cmdsize 32
 platform 1
    minos 11.0
      sdk 26.4
   ntools 1
     tool 3
  version 1266.8
Load command 11
      cmd LC_SOURCE_VERSION
  cmdsize 16
  version 0.0
Load command 12
       cmd LC_MAIN
   cmdsize 24
  entryoff 155300
 stacksize 0
Load command 13
          cmd LC_LOAD_DYLIB
      cmdsize 56
         name /usr/lib/libiconv.2.dylib (offset 24)
   time stamp 2 Thu Jan  1 00:00:02 1970
      current version 7.0.0
compatibility version 7.0.0
Load command 14
          cmd LC_LOAD_DYLIB
      cmdsize 56
         name /usr/lib/libSystem.B.dylib (offset 24)
   time stamp 2 Thu Jan  1 00:00:02 1970
      current version 1356.0.0
compatibility version 1.0.0
Load command 15
      cmd LC_FUNCTION_STARTS
  cmdsize 16
  dataoff 4426168
 datasize 9576
Load command 16
      cmd LC_DATA_IN_CODE
  cmdsize 16
  dataoff 4435744
 datasize 0
Load command 17
      cmd LC_CODE_SIGNATURE
  cmdsize 16
  dataoff 5192640
 datasize 40720
