/Users/master/cyber/.worktrees/selfhost-0.4-finalization-20261002/distribution/local-macos-rust189/temporary/cyber-candidate/candidate/bin/trident:
Load command 0
      cmd LC_SEGMENT_64
  cmdsize 72
  segname __PAGEZERO
   vmaddr 0x0000000000000000
   vmsize 0x0000000100000000
  fileoff 0
 filesize 0
  maxprot 0x00000000
 initprot 0x00000000
   nsects 0
    flags 0x0
Load command 1
      cmd LC_SEGMENT_64
  cmdsize 712
  segname __TEXT
   vmaddr 0x0000000100000000
   vmsize 0x00000000006b0000
  fileoff 0
 filesize 7012352
  maxprot 0x00000005
 initprot 0x00000005
   nsects 8
    flags 0x0
Section
  sectname __text
   segname __TEXT
      addr 0x00000001000008c0
      size 0x000000000046f760
    offset 2240
     align 2^2 (4)
    reloff 0
    nreloc 0
     flags 0x80000400
 reserved1 0
 reserved2 0
Section
  sectname __stubs
   segname __TEXT
      addr 0x0000000100470020
      size 0x000000000000066c
    offset 4653088
     align 2^2 (4)
    reloff 0
    nreloc 0
     flags 0x80000408
 reserved1 0 (index into indirect symbol table)
 reserved2 12 (size of stubs)
Section
  sectname __stub_helper
   segname __TEXT
      addr 0x000000010047068c
      size 0x0000000000000684
    offset 4654732
     align 2^2 (4)
    reloff 0
    nreloc 0
     flags 0x80000400
 reserved1 0
 reserved2 0
Section
  sectname __gcc_except_tab
   segname __TEXT
      addr 0x0000000100470d10
      size 0x00000000000493bc
    offset 4656400
     align 2^2 (4)
    reloff 0
    nreloc 0
     flags 0x00000000
 reserved1 0
 reserved2 0
Section
  sectname __const
   segname __TEXT
      addr 0x00000001004ba100
      size 0x0000000000136048
    offset 4956416
     align 2^7 (128)
    reloff 0
    nreloc 0
     flags 0x00000000
 reserved1 0
 reserved2 0
Section
  sectname __cstring
   segname __TEXT
      addr 0x00000001005f0148
      size 0x000000000000a2ed
    offset 6226248
     align 2^0 (1)
    reloff 0
    nreloc 0
     flags 0x00000002
 reserved1 0
 reserved2 0
Section
  sectname __unwind_info
   segname __TEXT
      addr 0x00000001005fa438
      size 0x000000000001a7d8
    offset 6267960
     align 2^2 (4)
    reloff 0
    nreloc 0
     flags 0x00000000
 reserved1 0
 reserved2 0
Section
  sectname __eh_frame
   segname __TEXT
      addr 0x0000000100614c10
      size 0x000000000009b0cc
    offset 6376464
     align 2^3 (8)
    reloff 0
    nreloc 0
     flags 0x6800000b
 reserved1 0
 reserved2 0
Load command 2
      cmd LC_SEGMENT_64
  cmdsize 232
  segname __DATA_CONST
   vmaddr 0x00000001006b0000
   vmsize 0x0000000000028000
  fileoff 7012352
 filesize 163840
  maxprot 0x00000003
 initprot 0x00000003
   nsects 2
    flags 0x10
Section
  sectname __got
   segname __DATA_CONST
      addr 0x00000001006b0000
      size 0x0000000000000010
    offset 7012352
     align 2^3 (8)
    reloff 0
    nreloc 0
     flags 0x00000006
 reserved1 137 (index into indirect symbol table)
 reserved2 0
Section
  sectname __const
   segname __DATA_CONST
      addr 0x00000001006b0010
      size 0x0000000000026250
    offset 7012368
     align 2^3 (8)
    reloff 0
    nreloc 0
     flags 0x00000000
 reserved1 0
 reserved2 0
Load command 3
      cmd LC_SEGMENT_64
  cmdsize 632
  segname __DATA
   vmaddr 0x00000001006d8000
   vmsize 0x0000000000004000
  fileoff 7176192
 filesize 16384
  maxprot 0x00000003
 initprot 0x00000003
   nsects 7
    flags 0x0
Section
  sectname __la_symbol_ptr
   segname __DATA
      addr 0x00000001006d8000
      size 0x0000000000000448
    offset 7176192
     align 2^3 (8)
    reloff 0
    nreloc 0
     flags 0x00000007
 reserved1 139 (index into indirect symbol table)
 reserved2 0
Section
  sectname __data
   segname __DATA
      addr 0x00000001006d8448
      size 0x0000000000000fc0
    offset 7177288
     align 2^3 (8)
    reloff 0
    nreloc 0
     flags 0x00000000
 reserved1 0
 reserved2 0
Section
  sectname __thread_vars
   segname __DATA
      addr 0x00000001006d9408
      size 0x0000000000000180
    offset 7181320
     align 2^3 (8)
    reloff 0
    nreloc 0
     flags 0x00000013
 reserved1 0
 reserved2 0
Section
  sectname __thread_data
   segname __DATA
      addr 0x00000001006d9588
      size 0x00000000000000a1
    offset 7181704
     align 2^3 (8)
    reloff 0
    nreloc 0
     flags 0x00000011
 reserved1 0
 reserved2 0
Section
  sectname __thread_bss
   segname __DATA
      addr 0x00000001006d9630
      size 0x00000000000001c8
    offset 0
     align 2^3 (8)
    reloff 0
    nreloc 0
     flags 0x00000012
 reserved1 0
 reserved2 0
Section
  sectname __bss
   segname __DATA
      addr 0x00000001006d97f8
      size 0x0000000000000160
    offset 0
     align 2^3 (8)
    reloff 0
    nreloc 0
     flags 0x00000001
 reserved1 0
 reserved2 0
Section
  sectname __common
   segname __DATA
      addr 0x00000001006d9958
      size 0x0000000000000070
    offset 0
     align 2^3 (8)
    reloff 0
    nreloc 0
     flags 0x00000001
 reserved1 0
 reserved2 0
Load command 4
      cmd LC_SEGMENT_64
  cmdsize 72
  segname __LINKEDIT
   vmaddr 0x00000001006dc000
   vmsize 0x00000000001d0000
  fileoff 7192576
 filesize 1896656
  maxprot 0x00000001
 initprot 0x00000001
   nsects 0
    flags 0x0
Load command 5
            cmd LC_DYLD_INFO_ONLY
        cmdsize 48
     rebase_off 7192576
    rebase_size 5168
       bind_off 7197744
      bind_size 48
  weak_bind_off 0
 weak_bind_size 0
  lazy_bind_off 7197792
 lazy_bind_size 2920
     export_off 7200712
    export_size 185960
Load command 6
     cmd LC_SYMTAB
 cmdsize 24
  symoff 7403048
   nsyms 18587
  stroff 7701544
 strsize 1317072
Load command 7
            cmd LC_DYSYMTAB
        cmdsize 80
      ilocalsym 0
      nlocalsym 16503
     iextdefsym 16503
     nextdefsym 1945
      iundefsym 18448
      nundefsym 139
         tocoff 0
           ntoc 0
      modtaboff 0
        nmodtab 0
   extrefsymoff 0
    nextrefsyms 0
 indirectsymoff 7700440
  nindirectsyms 276
      extreloff 0
        nextrel 0
      locreloff 0
        nlocrel 0
Load command 8
          cmd LC_LOAD_DYLINKER
      cmdsize 32
         name /usr/lib/dyld (offset 12)
Load command 9
     cmd LC_UUID
 cmdsize 24
    uuid F792B6DF-92D1-3D97-923A-B889F8723ACC
Load command 10
      cmd LC_BUILD_VERSION
  cmdsize 32
 platform 1
    minos 11.0
      sdk 26.4
   ntools 1
     tool 3
  version 1266.8
Load command 11
      cmd LC_SOURCE_VERSION
  cmdsize 16
  version 0.0
Load command 12
       cmd LC_MAIN
   cmdsize 24
  entryoff 1243708
 stacksize 0
Load command 13
          cmd LC_LOAD_DYLIB
      cmdsize 56
         name /usr/lib/libiconv.2.dylib (offset 24)
   time stamp 2 Thu Jan  1 00:00:02 1970
      current version 7.0.0
compatibility version 7.0.0
Load command 14
          cmd LC_LOAD_DYLIB
      cmdsize 56
         name /usr/lib/libSystem.B.dylib (offset 24)
   time stamp 2 Thu Jan  1 00:00:02 1970
      current version 1356.0.0
compatibility version 1.0.0
Load command 15
      cmd LC_FUNCTION_STARTS
  cmdsize 16
  dataoff 7386672
 datasize 16376
Load command 16
      cmd LC_DATA_IN_CODE
  cmdsize 16
  dataoff 7403048
 datasize 0
Load command 17
      cmd LC_CODE_SIGNATURE
  cmdsize 16
  dataoff 9018624
 datasize 70608
