/Users/master/cyber/.worktrees/selfhost-0.4-finalization-20261002/distribution/local-macos-rust189/temporary/cyber-candidate/candidate/bin/trisha:
Load command 0
      cmd LC_SEGMENT_64
  cmdsize 72
  segname __PAGEZERO
   vmaddr 0x0000000000000000
   vmsize 0x0000000100000000
  fileoff 0
 filesize 0
  maxprot 0x00000000
 initprot 0x00000000
   nsects 0
    flags 0x0
Load command 1
      cmd LC_SEGMENT_64
  cmdsize 712
  segname __TEXT
   vmaddr 0x0000000100000000
   vmsize 0x0000000000aa0000
  fileoff 0
 filesize 11141120
  maxprot 0x00000005
 initprot 0x00000005
   nsects 8
    flags 0x0
Section
  sectname __text
   segname __TEXT
      addr 0x00000001000009c0
      size 0x000000000079e3d0
    offset 2496
     align 2^6 (64)
    reloff 0
    nreloc 0
     flags 0x80000400
 reserved1 0
 reserved2 0
Section
  sectname __stubs
   segname __TEXT
      addr 0x000000010079ed90
      size 0x00000000000006b4
    offset 7990672
     align 2^2 (4)
    reloff 0
    nreloc 0
     flags 0x80000408
 reserved1 0 (index into indirect symbol table)
 reserved2 12 (size of stubs)
Section
  sectname __stub_helper
   segname __TEXT
      addr 0x000000010079f444
      size 0x00000000000006cc
    offset 7992388
     align 2^2 (4)
    reloff 0
    nreloc 0
     flags 0x80000400
 reserved1 0
 reserved2 0
Section
  sectname __const
   segname __TEXT
      addr 0x00000001007a0000
      size 0x0000000000193568
    offset 7995392
     align 2^12 (4096)
    reloff 0
    nreloc 0
     flags 0x00000000
 reserved1 0
 reserved2 0
Section
  sectname __gcc_except_tab
   segname __TEXT
      addr 0x0000000100933568
      size 0x0000000000050738
    offset 9647464
     align 2^2 (4)
    reloff 0
    nreloc 0
     flags 0x00000000
 reserved1 0
 reserved2 0
Section
  sectname __cstring
   segname __TEXT
      addr 0x0000000100983ca0
      size 0x000000000001704b
    offset 9976992
     align 2^2 (4)
    reloff 0
    nreloc 0
     flags 0x00000002
 reserved1 0
 reserved2 0
Section
  sectname __unwind_info
   segname __TEXT
      addr 0x000000010099acec
      size 0x0000000000024e70
    offset 10071276
     align 2^2 (4)
    reloff 0
    nreloc 0
     flags 0x00000000
 reserved1 0
 reserved2 0
Section
  sectname __eh_frame
   segname __TEXT
      addr 0x00000001009bfb60
      size 0x00000000000dcc94
    offset 10222432
     align 2^3 (8)
    reloff 0
    nreloc 0
     flags 0x6800000b
 reserved1 0
 reserved2 0
Load command 2
      cmd LC_SEGMENT_64
  cmdsize 232
  segname __DATA_CONST
   vmaddr 0x0000000100aa0000
   vmsize 0x0000000000044000
  fileoff 11141120
 filesize 278528
  maxprot 0x00000003
 initprot 0x00000003
   nsects 2
    flags 0x10
Section
  sectname __got
   segname __DATA_CONST
      addr 0x0000000100aa0000
      size 0x0000000000000018
    offset 11141120
     align 2^3 (8)
    reloff 0
    nreloc 0
     flags 0x00000006
 reserved1 143 (index into indirect symbol table)
 reserved2 0
Section
  sectname __const
   segname __DATA_CONST
      addr 0x0000000100aa0018
      size 0x0000000000041bb8
    offset 11141144
     align 2^3 (8)
    reloff 0
    nreloc 0
     flags 0x00000000
 reserved1 0
 reserved2 0
Load command 3
      cmd LC_SEGMENT_64
  cmdsize 632
  segname __DATA
   vmaddr 0x0000000100ae4000
   vmsize 0x0000000000004000
  fileoff 11419648
 filesize 16384
  maxprot 0x00000003
 initprot 0x00000003
   nsects 7
    flags 0x0
Section
  sectname __la_symbol_ptr
   segname __DATA
      addr 0x0000000100ae4000
      size 0x0000000000000478
    offset 11419648
     align 2^3 (8)
    reloff 0
    nreloc 0
     flags 0x00000007
 reserved1 146 (index into indirect symbol table)
 reserved2 0
Section
  sectname __data
   segname __DATA
      addr 0x0000000100ae4478
      size 0x00000000000009f0
    offset 11420792
     align 2^3 (8)
    reloff 0
    nreloc 0
     flags 0x00000000
 reserved1 0
 reserved2 0
Section
  sectname __thread_vars
   segname __DATA
      addr 0x0000000100ae4e68
      size 0x0000000000000168
    offset 11423336
     align 2^3 (8)
    reloff 0
    nreloc 0
     flags 0x00000013
 reserved1 0
 reserved2 0
Section
  sectname __thread_data
   segname __DATA
      addr 0x0000000100ae4fd0
      size 0x0000000000000020
    offset 11423696
     align 2^3 (8)
    reloff 0
    nreloc 0
     flags 0x00000011
 reserved1 0
 reserved2 0
Section
  sectname __thread_bss
   segname __DATA
      addr 0x0000000100ae4ff0
      size 0x00000000000000e8
    offset 0
     align 2^3 (8)
    reloff 0
    nreloc 0
     flags 0x00000012
 reserved1 0
 reserved2 0
Section
  sectname __bss
   segname __DATA
      addr 0x0000000100ae50d8
      size 0x0000000000000180
    offset 0
     align 2^3 (8)
    reloff 0
    nreloc 0
     flags 0x00000001
 reserved1 0
 reserved2 0
Section
  sectname __common
   segname __DATA
      addr 0x0000000100ae5258
      size 0x0000000000000c90
    offset 0
     align 2^3 (8)
    reloff 0
    nreloc 0
     flags 0x00000001
 reserved1 0
 reserved2 0
Load command 4
      cmd LC_SEGMENT_64
  cmdsize 72
  segname __LINKEDIT
   vmaddr 0x0000000100ae8000
   vmsize 0x000000000028c000
  fileoff 11436032
 filesize 2655392
  maxprot 0x00000001
 initprot 0x00000001
   nsects 0
    flags 0x0
Load command 5
            cmd LC_DYLD_INFO_ONLY
        cmdsize 48
     rebase_off 11436032
    rebase_size 8784
       bind_off 11444816
      bind_size 72
  weak_bind_off 0
 weak_bind_size 0
  lazy_bind_off 11444888
 lazy_bind_size 3056
     export_off 11447944
    export_size 175872
Load command 6
     cmd LC_SYMTAB
 cmdsize 24
  symoff 11647072
   nsyms 25495
  stroff 12056148
 strsize 1925880
Load command 7
            cmd LC_DYSYMTAB
        cmdsize 80
      ilocalsym 0
      nlocalsym 22825
     iextdefsym 22825
     nextdefsym 2524
      iundefsym 25349
      nundefsym 146
         tocoff 0
           ntoc 0
      modtaboff 0
        nmodtab 0
   extrefsymoff 0
    nextrefsyms 0
 indirectsymoff 12054992
  nindirectsyms 289
      extreloff 0
        nextrel 0
      locreloff 0
        nlocrel 0
Load command 8
          cmd LC_LOAD_DYLINKER
      cmdsize 32
         name /usr/lib/dyld (offset 12)
Load command 9
     cmd LC_UUID
 cmdsize 24
    uuid 00224E0C-36EB-3474-95CF-AAA4B8DCD7D2
Load command 10
      cmd LC_BUILD_VERSION
  cmdsize 32
 platform 1
    minos 11.0
      sdk 26.4
   ntools 1
     tool 3
  version 1266.8
Load command 11
      cmd LC_SOURCE_VERSION
  cmdsize 16
  version 0.0
Load command 12
       cmd LC_MAIN
   cmdsize 24
  entryoff 69572
 stacksize 0
Load command 13
          cmd LC_LOAD_DYLIB
      cmdsize 104
         name /System/Library/Frameworks/CoreFoundation.framework/Versions/A/CoreFoundation (offset 24)
   time stamp 2 Thu Jan  1 00:00:02 1970
      current version 4424.1.255
compatibility version 150.0.0
Load command 14
          cmd LC_LOAD_DYLIB
      cmdsize 96
         name /System/Library/Frameworks/IOSurface.framework/Versions/A/IOSurface (offset 24)
   time stamp 2 Thu Jan  1 00:00:02 1970
      current version 1.0.0
compatibility version 1.0.0
Load command 15
          cmd LC_LOAD_DYLIB
      cmdsize 56
         name /usr/lib/libiconv.2.dylib (offset 24)
   time stamp 2 Thu Jan  1 00:00:02 1970
      current version 7.0.0
compatibility version 7.0.0
Load command 16
          cmd LC_LOAD_DYLIB
      cmdsize 56
         name /usr/lib/libSystem.B.dylib (offset 24)
   time stamp 2 Thu Jan  1 00:00:02 1970
      current version 1356.0.0
compatibility version 1.0.0
Load command 17
      cmd LC_FUNCTION_STARTS
  cmdsize 16
  dataoff 11623816
 datasize 23256
Load command 18
      cmd LC_DATA_IN_CODE
  cmdsize 16
  dataoff 11647072
 datasize 0
Load command 19
      cmd LC_CODE_SIGNATURE
  cmdsize 16
  dataoff 13982032
 datasize 109392
