   Compiling proc-macro2 v1.0.106
   Compiling unicode-ident v1.0.22
   Compiling quote v1.0.44
   Compiling stable_deref_trait v1.2.1
   Compiling litemap v0.8.1
   Compiling writeable v0.6.2
   Compiling icu_normalizer_data v2.1.1
   Compiling syn v2.0.114
   Compiling icu_properties_data v2.1.2
   Compiling smallvec v1.15.1
   Compiling pin-project-lite v0.2.16
   Compiling serde_core v1.0.228
   Compiling memchr v2.8.0
   Compiling futures-sink v0.3.31
   Compiling futures-core v0.3.31
   Compiling synstructure v0.13.2
   Compiling zmij v1.0.20
   Compiling libc v0.2.180
   Compiling strata-core v0.1.1 (/home/runner/work/_temp/cyber-candidate/unpacked/cyber-source/strata/core)
   Compiling serde v1.0.228
   Compiling futures-channel v0.3.31
   Compiling zerofrom-derive v0.1.6
   Compiling yoke-derive v0.8.1
   Compiling zerovec-derive v0.11.2
   Compiling zerofrom v0.1.6
   Compiling yoke v0.8.1
   Compiling displaydoc v0.2.5
   Compiling zerotrie v0.2.3
   Compiling zerovec v0.11.5
   Compiling futures-macro v0.3.31
   Compiling tinystr v0.8.2
   Compiling icu_locale_core v2.1.1
   Compiling potential_utf v0.1.4
   Compiling icu_collections v2.1.1
   Compiling icu_provider v2.1.1
   Compiling icu_properties v2.1.2
   Compiling icu_normalizer v2.1.1
   Compiling idna_adapter v1.2.1
   Compiling serde_derive v1.0.228
   Compiling once_cell v1.21.4
   Compiling percent-encoding v2.3.2
   Compiling parking_lot_core v0.9.12
   Compiling slab v0.4.12
   Compiling utf8parse v0.2.2
   Compiling futures-task v0.3.31
   Compiling utf8_iter v1.0.4
   Compiling pin-utils v0.1.0
   Compiling futures-io v0.3.31
   Compiling serde_json v1.0.149
   Compiling futures-util v0.3.31
   Compiling idna v1.1.0
   Compiling anstyle-parse v0.2.7
   Compiling form_urlencoded v1.2.2
   Compiling tokio-macros v2.6.0
   Compiling pin-project-internal v1.1.10
   Compiling httparse v1.10.1
   Compiling is_terminal_polyfill v1.70.2
   Compiling anstyle v1.0.13
   Compiling cfg-if v1.0.4
   Compiling scopeguard v1.2.0
   Compiling colorchoice v1.0.4
   Compiling itoa v1.0.17
   Compiling anstyle-query v1.1.5
   Compiling anstream v0.6.21
   Compiling lock_api v0.4.14
   Compiling pin-project v1.1.10
   Compiling tokio v1.49.0
   Compiling url v2.5.8
   Compiling tracing-core v0.1.36
   Compiling serde_repr v0.1.20
   Compiling tracing-attributes v0.1.31
   Compiling strata-ext v0.1.1 (/home/runner/work/_temp/cyber-candidate/unpacked/cyber-source/strata/ext)
   Compiling strata-proof v0.1.1 (/home/runner/work/_temp/cyber-candidate/unpacked/cyber-source/strata/proof)
   Compiling strata-compute v0.1.1 (/home/runner/work/_temp/cyber-candidate/unpacked/cyber-source/strata/compute)
   Compiling tower-layer v0.3.3
   Compiling hashbrown v0.14.5
   Compiling tower-service v0.3.3
   Compiling bitflags v1.3.2
   Compiling bytes v1.11.1
   Compiling clap_lex v0.7.7
   Compiling strsim v0.11.1
   Compiling heck v0.5.0
   Compiling clap_derive v4.5.55
   Compiling clap_builder v4.5.57
   Compiling tokio-util v0.7.18
   Compiling dashmap v5.5.3
   Compiling lsp-types v0.94.1
   Compiling tower v0.4.13
   Compiling tracing v0.1.44
   Compiling strata-nebu v0.1.1 (/home/runner/work/_temp/cyber-candidate/unpacked/cyber-source/strata/nebu/rs)
   Compiling futures v0.3.31
   Compiling async-trait v0.1.89
   Compiling auto_impl v1.3.0
   Compiling tower-lsp-macros v0.9.0
   Compiling unicode-width v0.1.14
   Compiling yansi v1.0.1
   Compiling cyber-hemera v0.3.1 (/home/runner/work/_temp/cyber-candidate/unpacked/cyber-source/hemera/rs)
   Compiling trident-lang v0.3.0 (/home/runner/work/_temp/cyber-candidate/unpacked/cyber-source/trident)
   Compiling cyber-nox v0.3.0 (/home/runner/work/_temp/cyber-candidate/unpacked/cyber-source/nox/rs)
   Compiling ariadne v0.4.1
   Compiling tower-lsp v0.20.0
   Compiling clap v4.5.57
    Finished `release` profile [optimized] target(s) in 1m 46s
