2026-10-02T01:06:38.9012706Z Current runner version: '2.337.0'
2026-10-02T01:06:38.9047615Z ##[group]Runner Image Provisioner
2026-10-02T01:06:38.9048663Z Hosted Compute Agent
2026-10-02T01:06:38.9049215Z Version: 20260901.588
2026-10-02T01:06:38.9049789Z Commit: f88ec8081b781fac6c440065ac7ff9e710ce3d0b
2026-10-02T01:06:38.9050513Z Build Date: 2026-09-01T19:56:44Z
2026-10-02T01:06:38.9051180Z Worker ID: {37b40d5b-45dd-49a7-ba57-be1900d98af9}
2026-10-02T01:06:38.9051898Z Azure Region: northcentralus
2026-10-02T01:06:38.9052477Z ##[endgroup]
2026-10-02T01:06:38.9054403Z ##[group]Operating System
2026-10-02T01:06:38.9055100Z Microsoft Windows 11
2026-10-02T01:06:38.9055650Z 10.0.26200
2026-10-02T01:06:38.9056184Z Enterprise
2026-10-02T01:06:38.9056713Z ##[endgroup]
2026-10-02T01:06:38.9057308Z ##[group]Runner Image
2026-10-02T01:06:38.9058025Z Image: windows-11-vs2026-arm64
2026-10-02T01:06:38.9058733Z Version: 20260924.168.1
2026-10-02T01:06:38.9060405Z Included Software: https://github.com/actions/runner-images/blob/win11-vs2026-arm64/20260924.168/images/windows/Windows11-VS2026-Arm64-Readme.md
2026-10-02T01:06:38.9062108Z Image Release: https://github.com/actions/runner-images/releases/tag/win11-vs2026-arm64%2F20260924.168
2026-10-02T01:06:38.9063333Z ##[endgroup]
2026-10-02T01:06:38.9064443Z ##[group]GITHUB_TOKEN Permissions
2026-10-02T01:06:38.9067224Z Contents: write
2026-10-02T01:06:38.9067864Z Metadata: read
2026-10-02T01:06:38.9068431Z ##[endgroup]
2026-10-02T01:06:38.9071208Z Secret source: Actions
2026-10-02T01:06:38.9072134Z Cache mode: write
2026-10-02T01:06:38.9072957Z Prepare workflow directory
2026-10-02T01:06:38.9498749Z Prepare all required actions
2026-10-02T01:06:38.9551243Z Getting action download info
2026-10-02T01:06:39.1945711Z Download action repository 'actions/checkout@11d5960a326750d5838078e36cf38b85af677262' (SHA:11d5960a326750d5838078e36cf38b85af677262)
2026-10-02T01:06:39.4593416Z Download action repository 'actions/setup-python@ece7cb06caefa5fff74198d8649806c4678c61a1' (SHA:ece7cb06caefa5fff74198d8649806c4678c61a1)
2026-10-02T01:06:39.7463638Z Download action repository 'actions/upload-artifact@ea165f8d65b6e75b540449e92b4886f43607fa02' (SHA:ea165f8d65b6e75b540449e92b4886f43607fa02)
2026-10-02T01:06:40.5422218Z Complete job name: native (windows-11-arm, aarch64-pc-windows-msvc)
2026-10-02T01:06:40.7043738Z ##[group]Run actions/checkout@11d5960a326750d5838078e36cf38b85af677262
2026-10-02T01:06:40.7045805Z with:
2026-10-02T01:06:40.7046474Z   persist-credentials: false
2026-10-02T01:06:40.7047349Z   repository: cyberia-to/trisha
2026-10-02T01:06:40.7053168Z   token: ***
2026-10-02T01:06:40.7053832Z   ssh-strict: true
2026-10-02T01:06:40.7054488Z   ssh-user: git
2026-10-02T01:06:40.7055118Z   clean: true
2026-10-02T01:06:40.7055828Z   sparse-checkout-cone-mode: true
2026-10-02T01:06:40.7056583Z   fetch-depth: 1
2026-10-02T01:06:40.7057233Z   fetch-tags: false
2026-10-02T01:06:40.7057887Z   show-progress: true
2026-10-02T01:06:40.7058556Z   lfs: false
2026-10-02T01:06:40.7059265Z   submodules: false
2026-10-02T01:06:40.7060188Z   set-safe-directory: true
2026-10-02T01:06:40.7061001Z   allow-unsafe-pr-checkout: false
2026-10-02T01:06:40.7062302Z ##[endgroup]
2026-10-02T01:06:40.9620022Z Syncing repository: cyberia-to/trisha
2026-10-02T01:06:40.9627310Z ##[group]Getting Git version info
2026-10-02T01:06:40.9628362Z Working directory is 'C:\a\trisha\trisha'
2026-10-02T01:06:41.0459460Z [command]"C:\Program Files\Git\bin\git.exe" version
2026-10-02T01:06:41.4220218Z git version 2.55.0.windows.5
2026-10-02T01:06:41.4279517Z ##[endgroup]
2026-10-02T01:06:41.4318899Z Temporarily overriding HOME='C:\a\_temp\c02640d1-01ea-4688-b0e2-dbe00cf7c1ee' before making global git config changes
2026-10-02T01:06:41.4320087Z Adding repository directory to the temporary git global config as a safe directory
2026-10-02T01:06:41.4329299Z [command]"C:\Program Files\Git\bin\git.exe" config --global --add safe.directory C:\a\trisha\trisha
2026-10-02T01:06:41.5133810Z Deleting the contents of 'C:\a\trisha\trisha'
2026-10-02T01:06:41.5142786Z ##[group]Initializing the repository
2026-10-02T01:06:41.5151813Z [command]"C:\Program Files\Git\bin\git.exe" init C:\a\trisha\trisha
2026-10-02T01:06:41.6404383Z Initialized empty Git repository in C:/a/trisha/trisha/.git/
2026-10-02T01:06:41.6467762Z [command]"C:\Program Files\Git\bin\git.exe" remote add origin https://github.com/cyberia-to/trisha
2026-10-02T01:06:41.7107544Z ##[endgroup]
2026-10-02T01:06:41.7108252Z ##[group]Disabling automatic garbage collection
2026-10-02T01:06:41.7117058Z [command]"C:\Program Files\Git\bin\git.exe" config --local gc.auto 0
2026-10-02T01:06:41.7616130Z ##[endgroup]
2026-10-02T01:06:41.7616885Z ##[group]Setting up auth
2026-10-02T01:06:41.7629259Z [command]"C:\Program Files\Git\bin\git.exe" config --local --name-only --get-regexp core\.sshCommand
2026-10-02T01:06:41.8150751Z [command]"C:\Program Files\Git\bin\git.exe" submodule foreach --recursive "sh -c \"git config --local --name-only --get-regexp 'core\.sshCommand' && git config --local --unset-all 'core.sshCommand' || :\""
2026-10-02T01:06:43.9195416Z [command]"C:\Program Files\Git\bin\git.exe" config --local --name-only --get-regexp http\.https\:\/\/github\.com\/\.extraheader
2026-10-02T01:06:43.9720171Z [command]"C:\Program Files\Git\bin\git.exe" submodule foreach --recursive "sh -c \"git config --local --name-only --get-regexp 'http\.https\:\/\/github\.com\/\.extraheader' && git config --local --unset-all 'http.https://github.com/.extraheader' || :\""
2026-10-02T01:06:45.1055129Z [command]"C:\Program Files\Git\bin\git.exe" config --local --name-only --get-regexp ^includeIf\.gitdir:
2026-10-02T01:06:45.1573294Z [command]"C:\Program Files\Git\bin\git.exe" submodule foreach --recursive "git config --local --show-origin --name-only --get-regexp remote.origin.url"
2026-10-02T01:06:46.3256295Z [command]"C:\Program Files\Git\bin\git.exe" config --local http.https://github.com/.extraheader "AUTHORIZATION: basic ***"
2026-10-02T01:06:46.3779273Z ##[endgroup]
2026-10-02T01:06:46.3779975Z ##[group]Fetching the repository
2026-10-02T01:06:46.3793327Z [command]"C:\Program Files\Git\bin\git.exe" -c protocol.version=2 fetch --no-tags --prune --no-recurse-submodules --depth=1 origin +c94da47247457f9e819c2682e74d34f5f1756f62:refs/remotes/origin/test/0.4-native-distribution-20261002
2026-10-02T01:06:49.5776465Z From https://github.com/cyberia-to/trisha
2026-10-02T01:06:49.5777448Z  * [new ref]         c94da47247457f9e819c2682e74d34f5f1756f62 -> origin/test/0.4-native-distribution-20261002
2026-10-02T01:06:49.5834300Z ##[endgroup]
2026-10-02T01:06:49.5834798Z ##[group]Determining the checkout info
2026-10-02T01:06:49.5837038Z ##[endgroup]
2026-10-02T01:06:49.5846953Z [command]"C:\Program Files\Git\bin\git.exe" sparse-checkout disable
2026-10-02T01:06:49.6579629Z [command]"C:\Program Files\Git\bin\git.exe" config --local --unset-all extensions.worktreeConfig
2026-10-02T01:06:49.7152185Z ##[group]Checking out the ref
2026-10-02T01:06:49.7163815Z [command]"C:\Program Files\Git\bin\git.exe" checkout --progress --force -B test/0.4-native-distribution-20261002 refs/remotes/origin/test/0.4-native-distribution-20261002
2026-10-02T01:06:50.7889658Z Updating files:  82% (634/769)
2026-10-02T01:06:50.7958778Z Updating files:  83% (639/769)
2026-10-02T01:06:50.8011336Z Updating files:  84% (646/769)
2026-10-02T01:06:50.8061942Z Updating files:  85% (654/769)
2026-10-02T01:06:50.8116851Z Updating files:  86% (662/769)
2026-10-02T01:06:50.8163160Z Updating files:  87% (670/769)
2026-10-02T01:06:50.8211940Z Updating files:  88% (677/769)
2026-10-02T01:06:50.8249737Z Updating files:  89% (685/769)
2026-10-02T01:06:50.8296413Z Updating files:  90% (693/769)
2026-10-02T01:06:50.8385440Z Updating files:  91% (700/769)
2026-10-02T01:06:50.8423126Z Updating files:  92% (708/769)
2026-10-02T01:06:50.8473131Z Updating files:  93% (716/769)
2026-10-02T01:06:50.8514101Z Updating files:  94% (723/769)
2026-10-02T01:06:50.8565699Z Updating files:  95% (731/769)
2026-10-02T01:06:50.8626250Z Updating files:  96% (739/769)
2026-10-02T01:06:50.8695652Z Updating files:  97% (746/769)
2026-10-02T01:06:50.8789813Z Updating files:  98% (754/769)
2026-10-02T01:06:50.8835996Z Updating files:  99% (762/769)
2026-10-02T01:06:50.8838917Z Updating files: 100% (769/769)
2026-10-02T01:06:50.8839569Z Updating files: 100% (769/769), done.
2026-10-02T01:06:50.9310621Z Switched to a new branch 'test/0.4-native-distribution-20261002'
2026-10-02T01:06:51.0622978Z branch 'test/0.4-native-distribution-20261002' set up to track 'origin/test/0.4-native-distribution-20261002'.
2026-10-02T01:06:51.0772879Z ##[endgroup]
2026-10-02T01:06:51.1470886Z [command]"C:\Program Files\Git\bin\git.exe" log -1 --format=%H
2026-10-02T01:06:51.1931883Z c94da47247457f9e819c2682e74d34f5f1756f62
2026-10-02T01:06:51.1987699Z ##[group]Removing auth
2026-10-02T01:06:51.1999519Z [command]"C:\Program Files\Git\bin\git.exe" config --local --name-only --get-regexp core\.sshCommand
2026-10-02T01:06:51.2485107Z [command]"C:\Program Files\Git\bin\git.exe" submodule foreach --recursive "sh -c \"git config --local --name-only --get-regexp 'core\.sshCommand' && git config --local --unset-all 'core.sshCommand' || :\""
2026-10-02T01:06:52.3939949Z [command]"C:\Program Files\Git\bin\git.exe" config --local --name-only --get-regexp http\.https\:\/\/github\.com\/\.extraheader
2026-10-02T01:06:52.4354849Z http.https://github.com/.extraheader
2026-10-02T01:06:52.4408822Z [command]"C:\Program Files\Git\bin\git.exe" config --local --unset-all http.https://github.com/.extraheader
2026-10-02T01:06:52.4929917Z [command]"C:\Program Files\Git\bin\git.exe" submodule foreach --recursive "sh -c \"git config --local --name-only --get-regexp 'http\.https\:\/\/github\.com\/\.extraheader' && git config --local --unset-all 'http.https://github.com/.extraheader' || :\""
2026-10-02T01:06:53.7081760Z [command]"C:\Program Files\Git\bin\git.exe" config --local --name-only --get-regexp ^includeIf\.gitdir:
2026-10-02T01:06:53.7594401Z [command]"C:\Program Files\Git\bin\git.exe" submodule foreach --recursive "git config --local --show-origin --name-only --get-regexp remote.origin.url"
2026-10-02T01:06:54.9753249Z ##[endgroup]
2026-10-02T01:06:55.0648188Z ##[group]Run actions/setup-python@ece7cb06caefa5fff74198d8649806c4678c61a1
2026-10-02T01:06:55.0648870Z with:
2026-10-02T01:06:55.0649214Z   python-version: 3.13.15
2026-10-02T01:06:55.0649503Z   check-latest: false
2026-10-02T01:06:55.0652017Z   token: ***
2026-10-02T01:06:55.0652275Z   update-environment: true
2026-10-02T01:06:55.0652552Z   allow-prereleases: false
2026-10-02T01:06:55.0652833Z   freethreaded: false
2026-10-02T01:06:55.0653105Z ##[endgroup]
2026-10-02T01:06:55.3146045Z ##[group]Installed versions
2026-10-02T01:06:55.3244136Z Successfully set up CPython (3.13.15)
2026-10-02T01:06:55.3244850Z ##[endgroup]
2026-10-02T01:06:55.3630325Z ##[group]Run python3 -B scripts/native-candidate.py
2026-10-02T01:06:55.3631032Z [36;1mpython3 -B scripts/native-candidate.py[0m
2026-10-02T01:06:55.3659812Z shell: C:\Program Files\Git\bin\bash.EXE --noprofile --norc -e -o pipefail {0}
2026-10-02T01:06:55.3660382Z env:
2026-10-02T01:06:55.3660876Z   pythonLocation: C:\hostedtoolcache\windows\Python\3.13.15\arm64
2026-10-02T01:06:55.3661400Z   PKG_CONFIG_PATH: C:\hostedtoolcache\windows\Python\3.13.15\arm64/lib/pkgconfig
2026-10-02T01:06:55.3661892Z   Python_ROOT_DIR: C:\hostedtoolcache\windows\Python\3.13.15\arm64
2026-10-02T01:06:55.3662367Z   Python2_ROOT_DIR: C:\hostedtoolcache\windows\Python\3.13.15\arm64
2026-10-02T01:06:55.3662826Z   Python3_ROOT_DIR: C:\hostedtoolcache\windows\Python\3.13.15\arm64
2026-10-02T01:06:55.3665713Z   GH_TOKEN: ***
2026-10-02T01:06:55.3666027Z   RELEASE_TARGET: aarch64-pc-windows-msvc
2026-10-02T01:06:55.3666327Z ##[endgroup]
2026-10-02T01:07:38.0239646Z Running: C:\hostedtoolcache\windows\Python\3.13.15\arm64\python3.exe -B C:\a\_temp\cyber-candidate\unpacked\cyber-source\trisha\scripts\verify-source.py C:\a\_temp\cyber-candidate\unpacked\cyber-source
2026-10-02T01:07:43.8381975Z Running: C:\hostedtoolcache\windows\Python\3.13.15\arm64\python3.exe -B C:\a\_temp\cyber-candidate\unpacked\cyber-source\trisha\scripts\selfhost-kit.py unpack --archive C:\a\_temp\cyber-candidate\selfhost-kit.tar.gz --sha256 a3052d95c3de6d622157988a8e74826b2f0140724a634298458c3d75f6b508bd --trident C:\a\_temp\cyber-candidate\unpacked\cyber-source\trident --output C:\a\_temp\cyber-candidate\selfhost-kit
2026-10-02T01:07:47.9513885Z Running: C:\a\_temp\cyber-candidate\z3\z3-4.15.3-arm64-win\bin\z3.exe --version
2026-10-02T01:07:48.1227530Z Running: rustup toolchain install 1.89.0 --profile minimal
2026-10-02T01:07:59.6577505Z Running: C:\hostedtoolcache\windows\Python\3.13.15\arm64\python3.exe -B C:\a\_temp\cyber-candidate\unpacked\cyber-source\trisha\scripts\test_windows_process.py
2026-10-02T01:07:59.9804197Z Running: C:\a\_temp\cyber-candidate\nu\nu.exe --no-config-file C:\a\_temp\cyber-candidate\unpacked\cyber-source\trisha\scripts\build-candidate.nu C:\a\_temp\cyber-candidate\unpacked\cyber-source C:\a\_temp\cyber-candidate\candidate
2026-10-02T01:26:37.2173568Z Running: C:\hostedtoolcache\windows\Python\3.13.15\arm64\python3.exe -B C:\a\_temp\cyber-candidate\unpacked\cyber-source\trisha\scripts\selfhost-kit.py smoke --kit C:\a\_temp\cyber-candidate\selfhost-kit --joy C:\a\_temp\cyber-candidate\candidate\bin\joy.exe --trident C:\a\_temp\cyber-candidate\unpacked\cyber-source\trident --output C:\a\trisha\trisha\release-results\installed-selfhost-smoke
2026-10-02T01:26:44.8972007Z Running: cargo test --manifest-path C:\a\_temp\cyber-candidate\unpacked\cyber-source\trident\Cargo.toml --release --locked --no-fail-fast --workspace -- --test-threads=1
2026-10-02T03:13:31.9348531Z Running: cargo test --manifest-path C:\a\_temp\cyber-candidate\unpacked\cyber-source\trisha\Cargo.toml --release --locked --no-fail-fast -p trisha -p trisha-rs -p trisha-neptune -p trisha-honeycrisp -- --test-threads=1
2026-10-02T03:15:43.2988511Z Running: cargo test --manifest-path C:\a\_temp\cyber-candidate\unpacked\cyber-source\joy\Cargo.toml --release --locked --no-fail-fast --workspace -- --test-threads=1
2026-10-02T03:17:20.7292333Z Running: C:\hostedtoolcache\windows\Python\3.13.15\arm64\python3.exe -B C:\a\_temp\cyber-candidate\unpacked\cyber-source\joy\scripts\smoke-native.py --joy C:\a\_temp\cyber-candidate\candidate\bin\joy.exe --fixtures C:\a\_temp\cyber-candidate\candidate\share\trisha-release-smoke --output C:\a\trisha\trisha\release-results\joy-native-smoke
2026-10-02T03:17:28.0142176Z Running: C:\hostedtoolcache\windows\Python\3.13.15\arm64\python3.exe -B C:\a\_temp\cyber-candidate\unpacked\cyber-source\trisha\audit\native-installed-probes.py C:\a\_temp\cyber-candidate\candidate C:\a\trisha\trisha\release-results\native-process-files.json
2026-10-02T03:17:30.0063967Z Running: cargo test --manifest-path C:\a\_temp\cyber-candidate\unpacked\cyber-source\trisha\Cargo.toml --release --locked -p trisha --test deploy_transaction genuine_transaction_prepare_and_mock_gateway_process -- --ignored --exact --test-threads=1
2026-10-02T03:17:31.2199747Z Running: C:\a\_temp\cyber-candidate\candidate\bin\trisha.exe build C:\a\_temp\cyber-candidate\unpacked\cyber-source\trisha\neptune\tests\fixtures\custom_lock.tri --target neptune --profile release --output C:\a\trisha\trisha\release-results\neptune-lock.tasm
2026-10-02T03:17:31.2621641Z Running: cargo test --manifest-path C:\a\_temp\cyber-candidate\unpacked\cyber-source\trisha\Cargo.toml --release --locked -p trisha-neptune --test deployment genuine_custom_lock_transaction_and_binding_mutations -- --ignored --exact --test-threads=1
2026-10-02T03:17:32.3146642Z Running: C:\a\_temp\cyber-candidate\candidate\bin\trisha.exe bench C:\a\_temp\cyber-candidate\unpacked\cyber-source\trisha\baselines\triton
2026-10-02T03:17:51.5600386Z Running: C:\a\_temp\cyber-candidate\nu\nu.exe --no-config-file C:\a\_temp\cyber-candidate\unpacked\cyber-source\trisha\scripts\smoke-release.nu C:\a\_temp\cyber-candidate\candidate\bin C:\a\_temp\cyber-candidate\smoke пробел
2026-10-02T03:22:03.7494872Z Running: C:\hostedtoolcache\windows\Python\3.13.15\arm64\python3.exe -B C:\a\_temp\cyber-candidate\unpacked\cyber-source\trisha\scripts\verify-corpus.py C:\a\_temp\cyber-candidate\smoke пробел --seal
2026-10-02T03:22:04.7312722Z Running: C:\hostedtoolcache\windows\Python\3.13.15\arm64\python3.exe -B C:\a\_temp\cyber-candidate\unpacked\cyber-source\trisha\scripts\verify-corpus.py C:\a\_temp\cyber-candidate\smoke пробел --candidate C:\a\_temp\cyber-candidate\candidate --receipt C:\a\trisha\trisha\release-results\local-corpus-verification.json
2026-10-02T03:22:12.2365938Z Running: C:\a\_temp\cyber-candidate\nu\nu.exe --no-config-file C:\a\_temp\cyber-candidate\unpacked\cyber-source\trisha\scripts\package-binaries.nu C:\a\_temp\cyber-candidate\candidate C:\a\trisha\trisha\release-results\cyber-tools-aarch64-pc-windows-msvc.zip --smoke C:\a\_temp\cyber-candidate\smoke пробел\smoke.json --selfhost-kit C:\a\_temp\cyber-candidate\selfhost-kit.tar.gz --selfhost-kit-sha256 a3052d95c3de6d622157988a8e74826b2f0140724a634298458c3d75f6b508bd --selfhost-smoke C:\a\trisha\trisha\release-results\installed-selfhost-smoke\receipt.json
2026-10-02T03:22:38.3340765Z Running: C:\a\_temp\cyber-candidate\nu\nu.exe --no-config-file C:\a\_temp\cyber-candidate\unpacked\cyber-source\trisha\scripts\package-binaries.nu C:\a\_temp\cyber-candidate\candidate C:\a\_temp\cyber-candidate\repacked.zip --smoke C:\a\_temp\cyber-candidate\smoke пробел\smoke.json --selfhost-kit C:\a\_temp\cyber-candidate\selfhost-kit.tar.gz --selfhost-kit-sha256 a3052d95c3de6d622157988a8e74826b2f0140724a634298458c3d75f6b508bd --selfhost-smoke C:\a\trisha\trisha\release-results\installed-selfhost-smoke\receipt.json
2026-10-02T03:22:48.2780981Z Running: C:\hostedtoolcache\windows\Python\3.13.15\arm64\python3.exe -B C:\a\_temp\cyber-candidate\unpacked\cyber-source\trisha\scripts\selfhost-kit.py smoke --kit C:\a\_temp\cyber-candidate\installed\cyber-tools\share\trident-selfhost --joy C:\a\_temp\cyber-candidate\installed\cyber-tools\bin\joy.exe --trident C:\a\_temp\cyber-candidate\unpacked\cyber-source\trident --output C:\a\trisha\trisha\release-results\unpacked-selfhost-smoke
2026-10-02T03:22:55.9905834Z Running: C:\hostedtoolcache\windows\Python\3.13.15\arm64\python3.exe -B C:\a\_temp\cyber-candidate\unpacked\cyber-source\trisha\scripts\smoke-lsp.py C:\a\_temp\cyber-candidate\installed\cyber-tools\bin\trident-lsp.exe
2026-10-02T03:22:56.2026317Z Running: C:\hostedtoolcache\windows\Python\3.13.15\arm64\python3.exe -B C:\a\_temp\cyber-candidate\unpacked\cyber-source\trisha\scripts\archive-source.py C:\a\_temp\cyber-candidate\smoke пробел C:\a\trisha\trisha\release-results\proof-corpus-aarch64-pc-windows-msvc.tar.gz --prefix proof-corpus --epoch 0
2026-10-02T03:22:59.2895064Z ##[group]Run actions/upload-artifact@ea165f8d65b6e75b540449e92b4886f43607fa02
2026-10-02T03:22:59.2896066Z with:
2026-10-02T03:22:59.2896653Z   name: candidate-aarch64-pc-windows-msvc
2026-10-02T03:22:59.2897209Z   path: release-results/
2026-10-02T03:22:59.2897470Z   if-no-files-found: error
2026-10-02T03:22:59.2898439Z   retention-days: 30
2026-10-02T03:22:59.2898702Z   compression-level: 6
2026-10-02T03:22:59.2899414Z   overwrite: false
2026-10-02T03:22:59.2899996Z   include-hidden-files: false
2026-10-02T03:22:59.2900303Z env:
2026-10-02T03:22:59.2900615Z   pythonLocation: C:\hostedtoolcache\windows\Python\3.13.15\arm64
2026-10-02T03:22:59.2901631Z   PKG_CONFIG_PATH: C:\hostedtoolcache\windows\Python\3.13.15\arm64/lib/pkgconfig
2026-10-02T03:22:59.2902684Z   Python_ROOT_DIR: C:\hostedtoolcache\windows\Python\3.13.15\arm64
2026-10-02T03:22:59.2903234Z   Python2_ROOT_DIR: C:\hostedtoolcache\windows\Python\3.13.15\arm64
2026-10-02T03:22:59.2904950Z   Python3_ROOT_DIR: C:\hostedtoolcache\windows\Python\3.13.15\arm64
2026-10-02T03:22:59.2905674Z ##[endgroup]
2026-10-02T03:23:00.2709327Z (node:8844) [DEP0040] DeprecationWarning: The `punycode` module is deprecated. Please use a userland alternative instead.
2026-10-02T03:23:00.2710384Z (Use `node --trace-deprecation ...` to show where the warning was created)
2026-10-02T03:23:00.3789920Z With the provided path, there will be 268 files uploaded
2026-10-02T03:23:00.3800972Z Artifact name is valid!
2026-10-02T03:23:00.3804241Z Root directory input is valid!
2026-10-02T03:23:00.6838926Z Beginning upload of artifact content to blob storage
2026-10-02T03:23:00.9862441Z (node:8844) [DEP0169] DeprecationWarning: `url.parse()` behavior is not standardized and prone to errors that have security implications. Use the WHATWG URL API instead. CVEs are not issued for `url.parse()` vulnerabilities.
2026-10-02T03:23:01.4048985Z Uploaded bytes 8388608
2026-10-02T03:23:01.8821593Z Uploaded bytes 16777216
2026-10-02T03:23:02.0268266Z Uploaded bytes 25165824
2026-10-02T03:23:02.3638185Z Uploaded bytes 33554432
2026-10-02T03:23:02.7066747Z Uploaded bytes 41943040
2026-10-02T03:23:02.9841815Z Uploaded bytes 50331648
2026-10-02T03:23:03.2290299Z Uploaded bytes 58720256
2026-10-02T03:23:03.4945615Z Uploaded bytes 67108864
2026-10-02T03:23:03.7883794Z Uploaded bytes 75497472
2026-10-02T03:23:03.9424408Z Uploaded bytes 79359650
2026-10-02T03:23:03.9763112Z Finished uploading artifact content to blob storage!
2026-10-02T03:23:03.9768157Z SHA256 digest of uploaded artifact zip is 510fb6ebc05807dbdb8b9f4da7dffb577986114b5eeb479b2181181fceef6e58
2026-10-02T03:23:03.9770226Z Finalizing artifact upload
2026-10-02T03:23:04.2067512Z Artifact candidate-aarch64-pc-windows-msvc.zip successfully finalized. Artifact ID 11207109355
2026-10-02T03:23:04.2068371Z Artifact candidate-aarch64-pc-windows-msvc has been successfully uploaded! Final size is 79359650 bytes. Artifact ID is 11207109355
2026-10-02T03:23:04.2088361Z Artifact download URL: https://github.com/cyberia-to/trisha/actions/runs/36949324686/artifacts/11207109355
2026-10-02T03:23:04.2918628Z Post job cleanup.
2026-10-02T03:23:04.7315117Z Post job cleanup.
2026-10-02T03:23:05.1239447Z [command]"C:\Program Files\Git\bin\git.exe" version
2026-10-02T03:23:05.2051723Z git version 2.55.0.windows.5
2026-10-02T03:23:05.2140672Z Temporarily overriding HOME='C:\a\_temp\b876cfc7-dbc6-44af-8b69-564087386015' before making global git config changes
2026-10-02T03:23:05.2141863Z Adding repository directory to the temporary git global config as a safe directory
2026-10-02T03:23:05.2151343Z [command]"C:\Program Files\Git\bin\git.exe" config --global --add safe.directory C:\a\trisha\trisha
2026-10-02T03:23:05.2760542Z [command]"C:\Program Files\Git\bin\git.exe" config --local --name-only --get-regexp core\.sshCommand
2026-10-02T03:23:05.3494828Z [command]"C:\Program Files\Git\bin\git.exe" submodule foreach --recursive "sh -c \"git config --local --name-only --get-regexp 'core\.sshCommand' && git config --local --unset-all 'core.sshCommand' || :\""
2026-10-02T03:23:06.7169346Z [command]"C:\Program Files\Git\bin\git.exe" config --local --name-only --get-regexp http\.https\:\/\/github\.com\/\.extraheader
2026-10-02T03:23:06.7723463Z [command]"C:\Program Files\Git\bin\git.exe" submodule foreach --recursive "sh -c \"git config --local --name-only --get-regexp 'http\.https\:\/\/github\.com\/\.extraheader' && git config --local --unset-all 'http.https://github.com/.extraheader' || :\""
2026-10-02T03:23:08.0133173Z [command]"C:\Program Files\Git\bin\git.exe" config --local --name-only --get-regexp ^includeIf\.gitdir:
2026-10-02T03:23:08.0660302Z [command]"C:\Program Files\Git\bin\git.exe" submodule foreach --recursive "git config --local --show-origin --name-only --get-regexp remote.origin.url"
2026-10-02T03:23:09.3368750Z Cleaning up orphan processes
2026-10-02T03:23:09.4828339Z Terminate orphan process: pid (8464) (vctip)
2026-10-02T03:23:09.4955180Z ##[warning]Node.js 20 is deprecated. The following actions target Node.js 20 but are being forced to run on Node.js 24: actions/checkout@11d5960a326750d5838078e36cf38b85af677262, actions/upload-artifact@ea165f8d65b6e75b540449e92b4886f43607fa02. For more information see: https://github.blog/changelog/2025-09-19-deprecation-of-node-20-on-github-actions-runners/
