{
  "scope": "Complete actual current 734df69d Mac ARM native producer and198 proof gate; cross-consumer matrix separate",
  "status": "passed",
  "source_sha256": "734df69dc7d43467fc9ae574c7cf7b25eb9b4ec9bc08e9ca3f96b9500131f42e",
  "source_provenance_sha256": "3c6f2ced084812e73f97c069169f83807fc5d389e54b581dd52f10982cd5b227",
  "kit_sha256": "a3052d95c3de6d622157988a8e74826b2f0140724a634298458c3d75f6b508bd",
  "runner_revision": "ecdc4e2ea131c50a860036e34ee7636b91fb8dde",
  "candidate_sha256": "5a98849d67115fd9e1d2ccb59f0e3a3e68dc47c5700f5c09adec6eacc8cd43f4",
  "binaries": {
    "trident": "fd7a560f19aba2dc5767966126210d7d25b9f06ed7adaf9deab843574aa2ed68",
    "trident-lsp": "e6f241608ba8c35f83c97c81b2444087cfbaf7ccd19d8b5c05bf65e89765dded",
    "trisha": "2b096706c9b6905e960d19c93903c1b0e8ea203d21893838dbfa650ca1e0c25a",
    "joy": "cd8403626c29740b41e62c3160636bbce3a8ccd9abadc75d0b0bb874b6e441e6"
  },
  "cpu": {
    "trident": {
      "passed": 762,
      "test_binaries": 2,
      "log_sha256": "6e4b713b17a0029a9b7611b073ce4e9ec221adcc3d967173a6286ea779c2b1bd"
    },
    "trisha": {
      "passed": 429,
      "test_binaries": 64,
      "log_sha256": "d18b662564b83bb1cddc42ed855d904f2b0300d2f7d47640153ae3139e89e79e"
    },
    "joy": {
      "passed": 215,
      "test_binaries": 29,
      "log_sha256": "95d02384717c046a960c22c32f25f52e3c1b47705cbde5518065a1f190d5c0d7"
    },
    "nox": {
      "passed": 245,
      "test_binaries": 1,
      "log_sha256": "2ca13e8d025a7a342f7f150c177c11e0d5a6dd51cabf2a370e39bc17b06752c0"
    }
  },
  "proof_gate": {
    "all_checks_passed": true,
    "fresh_verified_proofs": 198,
    "positive_fixtures_passed": 99,
    "negative_fixtures_rejected": 34,
    "inputs_unchanged": true,
    "elapsed_seconds": 4050.502510332968,
    "peak_rss_bytes": 15023194112,
    "started_sha256": "26aaeaa969a3a21c4108a49e795f29a18fed4289fa29d02a93fb64adca72906a",
    "log_sha256": "22ce921b5c7cf1e0f3a2f0adbf94e8cdeb1bbf5f9b96f1a872bd27175db4e4ec"
  },
  "driver_elapsed_seconds": 4885.090305750025,
  "outer_build_smoke_process_group_peak_bytes": 10900701184,
  "resource_scope": "Outer build/smoke and inner proof process groups measured separately",
  "archive": {
    "path": "rehearsal-20261002-734df69d-local-rust189-evidence.tar.gz",
    "bytes": 85557916,
    "sha256": "54db68904fc8c92f1446c46cb7b90345a05e026a92b46e6ccb259822a3328204"
  },
  "retainer_sha256": "897e55e336a487e7f2961317a2b59233d5e0aaf4e1c57baeed26f3d7bc9fe96a"
}
