2026-10-02T01:06:38.0222057Z Current runner version: '2.337.0'
2026-10-02T01:06:38.0256103Z ##[group]Runner Image Provisioner
2026-10-02T01:06:38.0257450Z Hosted Compute Agent
2026-10-02T01:06:38.0258449Z Version: 20260901.588
2026-10-02T01:06:38.0259829Z Commit: f88ec8081b781fac6c440065ac7ff9e710ce3d0b
2026-10-02T01:06:38.0261013Z Build Date: 2026-09-01T19:56:44Z
2026-10-02T01:06:38.0262094Z Worker ID: {0ef5b99d-2330-4a8c-8ed3-dc6f53d1c688}
2026-10-02T01:06:38.0263514Z Azure Region: eastus
2026-10-02T01:06:38.0264379Z ##[endgroup]
2026-10-02T01:06:38.0266526Z ##[group]Operating System
2026-10-02T01:06:38.0267588Z Microsoft Windows Server 2022
2026-10-02T01:06:38.0268548Z 10.0.20348
2026-10-02T01:06:38.0269432Z Datacenter
2026-10-02T01:06:38.0270259Z ##[endgroup]
2026-10-02T01:06:38.0271131Z ##[group]Runner Image
2026-10-02T01:06:38.0272135Z Image: windows-2022
2026-10-02T01:06:38.0273098Z Version: 20260927.320.1
2026-10-02T01:06:38.0275505Z Included Software: https://github.com/actions/runner-images/blob/win22/20260927.320/images/windows/Windows2022-Readme.md
2026-10-02T01:06:38.0278236Z Image Release: https://github.com/actions/runner-images/releases/tag/win22%2F20260927.320
2026-10-02T01:06:38.0280289Z ##[endgroup]
2026-10-02T01:06:38.0282492Z ##[group]GITHUB_TOKEN Permissions
2026-10-02T01:06:38.0285153Z Contents: write
2026-10-02T01:06:38.0286051Z Metadata: read
2026-10-02T01:06:38.0286946Z ##[endgroup]
2026-10-02T01:06:38.0290444Z Secret source: Actions
2026-10-02T01:06:38.0292323Z Cache mode: write
2026-10-02T01:06:38.0293505Z Prepare workflow directory
2026-10-02T01:06:38.0751647Z Prepare all required actions
2026-10-02T01:06:38.0821443Z Getting action download info
2026-10-02T01:06:38.2495962Z Download action repository 'actions/checkout@11d5960a326750d5838078e36cf38b85af677262' (SHA:11d5960a326750d5838078e36cf38b85af677262)
2026-10-02T01:06:38.3834711Z Download action repository 'actions/setup-python@ece7cb06caefa5fff74198d8649806c4678c61a1' (SHA:ece7cb06caefa5fff74198d8649806c4678c61a1)
2026-10-02T01:06:38.5110381Z Download action repository 'actions/upload-artifact@ea165f8d65b6e75b540449e92b4886f43607fa02' (SHA:ea165f8d65b6e75b540449e92b4886f43607fa02)
2026-10-02T01:06:38.8459963Z Complete job name: native (windows-2022, x86_64-pc-windows-msvc)
2026-10-02T01:06:39.0291901Z ##[group]Run actions/checkout@11d5960a326750d5838078e36cf38b85af677262
2026-10-02T01:06:39.0293784Z with:
2026-10-02T01:06:39.0294297Z   persist-credentials: false
2026-10-02T01:06:39.0294861Z   repository: cyberia-to/trisha
2026-10-02T01:06:39.0299159Z   token: ***
2026-10-02T01:06:39.0299599Z   ssh-strict: true
2026-10-02T01:06:39.0300035Z   ssh-user: git
2026-10-02T01:06:39.0300458Z   clean: true
2026-10-02T01:06:39.0300907Z   sparse-checkout-cone-mode: true
2026-10-02T01:06:39.0301441Z   fetch-depth: 1
2026-10-02T01:06:39.0301870Z   fetch-tags: false
2026-10-02T01:06:39.0302322Z   show-progress: true
2026-10-02T01:06:39.0302763Z   lfs: false
2026-10-02T01:06:39.0303176Z   submodules: false
2026-10-02T01:06:39.0303681Z   set-safe-directory: true
2026-10-02T01:06:39.0304201Z   allow-unsafe-pr-checkout: false
2026-10-02T01:06:39.0305032Z ##[endgroup]
2026-10-02T01:06:39.1764704Z Syncing repository: cyberia-to/trisha
2026-10-02T01:06:39.1766689Z ##[group]Getting Git version info
2026-10-02T01:06:39.1767411Z Working directory is 'D:\a\trisha\trisha'
2026-10-02T01:06:39.2874791Z [command]"C:\Program Files\Git\bin\git.exe" version
2026-10-02T01:06:39.7004393Z git version 2.55.0.windows.5
2026-10-02T01:06:39.7044086Z ##[endgroup]
2026-10-02T01:06:39.7062082Z Temporarily overriding HOME='D:\a\_temp\39b32e53-9bf5-4931-8028-047650fa41bc' before making global git config changes
2026-10-02T01:06:39.7064012Z Adding repository directory to the temporary git global config as a safe directory
2026-10-02T01:06:39.7073226Z [command]"C:\Program Files\Git\bin\git.exe" config --global --add safe.directory D:\a\trisha\trisha
2026-10-02T01:06:39.7646951Z Deleting the contents of 'D:\a\trisha\trisha'
2026-10-02T01:06:39.7651858Z ##[group]Initializing the repository
2026-10-02T01:06:39.7660935Z [command]"C:\Program Files\Git\bin\git.exe" init D:\a\trisha\trisha
2026-10-02T01:06:39.8521952Z Initialized empty Git repository in D:/a/trisha/trisha/.git/
2026-10-02T01:06:39.8561102Z [command]"C:\Program Files\Git\bin\git.exe" remote add origin https://github.com/cyberia-to/trisha
2026-10-02T01:06:39.9122262Z ##[endgroup]
2026-10-02T01:06:39.9123820Z ##[group]Disabling automatic garbage collection
2026-10-02T01:06:39.9130458Z [command]"C:\Program Files\Git\bin\git.exe" config --local gc.auto 0
2026-10-02T01:06:39.9351323Z ##[endgroup]
2026-10-02T01:06:39.9353058Z ##[group]Setting up auth
2026-10-02T01:06:39.9363755Z [command]"C:\Program Files\Git\bin\git.exe" config --local --name-only --get-regexp core\.sshCommand
2026-10-02T01:06:39.9587554Z [command]"C:\Program Files\Git\bin\git.exe" submodule foreach --recursive "sh -c \"git config --local --name-only --get-regexp 'core\.sshCommand' && git config --local --unset-all 'core.sshCommand' || :\""
2026-10-02T01:06:41.4163927Z [command]"C:\Program Files\Git\bin\git.exe" config --local --name-only --get-regexp http\.https\:\/\/github\.com\/\.extraheader
2026-10-02T01:06:41.4404497Z [command]"C:\Program Files\Git\bin\git.exe" submodule foreach --recursive "sh -c \"git config --local --name-only --get-regexp 'http\.https\:\/\/github\.com\/\.extraheader' && git config --local --unset-all 'http.https://github.com/.extraheader' || :\""
2026-10-02T01:06:41.9396554Z [command]"C:\Program Files\Git\bin\git.exe" config --local --name-only --get-regexp ^includeIf\.gitdir:
2026-10-02T01:06:41.9667261Z [command]"C:\Program Files\Git\bin\git.exe" submodule foreach --recursive "git config --local --show-origin --name-only --get-regexp remote.origin.url"
2026-10-02T01:06:42.4567301Z [command]"C:\Program Files\Git\bin\git.exe" config --local http.https://github.com/.extraheader "AUTHORIZATION: basic ***"
2026-10-02T01:06:42.4828379Z ##[endgroup]
2026-10-02T01:06:42.4829264Z ##[group]Fetching the repository
2026-10-02T01:06:42.4848531Z [command]"C:\Program Files\Git\bin\git.exe" -c protocol.version=2 fetch --no-tags --prune --no-recurse-submodules --depth=1 origin +c94da47247457f9e819c2682e74d34f5f1756f62:refs/remotes/origin/test/0.4-native-distribution-20261002
2026-10-02T01:06:45.3836475Z From https://github.com/cyberia-to/trisha
2026-10-02T01:06:45.3837768Z  * [new ref]         c94da47247457f9e819c2682e74d34f5f1756f62 -> origin/test/0.4-native-distribution-20261002
2026-10-02T01:06:45.3868062Z ##[endgroup]
2026-10-02T01:06:45.3868797Z ##[group]Determining the checkout info
2026-10-02T01:06:45.3871730Z ##[endgroup]
2026-10-02T01:06:45.3881383Z [command]"C:\Program Files\Git\bin\git.exe" sparse-checkout disable
2026-10-02T01:06:45.4296307Z [command]"C:\Program Files\Git\bin\git.exe" config --local --unset-all extensions.worktreeConfig
2026-10-02T01:06:45.4534594Z ##[group]Checking out the ref
2026-10-02T01:06:45.4550156Z [command]"C:\Program Files\Git\bin\git.exe" checkout --progress --force -B test/0.4-native-distribution-20261002 refs/remotes/origin/test/0.4-native-distribution-20261002
2026-10-02T01:06:46.1038994Z Switched to a new branch 'test/0.4-native-distribution-20261002'
2026-10-02T01:06:46.1104461Z branch 'test/0.4-native-distribution-20261002' set up to track 'origin/test/0.4-native-distribution-20261002'.
2026-10-02T01:06:46.1206288Z ##[endgroup]
2026-10-02T01:06:46.1524301Z [command]"C:\Program Files\Git\bin\git.exe" log -1 --format=%H
2026-10-02T01:06:46.1733769Z c94da47247457f9e819c2682e74d34f5f1756f62
2026-10-02T01:06:46.1762169Z ##[group]Removing auth
2026-10-02T01:06:46.1769945Z [command]"C:\Program Files\Git\bin\git.exe" config --local --name-only --get-regexp core\.sshCommand
2026-10-02T01:06:46.1992848Z [command]"C:\Program Files\Git\bin\git.exe" submodule foreach --recursive "sh -c \"git config --local --name-only --get-regexp 'core\.sshCommand' && git config --local --unset-all 'core.sshCommand' || :\""
2026-10-02T01:06:46.6592755Z [command]"C:\Program Files\Git\bin\git.exe" config --local --name-only --get-regexp http\.https\:\/\/github\.com\/\.extraheader
2026-10-02T01:06:46.6796617Z http.https://github.com/.extraheader
2026-10-02T01:06:46.6828500Z [command]"C:\Program Files\Git\bin\git.exe" config --local --unset-all http.https://github.com/.extraheader
2026-10-02T01:06:46.7055950Z [command]"C:\Program Files\Git\bin\git.exe" submodule foreach --recursive "sh -c \"git config --local --name-only --get-regexp 'http\.https\:\/\/github\.com\/\.extraheader' && git config --local --unset-all 'http.https://github.com/.extraheader' || :\""
2026-10-02T01:06:47.1849000Z [command]"C:\Program Files\Git\bin\git.exe" config --local --name-only --get-regexp ^includeIf\.gitdir:
2026-10-02T01:06:47.2139485Z [command]"C:\Program Files\Git\bin\git.exe" submodule foreach --recursive "git config --local --show-origin --name-only --get-regexp remote.origin.url"
2026-10-02T01:06:47.6597402Z ##[endgroup]
2026-10-02T01:06:47.6970346Z ##[group]Run actions/setup-python@ece7cb06caefa5fff74198d8649806c4678c61a1
2026-10-02T01:06:47.6970830Z with:
2026-10-02T01:06:47.7039785Z   python-version: 3.13.15
2026-10-02T01:06:47.7040065Z   check-latest: false
2026-10-02T01:06:47.7043066Z   token: ***
2026-10-02T01:06:47.7043268Z   update-environment: true
2026-10-02T01:06:47.7043501Z   allow-prereleases: false
2026-10-02T01:06:47.7043716Z   freethreaded: false
2026-10-02T01:06:47.7043920Z ##[endgroup]
2026-10-02T01:06:47.8582282Z ##[group]Installed versions
2026-10-02T01:06:47.8632839Z Successfully set up CPython (3.13.15)
2026-10-02T01:06:47.8633559Z ##[endgroup]
2026-10-02T01:06:47.8868761Z ##[group]Run python3 -B scripts/native-candidate.py
2026-10-02T01:06:47.8869266Z [36;1mpython3 -B scripts/native-candidate.py[0m
2026-10-02T01:06:47.8958230Z shell: C:\Program Files\Git\bin\bash.EXE --noprofile --norc -e -o pipefail {0}
2026-10-02T01:06:47.8958674Z env:
2026-10-02T01:06:47.8958965Z   pythonLocation: C:\hostedtoolcache\windows\Python\3.13.15\x64
2026-10-02T01:06:47.8959513Z   PKG_CONFIG_PATH: C:\hostedtoolcache\windows\Python\3.13.15\x64/lib/pkgconfig
2026-10-02T01:06:47.8960052Z   Python_ROOT_DIR: C:\hostedtoolcache\windows\Python\3.13.15\x64
2026-10-02T01:06:47.8960503Z   Python2_ROOT_DIR: C:\hostedtoolcache\windows\Python\3.13.15\x64
2026-10-02T01:06:47.8960952Z   Python3_ROOT_DIR: C:\hostedtoolcache\windows\Python\3.13.15\x64
2026-10-02T01:06:47.8964140Z   GH_TOKEN: ***
2026-10-02T01:06:47.8964353Z   RELEASE_TARGET: x86_64-pc-windows-msvc
2026-10-02T01:06:47.8964605Z ##[endgroup]
2026-10-02T01:07:11.8798371Z Running: C:\hostedtoolcache\windows\Python\3.13.15\x64\python3.exe -B D:\a\_temp\cyber-candidate\unpacked\cyber-source\trisha\scripts\verify-source.py D:\a\_temp\cyber-candidate\unpacked\cyber-source
2026-10-02T01:07:20.7647311Z Running: C:\hostedtoolcache\windows\Python\3.13.15\x64\python3.exe -B D:\a\_temp\cyber-candidate\unpacked\cyber-source\trisha\scripts\selfhost-kit.py unpack --archive D:\a\_temp\cyber-candidate\selfhost-kit.tar.gz --sha256 a3052d95c3de6d622157988a8e74826b2f0140724a634298458c3d75f6b508bd --trident D:\a\_temp\cyber-candidate\unpacked\cyber-source\trident --output D:\a\_temp\cyber-candidate\selfhost-kit
2026-10-02T01:07:25.5067674Z Running: D:\a\_temp\cyber-candidate\z3\z3-4.15.3-x64-win\bin\z3.exe --version
2026-10-02T01:07:25.5225092Z Running: rustup toolchain install 1.89.0 --profile minimal
2026-10-02T01:07:35.7571435Z Running: C:\hostedtoolcache\windows\Python\3.13.15\x64\python3.exe -B D:\a\_temp\cyber-candidate\unpacked\cyber-source\trisha\scripts\test_windows_process.py
2026-10-02T01:07:36.2922102Z Running: D:\a\_temp\cyber-candidate\nu\nu.exe --no-config-file D:\a\_temp\cyber-candidate\unpacked\cyber-source\trisha\scripts\build-candidate.nu D:\a\_temp\cyber-candidate\unpacked\cyber-source D:\a\_temp\cyber-candidate\candidate
2026-10-02T01:28:08.4814216Z Running: C:\hostedtoolcache\windows\Python\3.13.15\x64\python3.exe -B D:\a\_temp\cyber-candidate\unpacked\cyber-source\trisha\scripts\selfhost-kit.py smoke --kit D:\a\_temp\cyber-candidate\selfhost-kit --joy D:\a\_temp\cyber-candidate\candidate\bin\joy.exe --trident D:\a\_temp\cyber-candidate\unpacked\cyber-source\trident --output D:\a\trisha\trisha\release-results\installed-selfhost-smoke
2026-10-02T01:28:17.6612847Z Running: cargo test --manifest-path D:\a\_temp\cyber-candidate\unpacked\cyber-source\trident\Cargo.toml --release --locked --no-fail-fast --workspace -- --test-threads=1
2026-10-02T03:37:57.2858498Z Running: cargo test --manifest-path D:\a\_temp\cyber-candidate\unpacked\cyber-source\trisha\Cargo.toml --release --locked --no-fail-fast -p trisha -p trisha-rs -p trisha-neptune -p trisha-honeycrisp -- --test-threads=1
2026-10-02T03:40:21.4852267Z Running: cargo test --manifest-path D:\a\_temp\cyber-candidate\unpacked\cyber-source\joy\Cargo.toml --release --locked --no-fail-fast --workspace -- --test-threads=1
2026-10-02T03:42:12.8118369Z Running: C:\hostedtoolcache\windows\Python\3.13.15\x64\python3.exe -B D:\a\_temp\cyber-candidate\unpacked\cyber-source\joy\scripts\smoke-native.py --joy D:\a\_temp\cyber-candidate\candidate\bin\joy.exe --fixtures D:\a\_temp\cyber-candidate\candidate\share\trisha-release-smoke --output D:\a\trisha\trisha\release-results\joy-native-smoke
2026-10-02T03:42:20.9523677Z Running: C:\hostedtoolcache\windows\Python\3.13.15\x64\python3.exe -B D:\a\_temp\cyber-candidate\unpacked\cyber-source\trisha\audit\native-installed-probes.py D:\a\_temp\cyber-candidate\candidate D:\a\trisha\trisha\release-results\native-process-files.json
2026-10-02T03:42:22.3097817Z Running: cargo test --manifest-path D:\a\_temp\cyber-candidate\unpacked\cyber-source\trisha\Cargo.toml --release --locked -p trisha --test deploy_transaction genuine_transaction_prepare_and_mock_gateway_process -- --ignored --exact --test-threads=1
2026-10-02T03:42:23.3907677Z Running: D:\a\_temp\cyber-candidate\candidate\bin\trisha.exe build D:\a\_temp\cyber-candidate\unpacked\cyber-source\trisha\neptune\tests\fixtures\custom_lock.tri --target neptune --profile release --output D:\a\trisha\trisha\release-results\neptune-lock.tasm
2026-10-02T03:42:23.4283363Z Running: cargo test --manifest-path D:\a\_temp\cyber-candidate\unpacked\cyber-source\trisha\Cargo.toml --release --locked -p trisha-neptune --test deployment genuine_custom_lock_transaction_and_binding_mutations -- --ignored --exact --test-threads=1
2026-10-02T03:42:24.3901940Z Running: D:\a\_temp\cyber-candidate\candidate\bin\trisha.exe bench D:\a\_temp\cyber-candidate\unpacked\cyber-source\trisha\baselines\triton
2026-10-02T03:42:48.3742964Z Running: D:\a\_temp\cyber-candidate\nu\nu.exe --no-config-file D:\a\_temp\cyber-candidate\unpacked\cyber-source\trisha\scripts\smoke-release.nu D:\a\_temp\cyber-candidate\candidate\bin D:\a\_temp\cyber-candidate\smoke пробел
2026-10-02T03:50:27.3443195Z Running: C:\hostedtoolcache\windows\Python\3.13.15\x64\python3.exe -B D:\a\_temp\cyber-candidate\unpacked\cyber-source\trisha\scripts\verify-corpus.py D:\a\_temp\cyber-candidate\smoke пробел --seal
2026-10-02T03:50:28.2805955Z Running: C:\hostedtoolcache\windows\Python\3.13.15\x64\python3.exe -B D:\a\_temp\cyber-candidate\unpacked\cyber-source\trisha\scripts\verify-corpus.py D:\a\_temp\cyber-candidate\smoke пробел --candidate D:\a\_temp\cyber-candidate\candidate --receipt D:\a\trisha\trisha\release-results\local-corpus-verification.json
2026-10-02T03:50:36.5802800Z Running: D:\a\_temp\cyber-candidate\nu\nu.exe --no-config-file D:\a\_temp\cyber-candidate\unpacked\cyber-source\trisha\scripts\package-binaries.nu D:\a\_temp\cyber-candidate\candidate D:\a\trisha\trisha\release-results\cyber-tools-x86_64-pc-windows-msvc.zip --smoke D:\a\_temp\cyber-candidate\smoke пробел\smoke.json --selfhost-kit D:\a\_temp\cyber-candidate\selfhost-kit.tar.gz --selfhost-kit-sha256 a3052d95c3de6d622157988a8e74826b2f0140724a634298458c3d75f6b508bd --selfhost-smoke D:\a\trisha\trisha\release-results\installed-selfhost-smoke\receipt.json
2026-10-02T03:50:50.5566058Z Running: D:\a\_temp\cyber-candidate\nu\nu.exe --no-config-file D:\a\_temp\cyber-candidate\unpacked\cyber-source\trisha\scripts\package-binaries.nu D:\a\_temp\cyber-candidate\candidate D:\a\_temp\cyber-candidate\repacked.zip --smoke D:\a\_temp\cyber-candidate\smoke пробел\smoke.json --selfhost-kit D:\a\_temp\cyber-candidate\selfhost-kit.tar.gz --selfhost-kit-sha256 a3052d95c3de6d622157988a8e74826b2f0140724a634298458c3d75f6b508bd --selfhost-smoke D:\a\trisha\trisha\release-results\installed-selfhost-smoke\receipt.json
2026-10-02T03:51:04.7124467Z Running: C:\hostedtoolcache\windows\Python\3.13.15\x64\python3.exe -B D:\a\_temp\cyber-candidate\unpacked\cyber-source\trisha\scripts\selfhost-kit.py smoke --kit D:\a\_temp\cyber-candidate\installed\cyber-tools\share\trident-selfhost --joy D:\a\_temp\cyber-candidate\installed\cyber-tools\bin\joy.exe --trident D:\a\_temp\cyber-candidate\unpacked\cyber-source\trident --output D:\a\trisha\trisha\release-results\unpacked-selfhost-smoke
2026-10-02T03:51:13.8784721Z Running: C:\hostedtoolcache\windows\Python\3.13.15\x64\python3.exe -B D:\a\_temp\cyber-candidate\unpacked\cyber-source\trisha\scripts\smoke-lsp.py D:\a\_temp\cyber-candidate\installed\cyber-tools\bin\trident-lsp.exe
2026-10-02T03:51:13.9748184Z Running: C:\hostedtoolcache\windows\Python\3.13.15\x64\python3.exe -B D:\a\_temp\cyber-candidate\unpacked\cyber-source\trisha\scripts\archive-source.py D:\a\_temp\cyber-candidate\smoke пробел D:\a\trisha\trisha\release-results\proof-corpus-x86_64-pc-windows-msvc.tar.gz --prefix proof-corpus --epoch 0
2026-10-02T03:51:16.2569868Z ##[group]Run actions/upload-artifact@ea165f8d65b6e75b540449e92b4886f43607fa02
2026-10-02T03:51:16.2570754Z with:
2026-10-02T03:51:16.2571141Z   name: candidate-x86_64-pc-windows-msvc
2026-10-02T03:51:16.2571618Z   path: release-results/
2026-10-02T03:51:16.2572011Z   if-no-files-found: error
2026-10-02T03:51:16.2572428Z   retention-days: 30
2026-10-02T03:51:16.2572789Z   compression-level: 6
2026-10-02T03:51:16.2573173Z   overwrite: false
2026-10-02T03:51:16.2573492Z   include-hidden-files: false
2026-10-02T03:51:16.2573824Z env:
2026-10-02T03:51:16.2574204Z   pythonLocation: C:\hostedtoolcache\windows\Python\3.13.15\x64
2026-10-02T03:51:16.2574899Z   PKG_CONFIG_PATH: C:\hostedtoolcache\windows\Python\3.13.15\x64/lib/pkgconfig
2026-10-02T03:51:16.2575547Z   Python_ROOT_DIR: C:\hostedtoolcache\windows\Python\3.13.15\x64
2026-10-02T03:51:16.2576124Z   Python2_ROOT_DIR: C:\hostedtoolcache\windows\Python\3.13.15\x64
2026-10-02T03:51:16.2576844Z   Python3_ROOT_DIR: C:\hostedtoolcache\windows\Python\3.13.15\x64
2026-10-02T03:51:16.2577311Z ##[endgroup]
2026-10-02T03:51:17.1012797Z (node:6620) [DEP0040] DeprecationWarning: The `punycode` module is deprecated. Please use a userland alternative instead.
2026-10-02T03:51:17.1013675Z (Use `node --trace-deprecation ...` to show where the warning was created)
2026-10-02T03:51:17.2096947Z With the provided path, there will be 268 files uploaded
2026-10-02T03:51:17.2104495Z Artifact name is valid!
2026-10-02T03:51:17.2106865Z Root directory input is valid!
2026-10-02T03:51:17.4660228Z Beginning upload of artifact content to blob storage
2026-10-02T03:51:17.7737129Z (node:6620) [DEP0169] DeprecationWarning: `url.parse()` behavior is not standardized and prone to errors that have security implications. Use the WHATWG URL API instead. CVEs are not issued for `url.parse()` vulnerabilities.
2026-10-02T03:51:17.9340846Z Uploaded bytes 8388608
2026-10-02T03:51:18.2033236Z Uploaded bytes 16777216
2026-10-02T03:51:18.6842754Z Uploaded bytes 25165824
2026-10-02T03:51:19.0227260Z Uploaded bytes 33554432
2026-10-02T03:51:19.4378457Z Uploaded bytes 41943040
2026-10-02T03:51:19.7592520Z Uploaded bytes 50331648
2026-10-02T03:51:20.0218367Z Uploaded bytes 58720256
2026-10-02T03:51:20.3317715Z Uploaded bytes 67108864
2026-10-02T03:51:20.5949729Z Uploaded bytes 75497472
2026-10-02T03:51:20.8463270Z Uploaded bytes 80170540
2026-10-02T03:51:20.8666802Z Finished uploading artifact content to blob storage!
2026-10-02T03:51:20.8671656Z SHA256 digest of uploaded artifact zip is 0a08d54f1125a376f1b6ff6ee42bb9945e6bf1420303be835990c9f4b1ff01dd
2026-10-02T03:51:20.8674102Z Finalizing artifact upload
2026-10-02T03:51:21.1303453Z Artifact candidate-x86_64-pc-windows-msvc.zip successfully finalized. Artifact ID 11208420793
2026-10-02T03:51:21.1305486Z Artifact candidate-x86_64-pc-windows-msvc has been successfully uploaded! Final size is 80170540 bytes. Artifact ID is 11208420793
2026-10-02T03:51:21.1317192Z Artifact download URL: https://github.com/cyberia-to/trisha/actions/runs/36949324686/artifacts/11208420793
2026-10-02T03:51:21.1765552Z Post job cleanup.
2026-10-02T03:51:21.4847786Z Post job cleanup.
2026-10-02T03:51:21.7794754Z [command]"C:\Program Files\Git\bin\git.exe" version
2026-10-02T03:51:21.8709876Z git version 2.55.0.windows.5
2026-10-02T03:51:21.8779325Z Temporarily overriding HOME='D:\a\_temp\51a6b6b2-408a-408a-8e95-935ef6323d45' before making global git config changes
2026-10-02T03:51:21.8780688Z Adding repository directory to the temporary git global config as a safe directory
2026-10-02T03:51:21.8792777Z [command]"C:\Program Files\Git\bin\git.exe" config --global --add safe.directory D:\a\trisha\trisha
2026-10-02T03:51:21.9142883Z [command]"C:\Program Files\Git\bin\git.exe" config --local --name-only --get-regexp core\.sshCommand
2026-10-02T03:51:21.9446405Z [command]"C:\Program Files\Git\bin\git.exe" submodule foreach --recursive "sh -c \"git config --local --name-only --get-regexp 'core\.sshCommand' && git config --local --unset-all 'core.sshCommand' || :\""
2026-10-02T03:51:22.5861999Z [command]"C:\Program Files\Git\bin\git.exe" config --local --name-only --get-regexp http\.https\:\/\/github\.com\/\.extraheader
2026-10-02T03:51:22.6156484Z [command]"C:\Program Files\Git\bin\git.exe" submodule foreach --recursive "sh -c \"git config --local --name-only --get-regexp 'http\.https\:\/\/github\.com\/\.extraheader' && git config --local --unset-all 'http.https://github.com/.extraheader' || :\""
2026-10-02T03:51:23.1155274Z [command]"C:\Program Files\Git\bin\git.exe" config --local --name-only --get-regexp ^includeIf\.gitdir:
2026-10-02T03:51:23.1398239Z [command]"C:\Program Files\Git\bin\git.exe" submodule foreach --recursive "git config --local --show-origin --name-only --get-regexp remote.origin.url"
2026-10-02T03:51:23.6132742Z Cleaning up orphan processes
2026-10-02T03:51:23.6471103Z Terminate orphan process: pid (7992) (vctip)
2026-10-02T03:51:23.6627228Z ##[warning]Node.js 20 is deprecated. The following actions target Node.js 20 but are being forced to run on Node.js 24: actions/checkout@11d5960a326750d5838078e36cf38b85af677262, actions/upload-artifact@ea165f8d65b6e75b540449e92b4886f43607fa02. For more information see: https://github.blog/changelog/2025-09-19-deprecation-of-node-20-on-github-actions-runners/
