{
  "bbg": {
    "status": "identical"
  },
  "hemera": {
    "status": "identical"
  },
  "honeycrisp": {
    "status": "identical"
  },
  "joy": {
    "status": "ahead",
    "ahead_by": 3,
    "merge_base_sha": "11b7bad201cbfc03955290b5479fa6684f8e2b82"
  },
  "lens": {
    "status": "identical"
  },
  "neuron": {
    "status": "identical"
  },
  "nox": {
    "status": "identical"
  },
  "strata": {
    "status": "identical"
  },
  "trident": {
    "status": "identical"
  },
  "trisha": {
    "status": "ahead",
    "ahead_by": 22,
    "merge_base_sha": "191c6e03fa855be3b70b5aa5e4ee78be1ebffe91"
  },
  "zheng": {
    "status": "identical"
  }
}
