Fetching twenty-first 1.1.0...
verified twenty-first 1.1.0 SHA256 2f2127e955aea73cc584e429c544f4a5997128fd5e4021c852cb63f309bf51ea
Fetching triton-vm 7.0.0...
verified triton-vm 7.0.0 SHA256 5b7f98e447c631135092a38c29a5ba286e77540759560287f6798e2e840a3c79
Fetching triton-air 7.0.0...
verified triton-air 7.0.0 SHA256 05100018626561a14bdfee44f9e47c767bbec7c645f4707ac5a3541ec648d49f
Fetching triton-isa 7.0.0...
verified triton-isa 7.0.0 SHA256 ee155aabdd118aa503e9bfe46e67c67a46d3c06b57b3ff94fa5a6ebf149e2371
Fetching triton-constraint-circuit 7.0.0...
verified triton-constraint-circuit 7.0.0 SHA256 961bfa562c091b39f65b8fa0c27890db36ed8968ff9cf1c842db548c76941536
Fetching triton-constraint-builder 7.0.0...
verified triton-constraint-builder 7.0.0 SHA256 ceb01697a5d694084a6cb889cd543b86c6f7d8bf972f0f7ccac249a4aae63390
  [T0] twenty-first and triton-vm: hashed Rust library outputs
  [T1] twenty-first: MerkleTree::from_nodes constructor
  [0] gpu.rs — GpuAccelerator trait
  [1] lib.rs — pub mod gpu
  [2] visibility — pub(crate) → pub
  [3] hash dispatch — Tip5 batch hashing
  [4] iNTT dispatch — polynomial interpolation
  [5] Merkle tree dispatch — GPU tree construction
  [6] FRI fold dispatch — GPU split-and-fold
  [7] Forward NTT dispatch — restore original trace
  [8] GEMV dispatch — weighted_sum_of_columns
  [9] explicit crate reexports and Copy metadata
verified bfieldcodec_derive 0.7.0 SHA256 4265eba9f15a272bf097026963df8badd58ea1b12b9fe4c01666bffef5aa6a9b
verified bfieldcodec_derive 0.7.1 SHA256 c4f7308e7d82c44dc1acb583abc3d2fc9c6453920312ef98a1c29ced05512a62
verified tasm-lib 7.0.0 SHA256 db7abc899995c0d6b41d82180e1e6cce607916b1677857326c37a28514dcfb87
verified tasm-object-derive 7.0.0 SHA256 2dd2733bd907d9dcd39df837cfe4feba2ef10aeba6547e8688e6b35efafdd3d7
Pinned tasm-lib7.0.0 installed with upstream security fixes.
Done. GPU overlay and pinned upstream fixes applied to .vendor/
