44343041f1224dd884e3cb4025907bc8befc7624	refs/heads/chore/0.2.0
80a8ca90208c3b49c4f2a8507d75fd17785fdfe3	refs/heads/chore/coordinated-release-20260916
72d6630015b11a041101ac2fb201c016fd1bd048	refs/heads/docs/0.4-dynamic-memory-relation
1d7f497c8afaf3cbc342b2a2be170a33c7e73da6	refs/heads/docs/universal-step-ccs-plan
bb6c9b985d87935b6c36a5f9ebc2a5e6ee5bc880	refs/heads/feat/0.4-disclosed-certificate-stream
2ea6a87a26b6d79d84cf69fff1fdc6d276a57ea6	refs/heads/feat/0.4-disclosed-evaluation-dag
24a87077e7e2853d402b4dfc83eb9f9aa2f78ea7	refs/heads/feat/0.4-disclosed-noun-memory
7771326096ba6c9c1ab0e60f035d6a0123549e2c	refs/heads/feat/0.4-disclosed-semantic-stream
e320f641a8d208b5a007b61b743cb046bc9ee211	refs/heads/feat/0.4-native-private-proofs
2f79869a81a28daff3d700863ec593339ba4d08f	refs/heads/feat/0.4-noun-cost-relation
1d3fc9feaaa4cf9005518466b831b3e4434748ee	refs/heads/feat/axis-openings
9f796b859e16a7434f2a6c2f284c48a50008e01d	refs/heads/feat/hash-openings
14b32635a2e71099f5a4e9126d9c6728d45e0837	refs/heads/feat/look-root
6979f4f202416dd24102b98a026ae01d5860f047	refs/heads/feat/pattern-15-root
552b125034d9b2ca29a637bff5b50e915c14f7e8	refs/heads/feat/proof-serde
d44df9d89982ac3c2ec7d22f086a90de1c0259f4	refs/heads/feat/universal-step-ccs
a8d562a92ac538cc136474e240fc0ce5bb9aea8b	refs/heads/fix/0.4-legacy-wire-example
b54b209b91b8bf99c2975c4c24493a2411c23079	refs/heads/fix/0.4-private-witness-hardening
8eb337edbd705248fa25b60bc516ab3c6f23e493	refs/heads/fix/fold-step-witness-gate
86e388265e2783c0003b273f955ad9f55daeb717	refs/heads/fix/group-by-structure
3760de03d1d37c7791c72dc8ee6306b71bf25f0a	refs/heads/fix/node-dependency-zheng
e4dc342c13cac055fbf5c9b6c23963224a5cd118	refs/heads/fix/unchecked-wire-bytes
5ae689e1d1966529c322a4283005565458937b69	refs/heads/fix/warrior-release
88b6cbf3fe8fad8b7d17cbdfa0c453c2b588a763	refs/heads/fix/witness-off-the-wire
7bf121a818c53001538da4af48dd29197889ebb0	refs/heads/launch/10-p1-signal-content-leak
c975883a156903d7fb70cb03e1ec5868f7e41c5d	refs/heads/launch/150-phi-star-graph-commit-binding
87c8e687f46c09b608c758d3536e3af69e4978c0	refs/heads/launch/184-phi-star-iterations-bound
cbba19ede050fa520c6a8679f8a3d60b90f4d84a	refs/heads/launch/233-sumcheck-prover-release-checks
4a9b34617fff2ddcc298b2780756c5e578ea499f	refs/heads/launch/40-sumcheck-degree-check
88aa24fb658d7058d8c6e43bb5c9cc0dd7c77bf8	refs/heads/launch/5-fold-order-independence
117db77e4e5bf61744fd663f2c6e64a8b372f284	refs/heads/launch/80-spmv-bounds-check
e2af1ffd46b22bf80e5232b4c435b16eb6e02e40	refs/heads/launch/84-multilinear-eval-assert
f806cf41e4daa9237b4f19a0d63696e9d8b04752	refs/heads/launch/85-sumcheck-prover-assert
b5f811a0b6400c8fd107c72e2c7d8bc6959748bd	refs/heads/launch/89-fold-root-replay-assert
68b77268ea33b50d2bb24e3ad67c3977352c0a60	refs/heads/launch/93-sumcheck-postcondition-asserts
d3faa04a71f3dd831696c2b4453afeacf4c95c34	refs/heads/launch/99-ccs-release-asserts
a2c9a78205cda829addabdd1348bc43e0a940525	refs/heads/launch/scan-zheng-clean-build
44bd5bfec5cb6764123ea513a33a26c0877a488c	refs/heads/master
0d7ba6d422d9b825f9685e903e55252f88ebecd9	refs/heads/release/0.4
