/Users/master/cyber/.worktrees/selfhost-0.4-finalization-20261002/distribution/local-macos/temporary/cyber-candidate/candidate/bin/joy:
Load command 0
      cmd LC_SEGMENT_64
  cmdsize 72
  segname __PAGEZERO
   vmaddr 0x0000000000000000
   vmsize 0x0000000100000000
  fileoff 0
 filesize 0
  maxprot 0x00000000
 initprot 0x00000000
   nsects 0
    flags 0x0
Load command 1
      cmd LC_SEGMENT_64
  cmdsize 712
  segname __TEXT
   vmaddr 0x0000000100000000
   vmsize 0x00000000003e0000
  fileoff 0
 filesize 4063232
  maxprot 0x00000005
 initprot 0x00000005
   nsects 8
    flags 0x0
Section
  sectname __text
   segname __TEXT
      addr 0x00000001000008c0
      size 0x000000000029e684
    offset 2240
     align 2^2 (4)
    reloff 0
    nreloc 0
     flags 0x80000400
 reserved1 0
 reserved2 0
Section
  sectname __stubs
   segname __TEXT
      addr 0x000000010029ef44
      size 0x00000000000005a0
    offset 2748228
     align 2^2 (4)
    reloff 0
    nreloc 0
     flags 0x80000408
 reserved1 0 (index into indirect symbol table)
 reserved2 12 (size of stubs)
Section
  sectname __stub_helper
   segname __TEXT
      addr 0x000000010029f4e4
      size 0x00000000000005b8
    offset 2749668
     align 2^2 (4)
    reloff 0
    nreloc 0
     flags 0x80000400
 reserved1 0
 reserved2 0
Section
  sectname __gcc_except_tab
   segname __TEXT
      addr 0x000000010029fa9c
      size 0x0000000000021510
    offset 2751132
     align 2^2 (4)
    reloff 0
    nreloc 0
     flags 0x00000000
 reserved1 0
 reserved2 0
Section
  sectname __const
   segname __TEXT
      addr 0x00000001002c1000
      size 0x00000000000adb20
    offset 2887680
     align 2^7 (128)
    reloff 0
    nreloc 0
     flags 0x00000000
 reserved1 0
 reserved2 0
Section
  sectname __cstring
   segname __TEXT
      addr 0x000000010036eb20
      size 0x000000000000aa08
    offset 3599136
     align 2^0 (1)
    reloff 0
    nreloc 0
     flags 0x00000002
 reserved1 0
 reserved2 0
Section
  sectname __unwind_info
   segname __TEXT
      addr 0x0000000100379528
      size 0x000000000000e328
    offset 3642664
     align 2^2 (4)
    reloff 0
    nreloc 0
     flags 0x00000000
 reserved1 0
 reserved2 0
Section
  sectname __eh_frame
   segname __TEXT
      addr 0x0000000100387850
      size 0x0000000000056aec
    offset 3700816
     align 2^3 (8)
    reloff 0
    nreloc 0
     flags 0x6800000b
 reserved1 0
 reserved2 0
Load command 2
      cmd LC_SEGMENT_64
  cmdsize 232
  segname __DATA_CONST
   vmaddr 0x00000001003e0000
   vmsize 0x000000000000c000
  fileoff 4063232
 filesize 49152
  maxprot 0x00000003
 initprot 0x00000003
   nsects 2
    flags 0x10
Section
  sectname __got
   segname __DATA_CONST
      addr 0x00000001003e0000
      size 0x0000000000000010
    offset 4063232
     align 2^3 (8)
    reloff 0
    nreloc 0
     flags 0x00000006
 reserved1 120 (index into indirect symbol table)
 reserved2 0
Section
  sectname __const
   segname __DATA_CONST
      addr 0x00000001003e0010
      size 0x000000000000b0c8
    offset 4063248
     align 2^3 (8)
    reloff 0
    nreloc 0
     flags 0x00000000
 reserved1 0
 reserved2 0
Load command 3
      cmd LC_SEGMENT_64
  cmdsize 632
  segname __DATA
   vmaddr 0x00000001003ec000
   vmsize 0x0000000000004000
  fileoff 4112384
 filesize 16384
  maxprot 0x00000003
 initprot 0x00000003
   nsects 7
    flags 0x0
Section
  sectname __la_symbol_ptr
   segname __DATA
      addr 0x00000001003ec000
      size 0x00000000000003c0
    offset 4112384
     align 2^3 (8)
    reloff 0
    nreloc 0
     flags 0x00000007
 reserved1 122 (index into indirect symbol table)
 reserved2 0
Section
  sectname __data
   segname __DATA
      addr 0x00000001003ec3c0
      size 0x00000000000018e8
    offset 4113344
     align 2^3 (8)
    reloff 0
    nreloc 0
     flags 0x00000000
 reserved1 0
 reserved2 0
Section
  sectname __thread_vars
   segname __DATA
      addr 0x00000001003edca8
      size 0x00000000000000f0
    offset 4119720
     align 2^3 (8)
    reloff 0
    nreloc 0
     flags 0x00000013
 reserved1 0
 reserved2 0
Section
  sectname __thread_data
   segname __DATA
      addr 0x00000001003edd98
      size 0x0000000000000020
    offset 4119960
     align 2^3 (8)
    reloff 0
    nreloc 0
     flags 0x00000011
 reserved1 0
 reserved2 0
Section
  sectname __thread_bss
   segname __DATA
      addr 0x00000001003eddb8
      size 0x00000000000000a8
    offset 0
     align 2^3 (8)
    reloff 0
    nreloc 0
     flags 0x00000012
 reserved1 0
 reserved2 0
Section
  sectname __bss
   segname __DATA
      addr 0x00000001003ede60
      size 0x0000000000000098
    offset 0
     align 2^3 (8)
    reloff 0
    nreloc 0
     flags 0x00000001
 reserved1 0
 reserved2 0
Section
  sectname __common
   segname __DATA
      addr 0x00000001003edef8
      size 0x0000000000000050
    offset 0
     align 2^3 (8)
    reloff 0
    nreloc 0
     flags 0x00000001
 reserved1 0
 reserved2 0
Load command 4
      cmd LC_SEGMENT_64
  cmdsize 72
  segname __LINKEDIT
   vmaddr 0x00000001003f0000
   vmsize 0x00000000000cc000
  fileoff 4128768
 filesize 833344
  maxprot 0x00000001
 initprot 0x00000001
   nsects 0
    flags 0x0
Load command 5
            cmd LC_DYLD_INFO_ONLY
        cmdsize 48
     rebase_off 4128768
    rebase_size 1104
       bind_off 4129872
      bind_size 48
  weak_bind_off 0
 weak_bind_size 0
  lazy_bind_off 4129920
 lazy_bind_size 2592
     export_off 4132512
    export_size 65328
Load command 6
     cmd LC_SYMTAB
 cmdsize 24
  symoff 4206920
   nsyms 9273
  stroff 4356256
 strsize 567208
Load command 7
            cmd LC_DYSYMTAB
        cmdsize 80
      ilocalsym 0
      nlocalsym 8136
     iextdefsym 8136
     nextdefsym 1015
      iundefsym 9151
      nundefsym 122
         tocoff 0
           ntoc 0
      modtaboff 0
        nmodtab 0
   extrefsymoff 0
    nextrefsyms 0
 indirectsymoff 4355288
  nindirectsyms 242
      extreloff 0
        nextrel 0
      locreloff 0
        nlocrel 0
Load command 8
          cmd LC_LOAD_DYLINKER
      cmdsize 32
         name /usr/lib/dyld (offset 12)
Load command 9
     cmd LC_UUID
 cmdsize 24
    uuid DCACCD76-0A92-36F8-B8EC-47A5B24B4613
Load command 10
      cmd LC_BUILD_VERSION
  cmdsize 32
 platform 1
    minos 11.0
      sdk 26.4
   ntools 1
     tool 3
  version 1266.8
Load command 11
      cmd LC_SOURCE_VERSION
  cmdsize 16
  version 0.0
Load command 12
       cmd LC_MAIN
   cmdsize 24
  entryoff 236568
 stacksize 0
Load command 13
          cmd LC_LOAD_DYLIB
      cmdsize 56
         name /usr/lib/libiconv.2.dylib (offset 24)
   time stamp 2 Thu Jan  1 00:00:02 1970
      current version 7.0.0
compatibility version 7.0.0
Load command 14
          cmd LC_LOAD_DYLIB
      cmdsize 56
         name /usr/lib/libSystem.B.dylib (offset 24)
   time stamp 2 Thu Jan  1 00:00:02 1970
      current version 1356.0.0
compatibility version 1.0.0
Load command 15
      cmd LC_FUNCTION_STARTS
  cmdsize 16
  dataoff 4197840
 datasize 9080
Load command 16
      cmd LC_DATA_IN_CODE
  cmdsize 16
  dataoff 4206920
 datasize 0
Load command 17
      cmd LC_CODE_SIGNATURE
  cmdsize 16
  dataoff 4923472
 datasize 38640
