/Users/master/cyber/.worktrees/selfhost-0.4-finalization-20261002/distribution/local-macos/temporary/cyber-candidate/candidate/bin/trident-lsp:
Load command 0
      cmd LC_SEGMENT_64
  cmdsize 72
  segname __PAGEZERO
   vmaddr 0x0000000000000000
   vmsize 0x0000000100000000
  fileoff 0
 filesize 0
  maxprot 0x00000000
 initprot 0x00000000
   nsects 0
    flags 0x0
Load command 1
      cmd LC_SEGMENT_64
  cmdsize 712
  segname __TEXT
   vmaddr 0x0000000100000000
   vmsize 0x00000000004a4000
  fileoff 0
 filesize 4866048
  maxprot 0x00000005
 initprot 0x00000005
   nsects 8
    flags 0x0
Section
  sectname __text
   segname __TEXT
      addr 0x00000001000008c0
      size 0x00000000002c6360
    offset 2240
     align 2^2 (4)
    reloff 0
    nreloc 0
     flags 0x80000400
 reserved1 0
 reserved2 0
Section
  sectname __stubs
   segname __TEXT
      addr 0x00000001002c6c20
      size 0x000000000000057c
    offset 2911264
     align 2^2 (4)
    reloff 0
    nreloc 0
     flags 0x80000408
 reserved1 0 (index into indirect symbol table)
 reserved2 12 (size of stubs)
Section
  sectname __stub_helper
   segname __TEXT
      addr 0x00000001002c719c
      size 0x0000000000000594
    offset 2912668
     align 2^2 (4)
    reloff 0
    nreloc 0
     flags 0x80000400
 reserved1 0
 reserved2 0
Section
  sectname __gcc_except_tab
   segname __TEXT
      addr 0x00000001002c7730
      size 0x000000000002f940
    offset 2914096
     align 2^2 (4)
    reloff 0
    nreloc 0
     flags 0x00000000
 reserved1 0
 reserved2 0
Section
  sectname __const
   segname __TEXT
      addr 0x00000001002f7080
      size 0x00000000001229b8
    offset 3108992
     align 2^7 (128)
    reloff 0
    nreloc 0
     flags 0x00000000
 reserved1 0
 reserved2 0
Section
  sectname __cstring
   segname __TEXT
      addr 0x0000000100419a38
      size 0x00000000000082f4
    offset 4299320
     align 2^0 (1)
    reloff 0
    nreloc 0
     flags 0x00000002
 reserved1 0
 reserved2 0
Section
  sectname __unwind_info
   segname __TEXT
      addr 0x0000000100421d2c
      size 0x0000000000012c88
    offset 4332844
     align 2^2 (4)
    reloff 0
    nreloc 0
     flags 0x00000000
 reserved1 0
 reserved2 0
Section
  sectname __eh_frame
   segname __TEXT
      addr 0x00000001004349b8
      size 0x000000000006cb08
    offset 4409784
     align 2^3 (8)
    reloff 0
    nreloc 0
     flags 0x6800000b
 reserved1 0
 reserved2 0
Load command 2
      cmd LC_SEGMENT_64
  cmdsize 232
  segname __DATA_CONST
   vmaddr 0x00000001004a4000
   vmsize 0x0000000000014000
  fileoff 4866048
 filesize 81920
  maxprot 0x00000003
 initprot 0x00000003
   nsects 2
    flags 0x10
Section
  sectname __got
   segname __DATA_CONST
      addr 0x00000001004a4000
      size 0x0000000000000010
    offset 4866048
     align 2^3 (8)
    reloff 0
    nreloc 0
     flags 0x00000006
 reserved1 117 (index into indirect symbol table)
 reserved2 0
Section
  sectname __const
   segname __DATA_CONST
      addr 0x00000001004a4010
      size 0x0000000000013150
    offset 4866064
     align 2^3 (8)
    reloff 0
    nreloc 0
     flags 0x00000000
 reserved1 0
 reserved2 0
Load command 3
      cmd LC_SEGMENT_64
  cmdsize 632
  segname __DATA
   vmaddr 0x00000001004b8000
   vmsize 0x0000000000004000
  fileoff 4947968
 filesize 16384
  maxprot 0x00000003
 initprot 0x00000003
   nsects 7
    flags 0x0
Section
  sectname __la_symbol_ptr
   segname __DATA
      addr 0x00000001004b8000
      size 0x00000000000003a8
    offset 4947968
     align 2^3 (8)
    reloff 0
    nreloc 0
     flags 0x00000007
 reserved1 119 (index into indirect symbol table)
 reserved2 0
Section
  sectname __data
   segname __DATA
      addr 0x00000001004b83a8
      size 0x0000000000001030
    offset 4948904
     align 2^3 (8)
    reloff 0
    nreloc 0
     flags 0x00000000
 reserved1 0
 reserved2 0
Section
  sectname __thread_vars
   segname __DATA
      addr 0x00000001004b93d8
      size 0x0000000000000180
    offset 4953048
     align 2^3 (8)
    reloff 0
    nreloc 0
     flags 0x00000013
 reserved1 0
 reserved2 0
Section
  sectname __thread_data
   segname __DATA
      addr 0x00000001004b9558
      size 0x00000000000000a8
    offset 4953432
     align 2^3 (8)
    reloff 0
    nreloc 0
     flags 0x00000011
 reserved1 0
 reserved2 0
Section
  sectname __thread_bss
   segname __DATA
      addr 0x00000001004b9600
      size 0x00000000000001c8
    offset 0
     align 2^3 (8)
    reloff 0
    nreloc 0
     flags 0x00000012
 reserved1 0
 reserved2 0
Section
  sectname __bss
   segname __DATA
      addr 0x00000001004b97c8
      size 0x00000000000000b0
    offset 0
     align 2^3 (8)
    reloff 0
    nreloc 0
     flags 0x00000001
 reserved1 0
 reserved2 0
Section
  sectname __common
   segname __DATA
      addr 0x00000001004b9878
      size 0x0000000000000070
    offset 0
     align 2^3 (8)
    reloff 0
    nreloc 0
     flags 0x00000001
 reserved1 0
 reserved2 0
Load command 4
      cmd LC_SEGMENT_64
  cmdsize 72
  segname __LINKEDIT
   vmaddr 0x00000001004bc000
   vmsize 0x000000000016c000
  fileoff 4964352
 filesize 1478976
  maxprot 0x00000001
 initprot 0x00000001
   nsects 0
    flags 0x0
Load command 5
            cmd LC_DYLD_INFO_ONLY
        cmdsize 48
     rebase_off 4964352
    rebase_size 2176
       bind_off 4966528
      bind_size 48
  weak_bind_off 0
 weak_bind_size 0
  lazy_bind_off 4966576
 lazy_bind_size 2608
     export_off 4969184
    export_size 165072
Load command 6
     cmd LC_SYMTAB
 cmdsize 24
  symoff 5145784
   nsyms 13688
  stroff 5365736
 strsize 1027488
Load command 7
            cmd LC_DYSYMTAB
        cmdsize 80
      ilocalsym 0
      nlocalsym 11988
     iextdefsym 11988
     nextdefsym 1581
      iundefsym 13569
      nundefsym 119
         tocoff 0
           ntoc 0
      modtaboff 0
        nmodtab 0
   extrefsymoff 0
    nextrefsyms 0
 indirectsymoff 5364792
  nindirectsyms 236
      extreloff 0
        nextrel 0
      locreloff 0
        nlocrel 0
Load command 8
          cmd LC_LOAD_DYLINKER
      cmdsize 32
         name /usr/lib/dyld (offset 12)
Load command 9
     cmd LC_UUID
 cmdsize 24
    uuid 97273FDA-00A5-3ED9-A113-B75BB9799883
Load command 10
      cmd LC_BUILD_VERSION
  cmdsize 32
 platform 1
    minos 11.0
      sdk 26.4
   ntools 1
     tool 3
  version 1266.8
Load command 11
      cmd LC_SOURCE_VERSION
  cmdsize 16
  version 0.0
Load command 12
       cmd LC_MAIN
   cmdsize 24
  entryoff 1163004
 stacksize 0
Load command 13
          cmd LC_LOAD_DYLIB
      cmdsize 56
         name /usr/lib/libiconv.2.dylib (offset 24)
   time stamp 2 Thu Jan  1 00:00:02 1970
      current version 7.0.0
compatibility version 7.0.0
Load command 14
          cmd LC_LOAD_DYLIB
      cmdsize 56
         name /usr/lib/libSystem.B.dylib (offset 24)
   time stamp 2 Thu Jan  1 00:00:02 1970
      current version 1356.0.0
compatibility version 1.0.0
Load command 15
      cmd LC_FUNCTION_STARTS
  cmdsize 16
  dataoff 5134256
 datasize 11528
Load command 16
      cmd LC_DATA_IN_CODE
  cmdsize 16
  dataoff 5145784
 datasize 0
Load command 17
      cmd LC_CODE_SIGNATURE
  cmdsize 16
  dataoff 6393232
 datasize 50096
