22277b84a1794837bf6c8ac00dab6c7d9bf8f4d9	refs/heads/chore/0.2.0
de6e0e31322a5260cfb0786926e355a1155ac849	refs/heads/chore/0.2.1
1d39975ad199b48c350fa4cc011cbf6f289480ee	refs/heads/chore/coordinated-release-20260916
744407d53fdbdd5dd83376c2493dee92a7e628cb	refs/heads/chore/zheng-0.3
c570523df714198f34b04889ff224f6c13c5cb44	refs/heads/docs/foculus-links
ef149e5a5eff81834e4507a47781ebae22a99588	refs/heads/feat/atomic-application-storage
b1b273dbbc784fc4f49814294b7cc7c825389aa2	refs/heads/feat/durable-content
6d9f9660424f76869336bd4d1edbb926966d8ad8	refs/heads/feat/field-native-root
c6537c58703a071c286b7d898c70a0d819749650	refs/heads/feat/queryproof-serde
6c7d9b42b586ee7570c8353a10d95aa2a88a4259	refs/heads/fix/look-e2e-bbg-root
74065b8be92e35575131b4492adec0a3516cb00d	refs/heads/fix/node-storage-dependency
99d68358b200c5da4735a447fe499c11e2853ec3	refs/heads/launch/126-frame-signal-alloc-bound
5e56c17843659e527ee9583d92a3860800fc640f	refs/heads/launch/134-bbg-dim-tests
f68bf817450783bac431ddbfa124504ab98a0e9e	refs/heads/launch/141-commit-dim-sorted-check
e7b0760c8ee89acc223443210c9eb1e1ef444eb0	refs/heads/launch/142-verify-opening-unbound-audit
927b28f540c6e41d2a1c069566ce3ce41cc20ef6	refs/heads/launch/18-2-evict-warm-after-checkpoint
bf1f52827480ae212da4e229ec5818d1141fb32f	refs/heads/launch/18-archival-population-checkpoint
8bfe84609db846e3eb0215fd51fb6ff049a9e4a5	refs/heads/launch/18-archival-schedule
664f147f3231375a5c05d28c11a0c8d3a9837632	refs/heads/launch/18-checkpoint-coverage
4d311e55f082a078e7a165782e6578501705a9a7	refs/heads/launch/18-storage-fork-audit
b9dac27d25554522c8f5a78682582ae5b8e649c4	refs/heads/launch/18-storage-review
339098123ed3bb1c9d5143fb511c13c87ec2a1fa	refs/heads/launch/18-warm-archival-population
7695814f2fecaa42c783e6752962e9e1d31e4760	refs/heads/launch/180-frame-decode-bound
7aae0bc52a52016b21860f24953fa3cfc33f5868	refs/heads/launch/221-bbg-balance-saturating
c5c99ef2de19f267f431e1d4e3d260d812cfa7a1	refs/heads/launch/23-das-sample-wiring
4bced5a1a5d81141352b755ab96533aae886d3fe	refs/heads/launch/23-network-store-audit
d9707aa19b27ccb2b680204571666c3bf5b3c6b1	refs/heads/launch/23-tiered-header-comment
b55352a1ca20361acb38dd57fe1ea91fab05bd57	refs/heads/launch/40-verify-neuron-bound
0673b27d178d3f0951357107819a3c5ed8cc7b58	refs/heads/launch/40-verify-particle-bound
d0f33459a5c22fb9ec2a1afbc1b4b731c9f73f10	refs/heads/launch/40-verify-query-unbound
f87874c7e7e253649f6e1351cfc51d194c1b2e0e	refs/heads/launch/44-bbg-clean-checkout-pins
db83211798f2c017e36df847c0bd2bd35519514c	refs/heads/launch/71-bbg-cli-dim-height-tests
958ce5f998c1809a6917407e5bf5e8cc4abfae0a	refs/heads/launch/72-verify-particle-unbound
b63ca50788f4d40339489920b558814694981475	refs/heads/launch/86-fetch-content-hash-check
abe1b83118256086f1c96292cd3ac20fbba7625b	refs/heads/launch/9-signal-record-key
8394ade302b4c14381dd9ddca9ce35af02d76a8a	refs/heads/launch/9-signal-record-order-collision
a3c9a0c22bfb78ef891265f9e2cd25838ef77c2d	refs/heads/master
