302c9156a6801ddba35f2ec3c63a79980ca586f8	refs/heads/chore/0.2.0-publish-ready
531e93c4a08bd715a8e8ec61d2089ba7768c6d39	refs/heads/chore/coordinated-release-20260916
1a5137ccd25613dca24ac7a4fafb6bb4e6730b10	refs/heads/chore/exclude-media-from-package
fca4f7dda530f226a677aecb5561e0cffc1f90d2	refs/heads/chore/trinity-poc-parameters
43ed1a0849f116c7e99fd97c5d169a59e2b95c57	refs/heads/docs/0.2.0-release-notes
b027c27e70047b29c2f29f031b221063c29082ed	refs/heads/docs/0.4-native-private-joy
bbcd7e455af1a92c6f2bb971dd3470325fad922f	refs/heads/docs/0.4-native-proof-acceptance
6f5f85c96f2fdae3181054f71c1027b4614b8e10	refs/heads/docs/500k
7da40b2617fa042695344ad3fddd980bc831a37a	refs/heads/docs/compile-help
a925e9d28af6de59fe3199c34cc163c0c9eb2c2b	refs/heads/docs/constant-size-proofs
eb803e2ac166a9a11c457b1e702ca843df1a1998	refs/heads/docs/emitter-scope
bc445e3ea899fc87019c62120c81cd834d52d462	refs/heads/docs/hero-nox-default
e4769e2366b104e6e8cb966afd95617f68fabc39	refs/heads/docs/landing-emitter-scope
067c6fee78f23f13c186dddc3f3e49cd814c6021	refs/heads/docs/mental-model-nox
02512973cf6cadfa853fd15d32ce6570dc5f3e8c	refs/heads/docs/nox-column
4b340e54d6cd80086fbd7a31644c4d9e747473c6	refs/heads/docs/plan-warrior-owns-lowering
4c43c2aceeed64a3a5836595b4476afaef195bbf	refs/heads/docs/proof-sizes
f6d1efe28e54c8ad026b6433e82fc1f783a38828	refs/heads/docs/published-release-20260916
5f884d273e21536d074bc460f7444b43ae818e01	refs/heads/docs/readme-nox-rewrite
625168ac56deb70e8c117fac437d3938b9de8591	refs/heads/docs/silicon-backends
7aaa4e381314a7a19ee89f15f85b69ebb4fb6b9e	refs/heads/docs/targets-nox-row
a9cf55fe0dbebc80483b0b81843ff54f2fc95291	refs/heads/docs/trinity-polynomial-state
16d12aa7ecb3bd74b1d0aec9692e6ba06d380669	refs/heads/feat/0.4-compiler-profile
90ac882be8fe8b7af861ac8d8ba7aa9e9f291eb9	refs/heads/feat/0.4-full-native-bootstrap
1569338a1a1400c217ee0da4fcc9846815786ae6	refs/heads/feat/0.4-generated-compiler-profiles
77d0a9e98ae8204e1eb83e5bbefe5d010f819703	refs/heads/feat/0.4-guest-constant-linking
f69f1f521bb0e868103f5cced3d5b346532e12d0	refs/heads/feat/0.4-guest-function-imports
5d9b029e3bb3c2976198a7a12805a9532515f429	refs/heads/feat/0.4-guest-imported-constants
1133760a734ee358073eb7d30b87ad86dc386ffb	refs/heads/feat/0.4-guest-intrinsics
5d9f46af8fe51c162b616378ab3e4e4149c75b1d	refs/heads/feat/0.4-guest-module-graph
57fe784bf3b92202f7b7ebd0e252f6517c8dec9b	refs/heads/feat/0.4-guest-modules
132ec03674702af49c25de28da14a86250cd2db0	refs/heads/feat/0.4-guest-type-imports
1a03d918d61bb83edc94190b6c20f99beb29256b	refs/heads/feat/0.4-native-assertions
721050f72829f8eef72e31e554f45af8f94370f9	refs/heads/feat/0.4-native-attributes
c5ca9b9440dfc0a394ede25f437b1e0e98bd9dd5	refs/heads/feat/0.4-native-collections
bdaf31b77dfd51d4c706b71a80a8171c9502cc0f	refs/heads/feat/0.4-native-compiler
adc4745b99aecf8c99e67274882b6b28c69465e3	refs/heads/feat/0.4-native-compiler-control
9c8385c209ffab1ac6debdf6f923baf378b0c700	refs/heads/feat/0.4-native-compiler-digest
922878d9dc7e906ce8802b99b8fa77a6cd34127f	refs/heads/feat/0.4-native-compiler-functions
a0f8119d07e681eb86965b956a521f3fc6431238	refs/heads/feat/0.4-native-compiler-locals
190adbbc8a2bb403ddccda52c63631d35883a563	refs/heads/feat/0.4-native-compiler-loops
fb6b31ba596149a0dc53306f8e91b97d1eef5e06	refs/heads/feat/0.4-native-compiler-nouns
b507cd3fd57c1ead151923c5d4d57e137beee53e	refs/heads/feat/0.4-native-compiler-scalars
e3f4e23630bd53b9537f970d86f38cef642d95a6	refs/heads/feat/0.4-native-compiler-tuples
c344b26f8e57bec8cb5a88f70f1cb1f68b1aad1b	refs/heads/feat/0.4-native-constants
3cf3bccdcc6ebe98fd1b47111087da7b9dc04426	refs/heads/feat/0.4-native-control
fc18f4cd598e20c5ccb088a0ba66a70c2c190b5e	refs/heads/feat/0.4-native-field-arrays
15f6c801a95f6d563fb99deb45d2dc017fe4e0df	refs/heads/feat/0.4-native-nominal-types
e32d59cbdf806f99bcc574996ebbdfc9a937caf8	refs/heads/feat/0.4-native-noun
894e9933d44d4a60793489876c3bb0d87dd050c9	refs/heads/feat/0.4-native-record-writes
34afe527372c8910d02a6039bf1509a8ea048d17	refs/heads/feat/0.4-native-source-inventory
50e6375bd9eb22c6617e70c2ffde45be27afee5c	refs/heads/feat/0.4-native-struct-values
57491633fbccb58ae44dca2da438ee31430be1bc	refs/heads/feat/0.4-reproducible-bootstrap
0fe4054c7f9c9dc0f88e853a16289a3358ccb7ab	refs/heads/feat/0.4-selfhost-body-scale
4ea518a3bc778f61c1775097bde2e111c4571d46	refs/heads/feat/0.4-sh0-inventory
c29984d1a2c4ffe9e374afdfc43152e3cf040810	refs/heads/feat/0.4-sh0-job-codec
e58cb03395aaff96aa3be63ba3dfd71db82a548e	refs/heads/feat/0.4-sh0-native-data
26cb5f246ba22caf9d0a13f73da0b433257a4603	refs/heads/feat/0.4-sh0-runtime
5a85da9f09c705f1f99927c472150109af2617c5	refs/heads/feat/0.4-source-capacity
4bbe399c85a5c5ef50e40791cc5f8da79e929071	refs/heads/feat/0.4-source-frame-chunking
a7b74dabc2fa38cdb031e97535d979a766ec1ea0	refs/heads/feat/0.4-supplied-compiler-selfbuild
f9382cb9c037d556968c189b94675219a1a1b994	refs/heads/feat/differential-harness
5470dfa960f3a40f4d4e0070a5f6319ba3967b69	refs/heads/feat/digest-index
28b507027e2fe78ec085cf054b04d169e03317a4	refs/heads/feat/field-to-stack
adce5130b29e1a50e5fb1ddef2078c57bcecfc74	refs/heads/feat/front-end-assignment
9e133e1b22075f24a5f9d737cc41e6572631800f	refs/heads/feat/lir-arm64-backend
f33cad8eafd9cbe3f6f0aa327e110e69b7f8b37e	refs/heads/feat/nox-cost
f425c593365cf57cf5ff0873cf56f6f4d9c34fc6	refs/heads/feat/nox-default-target
a54b9661aa41c5041d2e145f25eb90b34fd1568d	refs/heads/feat/nox-surface
16bfb236c9278676224371c55c4823c59b109174	refs/heads/feat/os-state-read
18229388418e12b848ef1f3c4b72a502b961fd62	refs/heads/feat/trinity-landing
88ca98c3bccf18ef4b17849b63596d84d7ce88a4	refs/heads/fix/0.4-block-expression-parsing
6e9fb45ff814ecd4c873e895f875e4730e93d184	refs/heads/fix/0.4-bounded-source-loading
c072f4f9bc2b90c0ba971d51d5ac48588ffba18b	refs/heads/fix/0.4-explicit-imports
e66d82a075d0492855943c473fa0f5951381bdf0	refs/heads/fix/0.4-final-callable-exports
aa053747c234a902bcb02778f1cff8063bb6bba0	refs/heads/fix/0.4-final-nominal-bindings
6ac228b0cd7a2868d3f1aa98e13b01dc606d6c4e	refs/heads/fix/0.4-native-byte-geometry
ab1e2c84e9d5924974dd2fc0f2deab55c82d316e	refs/heads/fix/0.4-native-indexed-reads
e865bce7d4e54b22cc05430c7625227b12fbc924	refs/heads/fix/0.4-native-wrapper-privacy
57491633fbccb58ae44dca2da438ee31430be1bc	refs/heads/fix/0.4-phased-bootstrap
c2234e3312add27e7aae8705bb681a2de9099d16	refs/heads/fix/0.4-resolved-halting-returns
25958e98bc193eb38e06213354030e6eeb6ca120	refs/heads/fix/0.4-soft3-resources
c5a29d51818e3d372db5d964d20da8e591c51c4c	refs/heads/fix/0.4-strict-module-paths
ce77387fe1ba38c461acb00f808f1c73a5d76405	refs/heads/fix/0.4-typed-constants
75f6fceff46e8c261f58bd4d263e3fa71ba37444	refs/heads/fix/0.4-unique-struct-initializers
fe253db67735d44002ce70770cc83a921ef42036	refs/heads/fix/0.4-zero-width-values
dc49a6b5aa02014937d4b6e7438347a0bc9cd960	refs/heads/fix/warrior-release
a2cbdd72597793b0c07b6282a5a30f7c9598a517	refs/heads/landing/download-local
1ec5d9b9d2b6f72e6d9b711e4a7b35bb4c7175bc	refs/heads/landing/gate-one-tongue-per-column
61f5889382ed7c04532451098b56adea70a9d907	refs/heads/landing/scroll-trigger
4afad2ed367aa774d865876628c40f31083e9569	refs/heads/landing/set-player
0cd25dff6934b0cfa258e6d29336d790799f319c	refs/heads/landing/trisha-gate
360b737e073ca2f969ab0c78460b4228bcac7b78	refs/heads/master
bf165139275767b25ae45d96d717ca614092dfb6	refs/heads/refactor/0.4-native-type-descriptors
da0d1a59cd8208fab96f219ccedef29122d5221a	refs/heads/release/0.4
e44a380347efd5ba8a40272c9c3f2fe0d536618a	refs/heads/test/0.4-native-compiler-arena
0556e787ddba5ea8845440c9776d2994dc875620	refs/heads/test/0.4-original-bootstrap-evidence
e57f2b4c6c6b7128e1cbbf80a77a0ccfcc8d33d7	refs/heads/test/0.4-proved-self-build
0451abcf573d54d18206396db7fc75354135cc5d	refs/heads/test/0.4-selfhost-acceptance
70ca2ec038305f2518e771a4f3bdbef872268a5d	refs/heads/test/0.4-source-transport-platforms
