2026-10-02T01:06:40.1732130Z Current runner version: '2.337.0'
2026-10-02T01:06:40.1763510Z ##[group]Runner Image Provisioner
2026-10-02T01:06:40.1764650Z Hosted Compute Agent
2026-10-02T01:06:40.1765460Z Version: 20260819.586
2026-10-02T01:06:40.1766350Z Commit: 3cc4a88dfa507ef76119ad1bb3eccc6378bb2b76
2026-10-02T01:06:40.1767400Z Build Date: 2026-08-18T23:20:18Z
2026-10-02T01:06:40.1768360Z Worker ID: {791dc469-0145-40ae-b36e-a7199cc9ca7f}
2026-10-02T01:06:40.1769390Z Azure Region: westus
2026-10-02T01:06:40.1770170Z ##[endgroup]
2026-10-02T01:06:40.1772530Z ##[group]Operating System
2026-10-02T01:06:40.1773390Z macOS
2026-10-02T01:06:40.1774060Z 15.7.9
2026-10-02T01:06:40.1774740Z 24G830
2026-10-02T01:06:40.1775430Z ##[endgroup]
2026-10-02T01:06:40.1776170Z ##[group]Runner Image
2026-10-02T01:06:40.1776970Z Image: macos-15
2026-10-02T01:06:40.1777710Z Version: 20260824.0482.1
2026-10-02T01:06:40.1779560Z Included Software: https://github.com/actions/runner-images/blob/macos-15/20260824.0482/images/macos/macos-15-Readme.md
2026-10-02T01:06:40.1782040Z Image Release: https://github.com/actions/runner-images/releases/tag/macos-15%2F20260824.0482
2026-10-02T01:06:40.1783590Z ##[endgroup]
2026-10-02T01:06:40.1785240Z ##[group]GITHUB_TOKEN Permissions
2026-10-02T01:06:40.1787600Z Contents: write
2026-10-02T01:06:40.1788390Z Metadata: read
2026-10-02T01:06:40.1789140Z ##[endgroup]
2026-10-02T01:06:40.1791900Z Secret source: Actions
2026-10-02T01:06:40.1793220Z Cache mode: write
2026-10-02T01:06:40.1794140Z Prepare workflow directory
2026-10-02T01:06:40.2275060Z Prepare all required actions
2026-10-02T01:06:40.2347490Z Getting action download info
2026-10-02T01:06:40.6746900Z Download action repository 'actions/checkout@11d5960a326750d5838078e36cf38b85af677262' (SHA:11d5960a326750d5838078e36cf38b85af677262)
2026-10-02T01:06:41.0894220Z Download action repository 'actions/setup-python@ece7cb06caefa5fff74198d8649806c4678c61a1' (SHA:ece7cb06caefa5fff74198d8649806c4678c61a1)
2026-10-02T01:06:41.4873670Z Download action repository 'actions/upload-artifact@ea165f8d65b6e75b540449e92b4886f43607fa02' (SHA:ea165f8d65b6e75b540449e92b4886f43607fa02)
2026-10-02T01:06:41.9258600Z Complete job name: native (macos-15-intel, x86_64-apple-darwin)
2026-10-02T01:06:42.0348560Z ##[group]Run actions/checkout@11d5960a326750d5838078e36cf38b85af677262
2026-10-02T01:06:42.0350630Z with:
2026-10-02T01:06:42.0351430Z   persist-credentials: false
2026-10-02T01:06:42.0352370Z   repository: cyberia-to/trisha
2026-10-02T01:06:42.0359940Z   token: ***
2026-10-02T01:06:42.0360710Z   ssh-strict: true
2026-10-02T01:06:42.0361490Z   ssh-user: git
2026-10-02T01:06:42.0362260Z   clean: true
2026-10-02T01:06:42.0363060Z   sparse-checkout-cone-mode: true
2026-10-02T01:06:42.0364010Z   fetch-depth: 1
2026-10-02T01:06:42.0364790Z   fetch-tags: false
2026-10-02T01:06:42.0365600Z   show-progress: true
2026-10-02T01:06:42.0366420Z   lfs: false
2026-10-02T01:06:42.0367170Z   submodules: false
2026-10-02T01:06:42.0367980Z   set-safe-directory: true
2026-10-02T01:06:42.0368910Z   allow-unsafe-pr-checkout: false
2026-10-02T01:06:42.0370790Z ##[endgroup]
2026-10-02T01:06:43.7684850Z Syncing repository: cyberia-to/trisha
2026-10-02T01:06:43.7688970Z ##[group]Getting Git version info
2026-10-02T01:06:43.7690610Z Working directory is '/Users/runner/work/trisha/trisha'
2026-10-02T01:06:43.7692640Z [command]/usr/local/bin/git version
2026-10-02T01:06:43.7914130Z git version 2.55.0
2026-10-02T01:06:43.7945620Z ##[endgroup]
2026-10-02T01:06:43.7965790Z Copying '/Users/runner/.gitconfig' to '/Users/runner/work/_temp/d52cdab7-f665-40e6-8fda-652943492aea/.gitconfig'
2026-10-02T01:06:43.7985340Z Temporarily overriding HOME='/Users/runner/work/_temp/d52cdab7-f665-40e6-8fda-652943492aea' before making global git config changes
2026-10-02T01:06:43.7988410Z Adding repository directory to the temporary git global config as a safe directory
2026-10-02T01:06:43.7993490Z [command]/usr/local/bin/git config --global --add safe.directory /Users/runner/work/trisha/trisha
2026-10-02T01:06:43.8142350Z Deleting the contents of '/Users/runner/work/trisha/trisha'
2026-10-02T01:06:43.8150090Z ##[group]Initializing the repository
2026-10-02T01:06:43.8157490Z [command]/usr/local/bin/git init /Users/runner/work/trisha/trisha
2026-10-02T01:06:43.8600630Z hint: Using 'master' as the name for the initial branch. This default branch name
2026-10-02T01:06:43.8604330Z hint: will change to "main" in Git 3.0. To configure the initial branch name
2026-10-02T01:06:43.8607630Z hint: to use in all of your new repositories, which will suppress this warning,
2026-10-02T01:06:43.8610370Z hint: call:
2026-10-02T01:06:43.8611940Z hint:
2026-10-02T01:06:43.8613260Z hint: 	git config --global init.defaultBranch <name>
2026-10-02T01:06:43.8614720Z hint:
2026-10-02T01:06:43.8616010Z hint: Names commonly chosen instead of 'master' are 'main', 'trunk' and
2026-10-02T01:06:43.8618070Z hint: 'development'. The just-created branch can be renamed via this command:
2026-10-02T01:06:43.8619760Z hint:
2026-10-02T01:06:43.8620730Z hint: 	git branch -m <name>
2026-10-02T01:06:43.8621870Z hint:
2026-10-02T01:06:43.8623270Z hint: Disable this message with "git config set advice.defaultBranchName false"
2026-10-02T01:06:43.8625910Z Initialized empty Git repository in /Users/runner/work/trisha/trisha/.git/
2026-10-02T01:06:43.8629860Z [command]/usr/local/bin/git remote add origin https://github.com/cyberia-to/trisha
2026-10-02T01:06:43.8772080Z ##[endgroup]
2026-10-02T01:06:43.8773790Z ##[group]Disabling automatic garbage collection
2026-10-02T01:06:43.8777270Z [command]/usr/local/bin/git config --local gc.auto 0
2026-10-02T01:06:43.8902540Z ##[endgroup]
2026-10-02T01:06:43.8904640Z ##[group]Setting up auth
2026-10-02T01:06:43.8910770Z [command]/usr/local/bin/git config --local --name-only --get-regexp core\.sshCommand
2026-10-02T01:06:43.9029450Z [command]/usr/local/bin/git submodule foreach --recursive sh -c "git config --local --name-only --get-regexp 'core\.sshCommand' && git config --local --unset-all 'core.sshCommand' || :"
2026-10-02T01:06:44.0826090Z [command]/usr/local/bin/git config --local --name-only --get-regexp http\.https\:\/\/github\.com\/\.extraheader
2026-10-02T01:06:44.0961890Z [command]/usr/local/bin/git submodule foreach --recursive sh -c "git config --local --name-only --get-regexp 'http\.https\:\/\/github\.com\/\.extraheader' && git config --local --unset-all 'http.https://github.com/.extraheader' || :"
2026-10-02T01:06:44.2730090Z [command]/usr/local/bin/git config --local --name-only --get-regexp ^includeIf\.gitdir:
2026-10-02T01:06:44.2861970Z [command]/usr/local/bin/git submodule foreach --recursive git config --local --show-origin --name-only --get-regexp remote.origin.url
2026-10-02T01:06:44.4708600Z [command]/usr/local/bin/git config --local http.https://github.com/.extraheader AUTHORIZATION: basic ***
2026-10-02T01:06:44.4850540Z ##[endgroup]
2026-10-02T01:06:44.4853030Z ##[group]Fetching the repository
2026-10-02T01:06:44.4868310Z [command]/usr/local/bin/git -c protocol.version=2 fetch --no-tags --prune --no-recurse-submodules --depth=1 origin +c94da47247457f9e819c2682e74d34f5f1756f62:refs/remotes/origin/test/0.4-native-distribution-20261002
2026-10-02T01:06:47.6793900Z From https://github.com/cyberia-to/trisha
2026-10-02T01:06:47.6799260Z  * [new ref]         c94da47247457f9e819c2682e74d34f5f1756f62 -> origin/test/0.4-native-distribution-20261002
2026-10-02T01:06:47.6804540Z ##[endgroup]
2026-10-02T01:06:47.6807120Z ##[group]Determining the checkout info
2026-10-02T01:06:47.6809250Z ##[endgroup]
2026-10-02T01:06:47.6815690Z [command]/usr/local/bin/git sparse-checkout disable
2026-10-02T01:06:47.6958470Z [command]/usr/local/bin/git config --local --unset-all extensions.worktreeConfig
2026-10-02T01:06:47.7076350Z ##[group]Checking out the ref
2026-10-02T01:06:47.7083000Z [command]/usr/local/bin/git checkout --progress --force -B test/0.4-native-distribution-20261002 refs/remotes/origin/test/0.4-native-distribution-20261002
2026-10-02T01:06:48.9173230Z Updating files:  66% (513/769)
2026-10-02T01:06:49.0668970Z Updating files:  67% (516/769)
2026-10-02T01:06:49.1610950Z Updating files:  68% (523/769)
2026-10-02T01:06:49.1742560Z Updating files:  69% (531/769)
2026-10-02T01:06:49.1802580Z Updating files:  70% (539/769)
2026-10-02T01:06:49.1888260Z Updating files:  71% (546/769)
2026-10-02T01:06:49.1958220Z Updating files:  72% (554/769)
2026-10-02T01:06:49.2011350Z Updating files:  73% (562/769)
2026-10-02T01:06:49.2064170Z Updating files:  74% (570/769)
2026-10-02T01:06:49.2114640Z Updating files:  75% (577/769)
2026-10-02T01:06:49.2156900Z Updating files:  76% (585/769)
2026-10-02T01:06:49.2175530Z Updating files:  77% (593/769)
2026-10-02T01:06:49.2282540Z Updating files:  78% (600/769)
2026-10-02T01:06:49.2314920Z Updating files:  79% (608/769)
2026-10-02T01:06:49.3125910Z Updating files:  80% (616/769)
2026-10-02T01:06:49.3508730Z Updating files:  81% (623/769)
2026-10-02T01:06:49.3582010Z Updating files:  82% (631/769)
2026-10-02T01:06:49.3585040Z Updating files:  83% (639/769)
2026-10-02T01:06:49.3587480Z Updating files:  84% (646/769)
2026-10-02T01:06:49.3589940Z Updating files:  85% (654/769)
2026-10-02T01:06:49.3592900Z Updating files:  86% (662/769)
2026-10-02T01:06:49.3595340Z Updating files:  87% (670/769)
2026-10-02T01:06:49.3597700Z Updating files:  88% (677/769)
2026-10-02T01:06:49.3600240Z Updating files:  89% (685/769)
2026-10-02T01:06:49.3602430Z Updating files:  90% (693/769)
2026-10-02T01:06:49.3606430Z Updating files:  91% (700/769)
2026-10-02T01:06:49.3609350Z Updating files:  92% (708/769)
2026-10-02T01:06:49.3612670Z Updating files:  93% (716/769)
2026-10-02T01:06:49.3615190Z Updating files:  94% (723/769)
2026-10-02T01:06:49.3617350Z Updating files:  95% (731/769)
2026-10-02T01:06:49.3619590Z Updating files:  96% (739/769)
2026-10-02T01:06:49.3621750Z Updating files:  97% (746/769)
2026-10-02T01:06:49.3623950Z Updating files:  98% (754/769)
2026-10-02T01:06:49.3626190Z Updating files:  99% (762/769)
2026-10-02T01:06:49.3628340Z Updating files: 100% (769/769)
2026-10-02T01:06:49.3630630Z Updating files: 100% (769/769), done.
2026-10-02T01:06:49.3633470Z Switched to a new branch 'test/0.4-native-distribution-20261002'
2026-10-02T01:06:49.3639080Z branch 'test/0.4-native-distribution-20261002' set up to track 'origin/test/0.4-native-distribution-20261002'.
2026-10-02T01:06:49.3656070Z ##[endgroup]
2026-10-02T01:06:49.3664440Z [command]/usr/local/bin/git log -1 --format=%H
2026-10-02T01:06:49.3667670Z c94da47247457f9e819c2682e74d34f5f1756f62
2026-10-02T01:06:49.3676840Z ##[group]Removing auth
2026-10-02T01:06:49.3680430Z [command]/usr/local/bin/git config --local --name-only --get-regexp core\.sshCommand
2026-10-02T01:06:49.3870250Z [command]/usr/local/bin/git submodule foreach --recursive sh -c "git config --local --name-only --get-regexp 'core\.sshCommand' && git config --local --unset-all 'core.sshCommand' || :"
2026-10-02T01:06:49.5921540Z [command]/usr/local/bin/git config --local --name-only --get-regexp http\.https\:\/\/github\.com\/\.extraheader
2026-10-02T01:06:49.6063540Z http.https://github.com/.extraheader
2026-10-02T01:06:49.6114320Z [command]/usr/local/bin/git config --local --unset-all http.https://github.com/.extraheader
2026-10-02T01:06:49.6227050Z [command]/usr/local/bin/git submodule foreach --recursive sh -c "git config --local --name-only --get-regexp 'http\.https\:\/\/github\.com\/\.extraheader' && git config --local --unset-all 'http.https://github.com/.extraheader' || :"
2026-10-02T01:06:49.8138700Z [command]/usr/local/bin/git config --local --name-only --get-regexp ^includeIf\.gitdir:
2026-10-02T01:06:49.8299310Z [command]/usr/local/bin/git submodule foreach --recursive git config --local --show-origin --name-only --get-regexp remote.origin.url
2026-10-02T01:06:50.1483400Z ##[endgroup]
2026-10-02T01:06:50.2028990Z ##[group]Run actions/setup-python@ece7cb06caefa5fff74198d8649806c4678c61a1
2026-10-02T01:06:50.2030360Z with:
2026-10-02T01:06:50.2030960Z   python-version: 3.13.15
2026-10-02T01:06:50.2031710Z   check-latest: false
2026-10-02T01:06:50.2038810Z   token: ***
2026-10-02T01:06:50.2039290Z   update-environment: true
2026-10-02T01:06:50.2041040Z   allow-prereleases: false
2026-10-02T01:06:50.2041810Z   freethreaded: false
2026-10-02T01:06:50.2042500Z ##[endgroup]
2026-10-02T01:06:50.4643460Z ##[group]Installed versions
2026-10-02T01:06:50.4733300Z Successfully set up CPython (3.13.15)
2026-10-02T01:06:50.4737280Z ##[endgroup]
2026-10-02T01:06:50.4962740Z ##[group]Run python3 -B scripts/native-candidate.py
2026-10-02T01:06:50.4963800Z [36;1mpython3 -B scripts/native-candidate.py[0m
2026-10-02T01:06:50.5108410Z shell: /bin/bash --noprofile --norc -e -o pipefail {0}
2026-10-02T01:06:50.5109250Z env:
2026-10-02T01:06:50.5109980Z   pythonLocation: /Users/runner/hostedtoolcache/Python/3.13.15/x64
2026-10-02T01:06:50.5111250Z   PKG_CONFIG_PATH: /Users/runner/hostedtoolcache/Python/3.13.15/x64/lib/pkgconfig
2026-10-02T01:06:50.5112540Z   Python_ROOT_DIR: /Users/runner/hostedtoolcache/Python/3.13.15/x64
2026-10-02T01:06:50.5113720Z   Python2_ROOT_DIR: /Users/runner/hostedtoolcache/Python/3.13.15/x64
2026-10-02T01:06:50.5114870Z   Python3_ROOT_DIR: /Users/runner/hostedtoolcache/Python/3.13.15/x64
2026-10-02T01:06:50.5121090Z   GH_TOKEN: ***
2026-10-02T01:06:50.5121640Z   RELEASE_TARGET: x86_64-apple-darwin
2026-10-02T01:06:50.5122310Z ##[endgroup]
2026-10-02T01:07:41.1435350Z Running: /Library/Frameworks/Python.framework/Versions/3.13/bin/python3 -B /Users/runner/work/_temp/cyber-candidate/unpacked/cyber-source/trisha/scripts/verify-source.py /Users/runner/work/_temp/cyber-candidate/unpacked/cyber-source
2026-10-02T01:07:47.0472990Z Running: /Library/Frameworks/Python.framework/Versions/3.13/bin/python3 -B /Users/runner/work/_temp/cyber-candidate/unpacked/cyber-source/trisha/scripts/selfhost-kit.py unpack --archive /Users/runner/work/_temp/cyber-candidate/selfhost-kit.tar.gz --sha256 a3052d95c3de6d622157988a8e74826b2f0140724a634298458c3d75f6b508bd --trident /Users/runner/work/_temp/cyber-candidate/unpacked/cyber-source/trident --output /Users/runner/work/_temp/cyber-candidate/selfhost-kit
2026-10-02T01:07:53.3576880Z Running: /Users/runner/work/_temp/cyber-candidate/z3/z3-4.15.3-x64-osx-13.7.6/bin/z3 --version
2026-10-02T01:07:53.4086610Z Running: rustup toolchain install 1.89.0 --profile minimal
2026-10-02T01:08:10.8282480Z Running: /Users/runner/work/_temp/cyber-candidate/nu/nu-0.112.2-x86_64-apple-darwin/nu --no-config-file /Users/runner/work/_temp/cyber-candidate/unpacked/cyber-source/trisha/scripts/build-candidate.nu /Users/runner/work/_temp/cyber-candidate/unpacked/cyber-source /Users/runner/work/_temp/cyber-candidate/candidate
2026-10-02T01:41:41.4345390Z Running: /Library/Frameworks/Python.framework/Versions/3.13/bin/python3 -B /Users/runner/work/_temp/cyber-candidate/unpacked/cyber-source/trisha/scripts/selfhost-kit.py smoke --kit /Users/runner/work/_temp/cyber-candidate/selfhost-kit --joy /Users/runner/work/_temp/cyber-candidate/candidate/bin/joy --trident /Users/runner/work/_temp/cyber-candidate/unpacked/cyber-source/trident --output /Users/runner/work/trisha/trisha/release-results/installed-selfhost-smoke
2026-10-02T01:41:56.6133440Z Running: cargo test --manifest-path /Users/runner/work/_temp/cyber-candidate/unpacked/cyber-source/trident/Cargo.toml --release --locked --no-fail-fast --workspace -- --test-threads=1
2026-10-02T04:57:04.6429640Z Running: cargo test --manifest-path /Users/runner/work/_temp/cyber-candidate/unpacked/cyber-source/trisha/Cargo.toml --release --locked --no-fail-fast -p trisha -p trisha-rs -p trisha-neptune -p trisha-honeycrisp -- --test-threads=1
2026-10-02T05:01:15.6772020Z Running: cargo test --manifest-path /Users/runner/work/_temp/cyber-candidate/unpacked/cyber-source/joy/Cargo.toml --release --locked --no-fail-fast --workspace -- --test-threads=1
2026-10-02T05:04:06.1066410Z Running: /Library/Frameworks/Python.framework/Versions/3.13/bin/python3 -B /Users/runner/work/_temp/cyber-candidate/unpacked/cyber-source/joy/scripts/smoke-native.py --joy /Users/runner/work/_temp/cyber-candidate/candidate/bin/joy --fixtures /Users/runner/work/_temp/cyber-candidate/candidate/share/trisha-release-smoke --output /Users/runner/work/trisha/trisha/release-results/joy-native-smoke
2026-10-02T05:04:21.0285050Z Running: /Library/Frameworks/Python.framework/Versions/3.13/bin/python3 -B /Users/runner/work/_temp/cyber-candidate/unpacked/cyber-source/trisha/audit/native-installed-probes.py /Users/runner/work/_temp/cyber-candidate/candidate /Users/runner/work/trisha/trisha/release-results/native-process-files.json
2026-10-02T05:04:27.3900300Z Running: cargo test --manifest-path /Users/runner/work/_temp/cyber-candidate/unpacked/cyber-source/trisha/Cargo.toml --release --locked -p trisha --test deploy_transaction genuine_transaction_prepare_and_mock_gateway_process -- --ignored --exact --test-threads=1
2026-10-02T05:04:29.2331300Z Running: /Users/runner/work/_temp/cyber-candidate/candidate/bin/trisha build /Users/runner/work/_temp/cyber-candidate/unpacked/cyber-source/trisha/neptune/tests/fixtures/custom_lock.tri --target neptune --profile release --output /Users/runner/work/trisha/trisha/release-results/neptune-lock.tasm
2026-10-02T05:04:29.2992910Z Running: cargo test --manifest-path /Users/runner/work/_temp/cyber-candidate/unpacked/cyber-source/trisha/Cargo.toml --release --locked -p trisha-neptune --test deployment genuine_custom_lock_transaction_and_binding_mutations -- --ignored --exact --test-threads=1
2026-10-02T05:04:30.7262150Z Running: /Users/runner/work/_temp/cyber-candidate/candidate/bin/trisha bench /Users/runner/work/_temp/cyber-candidate/unpacked/cyber-source/trisha/baselines/triton
2026-10-02T05:05:10.9732870Z Running: /Users/runner/work/_temp/cyber-candidate/nu/nu-0.112.2-x86_64-apple-darwin/nu --no-config-file /Users/runner/work/_temp/cyber-candidate/unpacked/cyber-source/trisha/scripts/smoke-release.nu /Users/runner/work/_temp/cyber-candidate/candidate/bin /Users/runner/work/_temp/cyber-candidate/smoke пробел
2026-10-02T05:15:26.4254960Z Running: /Library/Frameworks/Python.framework/Versions/3.13/bin/python3 -B /Users/runner/work/_temp/cyber-candidate/unpacked/cyber-source/trisha/scripts/verify-corpus.py /Users/runner/work/_temp/cyber-candidate/smoke пробел --seal
2026-10-02T05:15:28.8932470Z Running: /Library/Frameworks/Python.framework/Versions/3.13/bin/python3 -B /Users/runner/work/_temp/cyber-candidate/unpacked/cyber-source/trisha/scripts/verify-corpus.py /Users/runner/work/_temp/cyber-candidate/smoke пробел --candidate /Users/runner/work/_temp/cyber-candidate/candidate --receipt /Users/runner/work/trisha/trisha/release-results/local-corpus-verification.json
2026-10-02T05:15:43.2705040Z Running: /Users/runner/work/_temp/cyber-candidate/nu/nu-0.112.2-x86_64-apple-darwin/nu --no-config-file /Users/runner/work/_temp/cyber-candidate/unpacked/cyber-source/trisha/scripts/package-binaries.nu /Users/runner/work/_temp/cyber-candidate/candidate /Users/runner/work/trisha/trisha/release-results/cyber-tools-x86_64-apple-darwin.tar.gz --smoke /Users/runner/work/_temp/cyber-candidate/smoke пробел/smoke.json --selfhost-kit /Users/runner/work/_temp/cyber-candidate/selfhost-kit.tar.gz --selfhost-kit-sha256 a3052d95c3de6d622157988a8e74826b2f0140724a634298458c3d75f6b508bd --selfhost-smoke /Users/runner/work/trisha/trisha/release-results/installed-selfhost-smoke/receipt.json
2026-10-02T05:16:08.4750440Z Running: /Users/runner/work/_temp/cyber-candidate/nu/nu-0.112.2-x86_64-apple-darwin/nu --no-config-file /Users/runner/work/_temp/cyber-candidate/unpacked/cyber-source/trisha/scripts/package-binaries.nu /Users/runner/work/_temp/cyber-candidate/candidate /Users/runner/work/_temp/cyber-candidate/repacked.tar.gz --smoke /Users/runner/work/_temp/cyber-candidate/smoke пробел/smoke.json --selfhost-kit /Users/runner/work/_temp/cyber-candidate/selfhost-kit.tar.gz --selfhost-kit-sha256 a3052d95c3de6d622157988a8e74826b2f0140724a634298458c3d75f6b508bd --selfhost-smoke /Users/runner/work/trisha/trisha/release-results/installed-selfhost-smoke/receipt.json
2026-10-02T05:16:22.6249020Z Running: /Library/Frameworks/Python.framework/Versions/3.13/bin/python3 -B /Users/runner/work/_temp/cyber-candidate/unpacked/cyber-source/trisha/scripts/selfhost-kit.py smoke --kit /Users/runner/work/_temp/cyber-candidate/installed/cyber-tools/share/trident-selfhost --joy /Users/runner/work/_temp/cyber-candidate/installed/cyber-tools/bin/joy --trident /Users/runner/work/_temp/cyber-candidate/unpacked/cyber-source/trident --output /Users/runner/work/trisha/trisha/release-results/unpacked-selfhost-smoke
2026-10-02T05:16:38.0906360Z Running: /Library/Frameworks/Python.framework/Versions/3.13/bin/python3 -B /Users/runner/work/_temp/cyber-candidate/unpacked/cyber-source/trisha/scripts/smoke-lsp.py /Users/runner/work/_temp/cyber-candidate/installed/cyber-tools/bin/trident-lsp
2026-10-02T05:16:38.3408190Z Running: /Library/Frameworks/Python.framework/Versions/3.13/bin/python3 -B /Users/runner/work/_temp/cyber-candidate/unpacked/cyber-source/trisha/scripts/archive-source.py /Users/runner/work/_temp/cyber-candidate/smoke пробел /Users/runner/work/trisha/trisha/release-results/proof-corpus-x86_64-apple-darwin.tar.gz --prefix proof-corpus --epoch 0
2026-10-02T05:16:41.5828130Z ##[group]Run actions/upload-artifact@ea165f8d65b6e75b540449e92b4886f43607fa02
2026-10-02T05:16:41.5829510Z with:
2026-10-02T05:16:41.5829980Z   name: candidate-x86_64-apple-darwin
2026-10-02T05:16:41.5830880Z   path: release-results/
2026-10-02T05:16:41.5831420Z   if-no-files-found: error
2026-10-02T05:16:41.5832560Z   retention-days: 30
2026-10-02T05:16:41.5833620Z   compression-level: 6
2026-10-02T05:16:41.5834120Z   overwrite: false
2026-10-02T05:16:41.5835090Z   include-hidden-files: false
2026-10-02T05:16:41.5836150Z env:
2026-10-02T05:16:41.5837120Z   pythonLocation: /Users/runner/hostedtoolcache/Python/3.13.15/x64
2026-10-02T05:16:41.5838440Z   PKG_CONFIG_PATH: /Users/runner/hostedtoolcache/Python/3.13.15/x64/lib/pkgconfig
2026-10-02T05:16:41.5840380Z   Python_ROOT_DIR: /Users/runner/hostedtoolcache/Python/3.13.15/x64
2026-10-02T05:16:41.5842090Z   Python2_ROOT_DIR: /Users/runner/hostedtoolcache/Python/3.13.15/x64
2026-10-02T05:16:41.5849460Z   Python3_ROOT_DIR: /Users/runner/hostedtoolcache/Python/3.13.15/x64
2026-10-02T05:16:41.5908780Z ##[endgroup]
2026-10-02T05:16:42.3568940Z (node:62678) [DEP0040] DeprecationWarning: The `punycode` module is deprecated. Please use a userland alternative instead.
2026-10-02T05:16:42.3599420Z (Use `node --trace-deprecation ...` to show where the warning was created)
2026-10-02T05:16:42.5083140Z With the provided path, there will be 267 files uploaded
2026-10-02T05:16:42.5085530Z Artifact name is valid!
2026-10-02T05:16:42.5086390Z Root directory input is valid!
2026-10-02T05:16:42.9390960Z Beginning upload of artifact content to blob storage
2026-10-02T05:16:43.4145810Z (node:62678) [DEP0169] DeprecationWarning: `url.parse()` behavior is not standardized and prone to errors that have security implications. Use the WHATWG URL API instead. CVEs are not issued for `url.parse()` vulnerabilities.
2026-10-02T05:16:44.6014450Z Uploaded bytes 8388608
2026-10-02T05:16:45.0741210Z Uploaded bytes 16777216
2026-10-02T05:16:45.2536950Z Uploaded bytes 25165824
2026-10-02T05:16:46.3992990Z Uploaded bytes 33554432
2026-10-02T05:16:46.5808880Z Uploaded bytes 41943040
2026-10-02T05:16:47.0779470Z Uploaded bytes 50331648
2026-10-02T05:16:47.4471080Z Uploaded bytes 58720256
2026-10-02T05:16:47.8163630Z Uploaded bytes 67108864
2026-10-02T05:16:48.2265610Z Uploaded bytes 75497472
2026-10-02T05:16:48.6379810Z Uploaded bytes 81034111
2026-10-02T05:16:48.7128640Z Finished uploading artifact content to blob storage!
2026-10-02T05:16:48.7133270Z SHA256 digest of uploaded artifact zip is f6fb3d7e21ff723c1af5a3909e823518c48eae7a2a83a4466f2347efd306dc8c
2026-10-02T05:16:48.7135450Z Finalizing artifact upload
2026-10-02T05:16:49.1484850Z Artifact candidate-x86_64-apple-darwin.zip successfully finalized. Artifact ID 11210078256
2026-10-02T05:16:49.1486730Z Artifact candidate-x86_64-apple-darwin has been successfully uploaded! Final size is 81034111 bytes. Artifact ID is 11210078256
2026-10-02T05:16:49.1503610Z Artifact download URL: https://github.com/cyberia-to/trisha/actions/runs/36949324686/artifacts/11210078256
2026-10-02T05:16:49.1888030Z Post job cleanup.
2026-10-02T05:16:49.4346210Z Post job cleanup.
2026-10-02T05:16:49.6207260Z [command]/usr/local/bin/git version
2026-10-02T05:16:49.6938490Z git version 2.55.0
2026-10-02T05:16:49.6980760Z Copying '/Users/runner/.gitconfig' to '/Users/runner/work/_temp/74fe90c5-8c95-41b7-beba-7dfe9b318ab0/.gitconfig'
2026-10-02T05:16:49.7001110Z Temporarily overriding HOME='/Users/runner/work/_temp/74fe90c5-8c95-41b7-beba-7dfe9b318ab0' before making global git config changes
2026-10-02T05:16:49.7003050Z Adding repository directory to the temporary git global config as a safe directory
2026-10-02T05:16:49.7009330Z [command]/usr/local/bin/git config --global --add safe.directory /Users/runner/work/trisha/trisha
2026-10-02T05:16:49.7170240Z [command]/usr/local/bin/git config --local --name-only --get-regexp core\.sshCommand
2026-10-02T05:16:49.7289550Z [command]/usr/local/bin/git submodule foreach --recursive sh -c "git config --local --name-only --get-regexp 'core\.sshCommand' && git config --local --unset-all 'core.sshCommand' || :"
2026-10-02T05:16:49.9211410Z [command]/usr/local/bin/git config --local --name-only --get-regexp http\.https\:\/\/github\.com\/\.extraheader
2026-10-02T05:16:49.9315280Z [command]/usr/local/bin/git submodule foreach --recursive sh -c "git config --local --name-only --get-regexp 'http\.https\:\/\/github\.com\/\.extraheader' && git config --local --unset-all 'http.https://github.com/.extraheader' || :"
2026-10-02T05:16:50.0791930Z [command]/usr/local/bin/git config --local --name-only --get-regexp ^includeIf\.gitdir:
2026-10-02T05:16:50.0912990Z [command]/usr/local/bin/git submodule foreach --recursive git config --local --show-origin --name-only --get-regexp remote.origin.url
2026-10-02T05:16:50.2492230Z Cleaning up orphan processes
2026-10-02T05:16:50.5148500Z ##[warning]Node.js 20 is deprecated. The following actions target Node.js 20 but are being forced to run on Node.js 24: actions/checkout@11d5960a326750d5838078e36cf38b85af677262, actions/upload-artifact@ea165f8d65b6e75b540449e92b4886f43607fa02. For more information see: https://github.blog/changelog/2025-09-19-deprecation-of-node-20-on-github-actions-runners/
