6014011d831915b0010d37a33f6f5db6d4ac1de2	refs/heads/chore/0.2.0
f8047c22cc6075d5171c0fbe520174e78e94ccb6	refs/heads/chore/0.4-prefix-frontier
f8807c5a5b173c286b23d3125ac9ec480a2669b5	refs/heads/chore/coordinated-release-20260916
f472e192b8c1c6d4211c4f7c8e703acb933001f9	refs/heads/feat/0.4-arena-limits
1eaa8a494f994e4da6b20509469c1e62624f3f2d	refs/heads/feat/0.4-bounded-compaction
13b4c2ee71b3f3e205ddc9ad30d1476b86a7ccc5	refs/heads/feat/0.4-bounded-pure-memo
eb50b06664a44967fb75e48cd7f3104e99f05b91	refs/heads/feat/0.4-canonical-artifacts
c9f7486a74fe81bfc194b598da40f6343ecb2ef1	refs/heads/feat/0.4-heap-arena
97609a7fcd2c03d812941c4a60d5f37917e47bbf	refs/heads/feat/0.4-observer-arena-snapshots
84e35daab2a9af066c5d8ec85f73837083fbc1df	refs/heads/feat/0.4-semantic-observer
b77ef51a11ae17186f255655992d81d353f68698	refs/heads/feat/0.4-sequential-frames
32cfd0d3ef6b02cf0f4bb0c9018938ca8a1cac44	refs/heads/fix/call-row-value-not-order
1decbe8c9f8c806a2c3dfb26ad48fc60f42ca69e	refs/heads/fix/jet-input-admission
1f2d9ef0af36392e24e761e9ac823e9dff87ab81	refs/heads/fix/node-dependency-nox
0674578df5b68fb125fc3b477c0ce6f8e6bd9c11	refs/heads/launch/123-nox-jet-shift-bound
c3f2e985749175f8052a854dade997df69dc88a0	refs/heads/launch/123-nox-probe
51dd3eb97958fc44335b0f2e214d42452c3b44e9	refs/heads/launch/166-nox-fri-fold-shift-bound
59ef454d9fda5d326e72b07baa3b8328b3f05511	refs/heads/launch/187-merkle-verify-depth-budget
ec776383d6074753c8196d05898aff9e13a32872	refs/heads/launch/198-nox-print-data-recursion
bc0172f75d77e01c8cf9b34a19ae275655c12547	refs/heads/launch/211-cover-cost-sync
592cded81a589dece3e7763c1df8bafe6928531c	refs/heads/launch/212-cover-hash
a87fbd3e78c02e458ae3214648c1583f4bb08d4c	refs/heads/launch/213-cover-reduction
964d4452282d1f204fdecfe7af157ac56fab7a62	refs/heads/launch/218-particle-of-pair-canonical
3977aa0b46dcd42485d8255df8e34fab3989467d	refs/heads/launch/40-decider-jet-trusts-hint
2612673cae64239cb3511b13027d9ffaba77f48e	refs/heads/master
2f09ca3c3f18ae470365310cca8db5208eda75c6	refs/heads/release/0.4
